172.19.144.1 - - [02/Sep/2025:02:55:52 +0000] "GET /root/devsecops/-/pipelines/104/stage.json?stage=build&retried=1 HTTP/1.1" 200 1058 "http://172.19.149.236:8099/root/devsecops/-/jobs/286" "Mozilla/5.0 (Windows NT 10.0; Win64; x64) AppleWebKit/537.36 (KHTML, like Gecko) Chrome/139.0.0.0 Safari/537.36" 3.35
172.18.0.1 - - [02/Sep/2025:02:55:52 +0000] "POST /api/v4/jobs/request HTTP/1.1" 201 9998 "" "gitlab-runner 18.3.0 (18-3-stable; go1.24.4 X:cacheprog; linux/amd64)" -
172.18.0.1 - - [02/Sep/2025:02:55:55 +0000] "PATCH /api/v4/jobs/286/trace?debug_trace=false HTTP/1.1" 202 2 "" "gitlab-runner 18.3.0 (18-3-stable; go1.24.4 X:cacheprog; linux/amd64)" -
172.19.144.1 - - [02/Sep/2025:02:55:56 +0000] "GET /root/devsecops/-/jobs/286/trace HTTP/1.1" 200 605 "http://172.19.149.236:8099/root/devsecops/-/jobs/286" "Mozilla/5.0 (Windows NT 10.0; Win64; x64) AppleWebKit/537.36 (KHTML, like Gecko) Chrome/139.0.0.0 Safari/537.36" 1.88
172.19.144.1 - - [02/Sep/2025:02:55:59 +0000] "GET /root/devsecops/-/jobs/286 HTTP/1.1" 200 10168 "http://172.19.149.236:8099/root/devsecops/-/jobs/286" "Mozilla/5.0 (Windows NT 10.0; Win64; x64) AppleWebKit/537.36 (KHTML, like Gecko) Chrome/139.0.0.0 Safari/537.36" 3.80
172.19.144.1 - - [02/Sep/2025:02:55:59 +0000] "GET /-/cable HTTP/1.1" 101 2045 "" "Mozilla/5.0 (Windows NT 10.0; Win64; x64) AppleWebKit/537.36 (KHTML, like Gecko) Chrome/139.0.0.0 Safari/537.36" -
172.19.144.1 - - [02/Sep/2025:02:55:59 +0000] "POST /api/graphql HTTP/1.1" 200 191 "http://172.19.149.236:8099/root/devsecops/-/jobs/286" "Mozilla/5.0 (Windows NT 10.0; Win64; x64) AppleWebKit/537.36 (KHTML, like Gecko) Chrome/139.0.0.0 Safari/537.36" -
172.19.144.1 - - [02/Sep/2025:02:55:59 +0000] "POST /-/collect_events HTTP/1.1" 200 0 "http://172.19.149.236:8099/root/devsecops/-/jobs/286" "Mozilla/5.0 (Windows NT 10.0; Win64; x64) AppleWebKit/537.36 (KHTML, like Gecko) Chrome/139.0.0.0 Safari/537.36" -
172.19.144.1 - - [02/Sep/2025:02:55:59 +0000] "POST /-/collect_events HTTP/1.1" 200 0 "http://172.19.149.236:8099/root/devsecops/-/jobs/286" "Mozilla/5.0 (Windows NT 10.0; Win64; x64) AppleWebKit/537.36 (KHTML, like Gecko) Chrome/139.0.0.0 Safari/537.36" -
172.19.144.1 - - [02/Sep/2025:02:55:59 +0000] "GET /root/devsecops/-/jobs/286.json HTTP/1.1" 200 1847 "http://172.19.149.236:8099/root/devsecops/-/jobs/286" "Mozilla/5.0 (Windows NT 10.0; Win64; x64) AppleWebKit/537.36 (KHTML, like Gecko) Chrome/139.0.0.0 Safari/537.36" 3.06
172.19.144.1 - - [02/Sep/2025:02:55:59 +0000] "POST /api/graphql HTTP/1.1" 200 287 "http://172.19.149.236:8099/root/devsecops/-/jobs/286" "Mozilla/5.0 (Windows NT 10.0; Win64; x64) AppleWebKit/537.36 (KHTML, like Gecko) Chrome/139.0.0.0 Safari/537.36" 1.71
172.19.144.1 - - [02/Sep/2025:02:55:59 +0000] "GET /root/devsecops/-/jobs/286/trace HTTP/1.1" 304 0 "http://172.19.149.236:8099/root/devsecops/-/jobs/286" "Mozilla/5.0 (Windows NT 10.0; Win64; x64) AppleWebKit/537.36 (KHTML, like Gecko) Chrome/139.0.0.0 Safari/537.36" -
172.19.144.1 - - [02/Sep/2025:02:55:59 +0000] "POST /api/graphql HTTP/1.1" 200 287 "http://172.19.149.236:8099/root/devsecops/-/jobs/286" "Mozilla/5.0 (Windows NT 10.0; Win64; x64) AppleWebKit/537.36 (KHTML, like Gecko) Chrome/139.0.0.0 Safari/537.36" 1.71
172.19.144.1 - - [02/Sep/2025:02:55:59 +0000] "GET /root/devsecops/-/pipelines/104/stage.json?stage=build&retried=1 HTTP/1.1" 200 955 "http://172.19.149.236:8099/root/devsecops/-/jobs/286" "Mozilla/5.0 (Windows NT 10.0; Win64; x64) AppleWebKit/537.36 (KHTML, like Gecko) Chrome/139.0.0.0 Safari/537.36" 3.68
172.18.0.1 - - [02/Sep/2025:02:56:02 +0000] "GET /root/devsecops.git/info/refs?service=git-upload-pack HTTP/1.1" 200 163 "" "gitlab-runner 18.3.0 linux/amd64" -
172.18.0.1 - - [02/Sep/2025:02:56:02 +0000] "POST /root/devsecops.git/git-upload-pack HTTP/1.1" 200 131 "" "gitlab-runner 18.3.0 linux/amd64" -
172.18.0.1 - - [02/Sep/2025:02:56:02 +0000] "POST /root/devsecops.git/git-upload-pack HTTP/1.1" 200 163 "" "gitlab-runner 18.3.0 linux/amd64" -
172.19.144.1 - - [02/Sep/2025:02:56:03 +0000] "GET /root/devsecops/-/jobs/286/trace?state=eyJvZmZzZXQiOjQzMywic3R5bGUiOnsiZmciOm51bGwsImJnIjpudWxsLCJtYXNrIjowfSwib3Blbl9zZWN0aW9ucyI6eyJwcmVwYXJlLWV4ZWN1dG9yIjoiMTc1Njc4MTc1MiJ9fQ--041af396517f8d99457f2c36f08620a58a262ecb4fe5fff007e80b6361a91ad5 HTTP/1.1" 200 302 "http://172.19.149.236:8099/root/devsecops/-/jobs/286" "Mozilla/5.0 (Windows NT 10.0; Win64; x64) AppleWebKit/537.36 (KHTML, like Gecko) Chrome/139.0.0.0 Safari/537.36" 1.17
172.19.144.1 - - [02/Sep/2025:02:56:07 +0000] "GET /root/devsecops/-/jobs/286/trace?state=eyJvZmZzZXQiOjQzMywic3R5bGUiOnsiZmciOm51bGwsImJnIjpudWxsLCJtYXNrIjowfSwib3Blbl9zZWN0aW9ucyI6eyJwcmVwYXJlLWV4ZWN1dG9yIjoiMTc1Njc4MTc1MiJ9fQ--041af396517f8d99457f2c36f08620a58a262ecb4fe5fff007e80b6361a91ad5 HTTP/1.1" 304 0 "http://172.19.149.236:8099/root/devsecops/-/jobs/286" "Mozilla/5.0 (Windows NT 10.0; Win64; x64) AppleWebKit/537.36 (KHTML, like Gecko) Chrome/139.0.0.0 Safari/537.36" -
172.19.144.1 - - [02/Sep/2025:02:56:09 +0000] "GET /root/devsecops/-/jobs/286.json HTTP/1.1" 200 1845 "http://172.19.149.236:8099/root/devsecops/-/jobs/286" "Mozilla/5.0 (Windows NT 10.0; Win64; x64) AppleWebKit/537.36 (KHTML, like Gecko) Chrome/139.0.0.0 Safari/537.36" 3.06
172.19.144.1 - - [02/Sep/2025:02:56:09 +0000] "GET /root/devsecops/-/jobs/286/trace?state=eyJvZmZzZXQiOjQzMywic3R5bGUiOnsiZmciOm51bGwsImJnIjpudWxsLCJtYXNrIjowfSwib3Blbl9zZWN0aW9ucyI6eyJwcmVwYXJlLWV4ZWN1dG9yIjoiMTc1Njc4MTc1MiJ9fQ--041af396517f8d99457f2c36f08620a58a262ecb4fe5fff007e80b6361a91ad5 HTTP/1.1" 304 0 "http://172.19.149.236:8099/root/devsecops/-/jobs/286" "Mozilla/5.0 (Windows NT 10.0; Win64; x64) AppleWebKit/537.36 (KHTML, like Gecko) Chrome/139.0.0.0 Safari/537.36" -
172.19.144.1 - - [02/Sep/2025:02:56:11 +0000] "GET /root/devsecops/-/jobs/286/trace?state=eyJvZmZzZXQiOjQzMywic3R5bGUiOnsiZmciOm51bGwsImJnIjpudWxsLCJtYXNrIjowfSwib3Blbl9zZWN0aW9ucyI6eyJwcmVwYXJlLWV4ZWN1dG9yIjoiMTc1Njc4MTc1MiJ9fQ--041af396517f8d99457f2c36f08620a58a262ecb4fe5fff007e80b6361a91ad5 HTTP/1.1" 304 0 "http://172.19.149.236:8099/root/devsecops/-/jobs/286" "Mozilla/5.0 (Windows NT 10.0; Win64; x64) AppleWebKit/537.36 (KHTML, like Gecko) Chrome/139.0.0.0 Safari/537.36" -
172.19.144.1 - - [02/Sep/2025:02:56:15 +0000] "GET /root/devsecops/-/jobs/286/trace?state=eyJvZmZzZXQiOjQzMywic3R5bGUiOnsiZmciOm51bGwsImJnIjpudWxsLCJtYXNrIjowfSwib3Blbl9zZWN0aW9ucyI6eyJwcmVwYXJlLWV4ZWN1dG9yIjoiMTc1Njc4MTc1MiJ9fQ--041af396517f8d99457f2c36f08620a58a262ecb4fe5fff007e80b6361a91ad5 HTTP/1.1" 304 0 "http://172.19.149.236:8099/root/devsecops/-/jobs/286" "Mozilla/5.0 (Windows NT 10.0; Win64; x64) AppleWebKit/537.36 (KHTML, like Gecko) Chrome/139.0.0.0 Safari/537.36" -
172.19.144.1 - - [02/Sep/2025:02:56:19 +0000] "GET /root/devsecops/-/jobs/286.json HTTP/1.1" 200 1847 "http://172.19.149.236:8099/root/devsecops/-/jobs/286" "Mozilla/5.0 (Windows NT 10.0; Win64; x64) AppleWebKit/537.36 (KHTML, like Gecko) Chrome/139.0.0.0 Safari/537.36" 3.06
172.19.144.1 - - [02/Sep/2025:02:56:20 +0000] "GET /root/devsecops/-/jobs/286/trace?state=eyJvZmZzZXQiOjQzMywic3R5bGUiOnsiZmciOm51bGwsImJnIjpudWxsLCJtYXNrIjowfSwib3Blbl9zZWN0aW9ucyI6eyJwcmVwYXJlLWV4ZWN1dG9yIjoiMTc1Njc4MTc1MiJ9fQ--041af396517f8d99457f2c36f08620a58a262ecb4fe5fff007e80b6361a91ad5 HTTP/1.1" 304 0 "http://172.19.149.236:8099/root/devsecops/-/jobs/286" "Mozilla/5.0 (Windows NT 10.0; Win64; x64) AppleWebKit/537.36 (KHTML, like Gecko) Chrome/139.0.0.0 Safari/537.36" -
172.19.144.1 - - [02/Sep/2025:02:56:20 +0000] "GET /root/devsecops/-/jobs/286/trace?state=eyJvZmZzZXQiOjQzMywic3R5bGUiOnsiZmciOm51bGwsImJnIjpudWxsLCJtYXNrIjowfSwib3Blbl9zZWN0aW9ucyI6eyJwcmVwYXJlLWV4ZWN1dG9yIjoiMTc1Njc4MTc1MiJ9fQ--041af396517f8d99457f2c36f08620a58a262ecb4fe5fff007e80b6361a91ad5 HTTP/1.1" 304 0 "http://172.19.149.236:8099/root/devsecops/-/jobs/286" "Mozilla/5.0 (Windows NT 10.0; Win64; x64) AppleWebKit/537.36 (KHTML, like Gecko) Chrome/139.0.0.0 Safari/537.36" -
172.19.144.1 - - [02/Sep/2025:02:56:24 +0000] "GET /root/devsecops/-/jobs/286/trace?state=eyJvZmZzZXQiOjQzMywic3R5bGUiOnsiZmciOm51bGwsImJnIjpudWxsLCJtYXNrIjowfSwib3Blbl9zZWN0aW9ucyI6eyJwcmVwYXJlLWV4ZWN1dG9yIjoiMTc1Njc4MTc1MiJ9fQ--041af396517f8d99457f2c36f08620a58a262ecb4fe5fff007e80b6361a91ad5 HTTP/1.1" 304 0 "http://172.19.149.236:8099/root/devsecops/-/jobs/286" "Mozilla/5.0 (Windows NT 10.0; Win64; x64) AppleWebKit/537.36 (KHTML, like Gecko) Chrome/139.0.0.0 Safari/537.36" -
172.18.0.1 - - [02/Sep/2025:02:56:24 +0000] "PATCH /api/v4/jobs/286/trace?debug_trace=false HTTP/1.1" 202 1 "" "gitlab-runner 18.3.0 (18-3-stable; go1.24.4 X:cacheprog; linux/amd64)" -
172.18.0.1 - - [02/Sep/2025:02:56:24 +0000] "PUT /api/v4/jobs/286 HTTP/1.1" 200 3 "" "gitlab-runner 18.3.0 (18-3-stable; go1.24.4 X:cacheprog; linux/amd64)" -
172.18.0.1 - - [02/Sep/2025:02:56:27 +0000] "POST /api/v4/jobs/request HTTP/1.1" 204 0 "" "gitlab-runner 18.3.0 (18-3-stable; go1.24.4 X:cacheprog; linux/amd64)" -
172.19.144.1 - - [02/Sep/2025:02:56:28 +0000] "GET /root/devsecops/-/jobs/286/trace?state=eyJvZmZzZXQiOjQzMywic3R5bGUiOnsiZmciOm51bGwsImJnIjpudWxsLCJtYXNrIjowfSwib3Blbl9zZWN0aW9ucyI6eyJwcmVwYXJlLWV4ZWN1dG9yIjoiMTc1Njc4MTc1MiJ9fQ--041af396517f8d99457f2c36f08620a58a262ecb4fe5fff007e80b6361a91ad5 HTTP/1.1" 200 1894 "http://172.19.149.236:8099/root/devsecops/-/jobs/286" "Mozilla/5.0 (Windows NT 10.0; Win64; x64) AppleWebKit/537.36 (KHTML, like Gecko) Chrome/139.0.0.0 Safari/537.36" 3.46
172.19.144.1 - - [02/Sep/2025:02:56:29 +0000] "POST /-/collect_events HTTP/1.1" 200 0 "http://172.19.149.236:8099/root/devsecops/-/jobs/286" "Mozilla/5.0 (Windows NT 10.0; Win64; x64) AppleWebKit/537.36 (KHTML, like Gecko) Chrome/139.0.0.0 Safari/537.36" -
172.18.0.1 - - [02/Sep/2025:02:56:29 +0000] "POST /api/v4/jobs/request HTTP/1.1" 204 0 "" "gitlab-runner 18.3.0 (18-3-stable; go1.24.4 X:cacheprog; linux/amd64)" -
172.19.144.1 - - [02/Sep/2025:02:56:30 +0000] "GET /root/devsecops/-/jobs/286.json HTTP/1.1" 200 1969 "http://172.19.149.236:8099/root/devsecops/-/jobs/286" "Mozilla/5.0 (Windows NT 10.0; Win64; x64) AppleWebKit/537.36 (KHTML, like Gecko) Chrome/139.0.0.0 Safari/537.36" 3.04
172.19.144.1 - - [02/Sep/2025:02:56:30 +0000] "GET /root/devsecops/-/jobs/286/trace?state=eyJvZmZzZXQiOjM4ODksInN0eWxlIjp7ImZnIjpudWxsLCJiZyI6bnVsbCwibWFzayI6MH0sIm9wZW5fc2VjdGlvbnMiOnt9fQ--080958db65b6b485a21b8c4a2b85e7901d1adb6d520991831c406ae42e9eaf89 HTTP/1.1" 200 269 "http://172.19.149.236:8099/root/devsecops/-/jobs/286" "Mozilla/5.0 (Windows NT 10.0; Win64; x64) AppleWebKit/537.36 (KHTML, like Gecko) Chrome/139.0.0.0 Safari/537.36" 1.16
172.19.144.1 - - [02/Sep/2025:02:56:30 +0000] "GET /root/devsecops/-/pipelines/104/stage.json?stage=build&retried=1 HTTP/1.1" 200 847 "http://172.19.149.236:8099/root/devsecops/-/jobs/286" "Mozilla/5.0 (Windows NT 10.0; Win64; x64) AppleWebKit/537.36 (KHTML, like Gecko) Chrome/139.0.0.0 Safari/537.36" 4.12
172.18.0.1 - - [02/Sep/2025:02:56:32 +0000] "POST /api/v4/jobs/request HTTP/1.1" 204 0 "" "gitlab-runner 18.3.0 (18-3-stable; go1.24.4 X:cacheprog; linux/amd64)" -
172.18.0.1 - - [02/Sep/2025:02:56:35 +0000] "POST /api/v4/jobs/request HTTP/1.1" 204 0 "" "gitlab-runner 18.3.0 (18-3-stable; go1.24.4 X:cacheprog; linux/amd64)" -
172.18.0.1 - - [02/Sep/2025:02:56:38 +0000] "POST /api/v4/jobs/request HTTP/1.1" 204 0 "" "gitlab-runner 18.3.0 (18-3-stable; go1.24.4 X:cacheprog; linux/amd64)" -
172.19.144.1 - - [02/Sep/2025:02:56:40 +0000] "GET /root/devsecops/-/jobs/286.json HTTP/1.1" 304 0 "http://172.19.149.236:8099/root/devsecops/-/jobs/286" "Mozilla/5.0 (Windows NT 10.0; Win64; x64) AppleWebKit/537.36 (KHTML, like Gecko) Chrome/139.0.0.0 Safari/537.36" -
172.19.144.1 - - [02/Sep/2025:02:56:40 +0000] "GET /root/devsecops/-/jobs/286/trace?state=eyJvZmZzZXQiOjM4ODksInN0eWxlIjp7ImZnIjpudWxsLCJiZyI6bnVsbCwibWFzayI6MH0sIm9wZW5fc2VjdGlvbnMiOnt9fQ--080958db65b6b485a21b8c4a2b85e7901d1adb6d520991831c406ae42e9eaf89 HTTP/1.1" 304 0 "http://172.19.149.236:8099/root/devsecops/-/jobs/286" "Mozilla/5.0 (Windows NT 10.0; Win64; x64) AppleWebKit/537.36 (KHTML, like Gecko) Chrome/139.0.0.0 Safari/537.36" -
172.18.0.1 - - [02/Sep/2025:02:56:41 +0000] "POST /api/v4/jobs/request HTTP/1.1" 204 0 "" "gitlab-runner 18.3.0 (18-3-stable; go1.24.4 X:cacheprog; linux/amd64)" -
172.18.0.1 - - [02/Sep/2025:02:56:44 +0000] "POST /api/v4/jobs/request HTTP/1.1" 204 0 "" "gitlab-runner 18.3.0 (18-3-stable; go1.24.4 X:cacheprog; linux/amd64)" -
127.0.0.1 - - [02/Sep/2025:02:56:44 +0000] "GET /help HTTP/1.1" 200 29533 "" "curl/8.14.1-DEV" -
172.18.0.1 - - [02/Sep/2025:02:56:47 +0000] "POST /api/v4/jobs/request HTTP/1.1" 204 0 "" "gitlab-runner 18.3.0 (18-3-stable; go1.24.4 X:cacheprog; linux/amd64)" -
172.18.0.1 - - [02/Sep/2025:02:56:50 +0000] "POST /api/v4/jobs/request HTTP/1.1" 204 0 "" "gitlab-runner 18.3.0 (18-3-stable; go1.24.4 X:cacheprog; linux/amd64)" -
172.18.0.1 - - [02/Sep/2025:02:56:53 +0000] "POST /api/v4/jobs/request HTTP/1.1" 204 0 "" "gitlab-runner 18.3.0 (18-3-stable; go1.24.4 X:cacheprog; linux/amd64)" -
172.18.0.1 - - [02/Sep/2025:02:56:56 +0000] "POST /api/v4/jobs/request HTTP/1.1" 204 0 "" "gitlab-runner 18.3.0 (18-3-stable; go1.24.4 X:cacheprog; linux/amd64)" -
172.18.0.1 - - [02/Sep/2025:02:56:59 +0000] "POST /api/v4/jobs/request HTTP/1.1" 204 0 "" "gitlab-runner 18.3.0 (18-3-stable; go1.24.4 X:cacheprog; linux/amd64)" -
172.19.144.1 - - [02/Sep/2025:02:57:00 +0000] "POST /-/collect_events HTTP/1.1" 200 0 "http://172.19.149.236:8099/root/devsecops/-/jobs/286" "Mozilla/5.0 (Windows NT 10.0; Win64; x64) AppleWebKit/537.36 (KHTML, like Gecko) Chrome/139.0.0.0 Safari/537.36" -
172.18.0.1 - - [02/Sep/2025:02:57:02 +0000] "POST /api/v4/jobs/request HTTP/1.1" 204 0 "" "gitlab-runner 18.3.0 (18-3-stable; go1.24.4 X:cacheprog; linux/amd64)" -
172.18.0.1 - - [02/Sep/2025:02:57:04 +0000] "POST /api/v4/jobs/request HTTP/1.1" 204 0 "" "gitlab-runner 18.3.0 (18-3-stable; go1.24.4 X:cacheprog; linux/amd64)" -
172.18.0.1 - - [02/Sep/2025:02:57:07 +0000] "POST /api/v4/jobs/request HTTP/1.1" 204 0 "" "gitlab-runner 18.3.0 (18-3-stable; go1.24.4 X:cacheprog; linux/amd64)" -
172.18.0.1 - - [02/Sep/2025:02:57:10 +0000] "POST /api/v4/jobs/request HTTP/1.1" 204 0 "" "gitlab-runner 18.3.0 (18-3-stable; go1.24.4 X:cacheprog; linux/amd64)" -
172.18.0.1 - - [02/Sep/2025:02:57:13 +0000] "POST /api/v4/jobs/request HTTP/1.1" 204 0 "" "gitlab-runner 18.3.0 (18-3-stable; go1.24.4 X:cacheprog; linux/amd64)" -
172.18.0.1 - - [02/Sep/2025:02:57:16 +0000] "POST /api/v4/jobs/request HTTP/1.1" 204 0 "" "gitlab-runner 18.3.0 (18-3-stable; go1.24.4 X:cacheprog; linux/amd64)" -
172.18.0.1 - - [02/Sep/2025:02:57:19 +0000] "POST /api/v4/jobs/request HTTP/1.1" 204 0 "" "gitlab-runner 18.3.0 (18-3-stable; go1.24.4 X:cacheprog; linux/amd64)" -
172.18.0.1 - - [02/Sep/2025:02:57:22 +0000] "POST /api/v4/jobs/request HTTP/1.1" 204 0 "" "gitlab-runner 18.3.0 (18-3-stable; go1.24.4 X:cacheprog; linux/amd64)" -
172.18.0.1 - - [02/Sep/2025:02:57:25 +0000] "POST /api/v4/jobs/request HTTP/1.1" 204 0 "" "gitlab-runner 18.3.0 (18-3-stable; go1.24.4 X:cacheprog; linux/amd64)" -
172.18.0.1 - - [02/Sep/2025:02:57:28 +0000] "POST /api/v4/jobs/request HTTP/1.1" 204 0 "" "gitlab-runner 18.3.0 (18-3-stable; go1.24.4 X:cacheprog; linux/amd64)" -
172.18.0.1 - - [02/Sep/2025:02:57:31 +0000] "POST /api/v4/jobs/request HTTP/1.1" 204 0 "" "gitlab-runner 18.3.0 (18-3-stable; go1.24.4 X:cacheprog; linux/amd64)" -
172.18.0.1 - - [02/Sep/2025:02:57:34 +0000] "POST /api/v4/jobs/request HTTP/1.1" 204 0 "" "gitlab-runner 18.3.0 (18-3-stable; go1.24.4 X:cacheprog; linux/amd64)" -
172.18.0.1 - - [02/Sep/2025:02:57:36 +0000] "POST /api/v4/jobs/request HTTP/1.1" 204 0 "" "gitlab-runner 18.3.0 (18-3-stable; go1.24.4 X:cacheprog; linux/amd64)" -
172.18.0.1 - - [02/Sep/2025:02:57:39 +0000] "POST /api/v4/jobs/request HTTP/1.1" 204 0 "" "gitlab-runner 18.3.0 (18-3-stable; go1.24.4 X:cacheprog; linux/amd64)" -
172.18.0.1 - - [02/Sep/2025:02:57:42 +0000] "POST /api/v4/jobs/request HTTP/1.1" 204 0 "" "gitlab-runner 18.3.0 (18-3-stable; go1.24.4 X:cacheprog; linux/amd64)" -
127.0.0.1 - - [02/Sep/2025:02:57:43 +0000] "GET /help HTTP/1.1" 200 29533 "" "curl/8.14.1-DEV" -
172.18.0.1 - - [02/Sep/2025:02:57:45 +0000] "POST /api/v4/jobs/request HTTP/1.1" 204 0 "" "gitlab-runner 18.3.0 (18-3-stable; go1.24.4 X:cacheprog; linux/amd64)" -
172.18.0.1 - - [02/Sep/2025:02:57:48 +0000] "POST /api/v4/jobs/request HTTP/1.1" 204 0 "" "gitlab-runner 18.3.0 (18-3-stable; go1.24.4 X:cacheprog; linux/amd64)" -
172.18.0.1 - - [02/Sep/2025:02:57:51 +0000] "POST /api/v4/jobs/request HTTP/1.1" 204 0 "" "gitlab-runner 18.3.0 (18-3-stable; go1.24.4 X:cacheprog; linux/amd64)" -
172.18.0.1 - - [02/Sep/2025:02:57:54 +0000] "POST /api/v4/jobs/request HTTP/1.1" 204 0 "" "gitlab-runner 18.3.0 (18-3-stable; go1.24.4 X:cacheprog; linux/amd64)" -
172.18.0.1 - - [02/Sep/2025:02:57:57 +0000] "POST /api/v4/jobs/request HTTP/1.1" 204 0 "" "gitlab-runner 18.3.0 (18-3-stable; go1.24.4 X:cacheprog; linux/amd64)" -
172.18.0.1 - - [02/Sep/2025:02:58:00 +0000] "POST /api/v4/jobs/request HTTP/1.1" 204 0 "" "gitlab-runner 18.3.0 (18-3-stable; go1.24.4 X:cacheprog; linux/amd64)" -
172.18.0.1 - - [02/Sep/2025:02:58:03 +0000] "POST /api/v4/jobs/request HTTP/1.1" 204 0 "" "gitlab-runner 18.3.0 (18-3-stable; go1.24.4 X:cacheprog; linux/amd64)" -
172.18.0.1 - - [02/Sep/2025:02:58:05 +0000] "POST /api/v4/jobs/request HTTP/1.1" 204 0 "" "gitlab-runner 18.3.0 (18-3-stable; go1.24.4 X:cacheprog; linux/amd64)" -
172.18.0.1 - - [02/Sep/2025:02:58:08 +0000] "POST /api/v4/jobs/request HTTP/1.1" 204 0 "" "gitlab-runner 18.3.0 (18-3-stable; go1.24.4 X:cacheprog; linux/amd64)" -
172.18.0.1 - - [02/Sep/2025:02:58:11 +0000] "POST /api/v4/jobs/request HTTP/1.1" 204 0 "" "gitlab-runner 18.3.0 (18-3-stable; go1.24.4 X:cacheprog; linux/amd64)" -
172.18.0.1 - - [02/Sep/2025:02:58:14 +0000] "POST /api/v4/jobs/request HTTP/1.1" 204 0 "" "gitlab-runner 18.3.0 (18-3-stable; go1.24.4 X:cacheprog; linux/amd64)" -
172.18.0.1 - - [02/Sep/2025:02:58:17 +0000] "POST /api/v4/jobs/request HTTP/1.1" 204 0 "" "gitlab-runner 18.3.0 (18-3-stable; go1.24.4 X:cacheprog; linux/amd64)" -
172.18.0.1 - - [02/Sep/2025:02:58:20 +0000] "POST /api/v4/jobs/request HTTP/1.1" 204 0 "" "gitlab-runner 18.3.0 (18-3-stable; go1.24.4 X:cacheprog; linux/amd64)" -
172.18.0.1 - - [02/Sep/2025:02:58:23 +0000] "POST /api/v4/jobs/request HTTP/1.1" 204 0 "" "gitlab-runner 18.3.0 (18-3-stable; go1.24.4 X:cacheprog; linux/amd64)" -
172.18.0.1 - - [02/Sep/2025:02:58:26 +0000] "POST /api/v4/jobs/request HTTP/1.1" 204 0 "" "gitlab-runner 18.3.0 (18-3-stable; go1.24.4 X:cacheprog; linux/amd64)" -
172.18.0.1 - - [02/Sep/2025:02:58:29 +0000] "POST /api/v4/jobs/request HTTP/1.1" 204 0 "" "gitlab-runner 18.3.0 (18-3-stable; go1.24.4 X:cacheprog; linux/amd64)" -
172.18.0.1 - - [02/Sep/2025:02:58:32 +0000] "POST /api/v4/jobs/request HTTP/1.1" 204 0 "" "gitlab-runner 18.3.0 (18-3-stable; go1.24.4 X:cacheprog; linux/amd64)" -
172.18.0.1 - - [02/Sep/2025:02:58:35 +0000] "POST /api/v4/jobs/request HTTP/1.1" 204 0 "" "gitlab-runner 18.3.0 (18-3-stable; go1.24.4 X:cacheprog; linux/amd64)" -
172.18.0.1 - - [02/Sep/2025:02:58:37 +0000] "POST /api/v4/jobs/request HTTP/1.1" 204 0 "" "gitlab-runner 18.3.0 (18-3-stable; go1.24.4 X:cacheprog; linux/amd64)" -
172.18.0.1 - - [02/Sep/2025:02:58:40 +0000] "POST /api/v4/jobs/request HTTP/1.1" 204 0 "" "gitlab-runner 18.3.0 (18-3-stable; go1.24.4 X:cacheprog; linux/amd64)" -
127.0.0.1 - - [02/Sep/2025:02:58:41 +0000] "GET /help HTTP/1.1" 200 29533 "" "curl/8.14.1-DEV" -
172.18.0.1 - - [02/Sep/2025:02:58:43 +0000] "POST /api/v4/jobs/request HTTP/1.1" 204 0 "" "gitlab-runner 18.3.0 (18-3-stable; go1.24.4 X:cacheprog; linux/amd64)" -
172.18.0.1 - - [02/Sep/2025:02:58:46 +0000] "POST /api/v4/jobs/request HTTP/1.1" 204 0 "" "gitlab-runner 18.3.0 (18-3-stable; go1.24.4 X:cacheprog; linux/amd64)" -
172.18.0.1 - - [02/Sep/2025:02:58:49 +0000] "POST /api/v4/jobs/request HTTP/1.1" 204 0 "" "gitlab-runner 18.3.0 (18-3-stable; go1.24.4 X:cacheprog; linux/amd64)" -
172.18.0.3 - - [02/Sep/2025:02:58:51 +0000] "POST /api/v4/jobs/request HTTP/1.1" 403 27 "" "gitlab-runner 18.3.0 (18-3-stable; go1.24.4 X:cacheprog; linux/amd64)" -
172.18.0.1 - - [02/Sep/2025:02:58:52 +0000] "POST /api/v4/jobs/request HTTP/1.1" 204 0 "" "gitlab-runner 18.3.0 (18-3-stable; go1.24.4 X:cacheprog; linux/amd64)" -
172.18.0.3 - - [02/Sep/2025:02:58:54 +0000] "POST /api/v4/jobs/request HTTP/1.1" 403 27 "" "gitlab-runner 18.3.0 (18-3-stable; go1.24.4 X:cacheprog; linux/amd64)" -
172.18.0.1 - - [02/Sep/2025:02:58:55 +0000] "POST /api/v4/jobs/request HTTP/1.1" 204 0 "" "gitlab-runner 18.3.0 (18-3-stable; go1.24.4 X:cacheprog; linux/amd64)" -
172.19.144.1 - - [02/Sep/2025:02:58:57 +0000] "GET /root/devsecops/-/jobs/286.json HTTP/1.1" 304 0 "http://172.19.149.236:8099/root/devsecops/-/jobs/286" "Mozilla/5.0 (Windows NT 10.0; Win64; x64) AppleWebKit/537.36 (KHTML, like Gecko) Chrome/139.0.0.0 Safari/537.36" -
172.19.144.1 - - [02/Sep/2025:02:58:57 +0000] "GET /root/devsecops/-/jobs/286/trace?state=eyJvZmZzZXQiOjM4ODksInN0eWxlIjp7ImZnIjpudWxsLCJiZyI6bnVsbCwibWFzayI6MH0sIm9wZW5fc2VjdGlvbnMiOnt9fQ--080958db65b6b485a21b8c4a2b85e7901d1adb6d520991831c406ae42e9eaf89 HTTP/1.1" 304 0 "http://172.19.149.236:8099/root/devsecops/-/jobs/286" "Mozilla/5.0 (Windows NT 10.0; Win64; x64) AppleWebKit/537.36 (KHTML, like Gecko) Chrome/139.0.0.0 Safari/537.36" -
172.18.0.3 - - [02/Sep/2025:02:58:57 +0000] "POST /api/v4/jobs/request HTTP/1.1" 403 27 "" "gitlab-runner 18.3.0 (18-3-stable; go1.24.4 X:cacheprog; linux/amd64)" -
172.18.0.1 - - [02/Sep/2025:02:58:58 +0000] "POST /api/v4/jobs/request HTTP/1.1" 204 0 "" "gitlab-runner 18.3.0 (18-3-stable; go1.24.4 X:cacheprog; linux/amd64)" -
172.19.144.1 - - [02/Sep/2025:02:58:59 +0000] "POST /-/collect_events HTTP/1.1" 200 0 "http://172.19.149.236:8099/root/devsecops/-/jobs/286" "Mozilla/5.0 (Windows NT 10.0; Win64; x64) AppleWebKit/537.36 (KHTML, like Gecko) Chrome/139.0.0.0 Safari/537.36" -
172.19.144.1 - - [02/Sep/2025:02:59:01 +0000] "POST /root/devsecops/-/jobs/286/retry HTTP/1.1" 302 118 "http://172.19.149.236:8099/root/devsecops/-/jobs/286" "Mozilla/5.0 (Windows NT 10.0; Win64; x64) AppleWebKit/537.36 (KHTML, like Gecko) Chrome/139.0.0.0 Safari/537.36" -
172.19.144.1 - - [02/Sep/2025:02:59:01 +0000] "GET /root/devsecops/-/jobs/287 HTTP/1.1" 200 10173 "http://172.19.149.236:8099/root/devsecops/-/jobs/286" "Mozilla/5.0 (Windows NT 10.0; Win64; x64) AppleWebKit/537.36 (KHTML, like Gecko) Chrome/139.0.0.0 Safari/537.36" 3.80
172.18.0.1 - - [02/Sep/2025:02:59:01 +0000] "POST /api/v4/jobs/request HTTP/1.1" 201 9998 "" "gitlab-runner 18.3.0 (18-3-stable; go1.24.4 X:cacheprog; linux/amd64)" -
172.19.144.1 - - [02/Sep/2025:02:59:01 +0000] "POST /api/graphql HTTP/1.1" 200 191 "http://172.19.149.236:8099/root/devsecops/-/jobs/287" "Mozilla/5.0 (Windows NT 10.0; Win64; x64) AppleWebKit/537.36 (KHTML, like Gecko) Chrome/139.0.0.0 Safari/537.36" -
172.19.144.1 - - [02/Sep/2025:02:59:02 +0000] "GET /-/cable HTTP/1.1" 101 4284 "" "Mozilla/5.0 (Windows NT 10.0; Win64; x64) AppleWebKit/537.36 (KHTML, like Gecko) Chrome/139.0.0.0 Safari/537.36" -
172.19.144.1 - - [02/Sep/2025:02:59:02 +0000] "POST /-/collect_events HTTP/1.1" 200 0 "http://172.19.149.236:8099/root/devsecops/-/jobs/287" "Mozilla/5.0 (Windows NT 10.0; Win64; x64) AppleWebKit/537.36 (KHTML, like Gecko) Chrome/139.0.0.0 Safari/537.36" -
172.19.144.1 - - [02/Sep/2025:02:59:02 +0000] "POST /-/collect_events HTTP/1.1" 200 0 "http://172.19.149.236:8099/root/devsecops/-/jobs/287" "Mozilla/5.0 (Windows NT 10.0; Win64; x64) AppleWebKit/537.36 (KHTML, like Gecko) Chrome/139.0.0.0 Safari/537.36" -
172.19.144.1 - - [02/Sep/2025:02:59:02 +0000] "GET /root/devsecops/-/jobs/287.json HTTP/1.1" 200 1843 "http://172.19.149.236:8099/root/devsecops/-/jobs/287" "Mozilla/5.0 (Windows NT 10.0; Win64; x64) AppleWebKit/537.36 (KHTML, like Gecko) Chrome/139.0.0.0 Safari/537.36" 3.06
172.18.0.1 - - [02/Sep/2025:02:59:02 +0000] "GET /api/v4/internal/kubernetes/receptive_agents HTTP/1.1" 404 25 "" "gitlab-kas/v18.3.1/v18.3.1" -
172.19.144.1 - - [02/Sep/2025:02:59:02 +0000] "POST /api/graphql HTTP/1.1" 200 290 "http://172.19.149.236:8099/root/devsecops/-/jobs/287" "Mozilla/5.0 (Windows NT 10.0; Win64; x64) AppleWebKit/537.36 (KHTML, like Gecko) Chrome/139.0.0.0 Safari/537.36" 1.69
172.19.144.1 - - [02/Sep/2025:02:59:02 +0000] "POST /api/graphql HTTP/1.1" 200 290 "http://172.19.149.236:8099/root/devsecops/-/jobs/287" "Mozilla/5.0 (Windows NT 10.0; Win64; x64) AppleWebKit/537.36 (KHTML, like Gecko) Chrome/139.0.0.0 Safari/537.36" 1.69
172.19.144.1 - - [02/Sep/2025:02:59:02 +0000] "GET /root/devsecops/-/jobs/287/trace HTTP/1.1" 204 0 "http://172.19.149.236:8099/root/devsecops/-/jobs/287" "Mozilla/5.0 (Windows NT 10.0; Win64; x64) AppleWebKit/537.36 (KHTML, like Gecko) Chrome/139.0.0.0 Safari/537.36" -
172.19.144.1 - - [02/Sep/2025:02:59:02 +0000] "GET /root/devsecops/-/pipelines/104/stage.json?stage=build&retried=1 HTTP/1.1" 200 1012 "http://172.19.149.236:8099/root/devsecops/-/jobs/287" "Mozilla/5.0 (Windows NT 10.0; Win64; x64) AppleWebKit/537.36 (KHTML, like Gecko) Chrome/139.0.0.0 Safari/537.36" 4.37
172.18.0.1 - - [02/Sep/2025:02:59:04 +0000] "PATCH /api/v4/jobs/287/trace?debug_trace=false HTTP/1.1" 202 1 "" "gitlab-runner 18.3.0 (18-3-stable; go1.24.4 X:cacheprog; linux/amd64)" -
172.19.144.1 - - [02/Sep/2025:02:59:06 +0000] "GET /root/devsecops/-/jobs/287/trace HTTP/1.1" 200 609 "http://172.19.149.236:8099/root/devsecops/-/jobs/287" "Mozilla/5.0 (Windows NT 10.0; Win64; x64) AppleWebKit/537.36 (KHTML, like Gecko) Chrome/139.0.0.0 Safari/537.36" 1.87
172.18.0.1 - - [02/Sep/2025:02:59:07 +0000] "PATCH /api/v4/jobs/287/trace?debug_trace=false HTTP/1.1" 202 1 "" "gitlab-runner 18.3.0 (18-3-stable; go1.24.4 X:cacheprog; linux/amd64)" -
172.19.144.1 - - [02/Sep/2025:02:59:09 +0000] "GET /root/devsecops/-/jobs/287/trace?state=eyJvZmZzZXQiOjQzMywic3R5bGUiOnsiZmciOm51bGwsImJnIjpudWxsLCJtYXNrIjowfSwib3Blbl9zZWN0aW9ucyI6eyJwcmVwYXJlLWV4ZWN1dG9yIjoiMTc1Njc4MTk0MSJ9fQ--04243e43145c04965a51521d4f19372c840d535423599f348a96fed749402537 HTTP/1.1" 200 1097 "http://172.19.149.236:8099/root/devsecops/-/jobs/287" "Mozilla/5.0 (Windows NT 10.0; Win64; x64) AppleWebKit/537.36 (KHTML, like Gecko) Chrome/139.0.0.0 Safari/537.36" 2.80
172.18.0.1 - - [02/Sep/2025:02:59:10 +0000] "PATCH /api/v4/jobs/287/trace?debug_trace=false HTTP/1.1" 202 1 "" "gitlab-runner 18.3.0 (18-3-stable; go1.24.4 X:cacheprog; linux/amd64)" -
172.18.0.1 - - [02/Sep/2025:02:59:10 +0000] "GET /root/devsecops.git/info/refs?service=git-upload-pack HTTP/1.1" 200 163 "" "gitlab-runner 18.3.0 linux/amd64" -
172.18.0.1 - - [02/Sep/2025:02:59:10 +0000] "POST /root/devsecops.git/git-upload-pack HTTP/1.1" 200 131 "" "gitlab-runner 18.3.0 linux/amd64" -
172.18.0.1 - - [02/Sep/2025:02:59:10 +0000] "POST /root/devsecops.git/git-upload-pack HTTP/1.1" 200 163 "" "gitlab-runner 18.3.0 linux/amd64" -
172.19.144.1 - - [02/Sep/2025:02:59:11 +0000] "GET /root/devsecops/-/jobs/287.json HTTP/1.1" 200 1846 "http://172.19.149.236:8099/root/devsecops/-/jobs/287" "Mozilla/5.0 (Windows NT 10.0; Win64; x64) AppleWebKit/537.36 (KHTML, like Gecko) Chrome/139.0.0.0 Safari/537.36" 3.06
172.19.144.1 - - [02/Sep/2025:02:59:11 +0000] "GET /root/devsecops/-/jobs/287/trace?state=eyJvZmZzZXQiOjE5NzcsInN0eWxlIjp7ImZnIjpudWxsLCJiZyI6bnVsbCwibWFzayI6MH0sIm9wZW5fc2VjdGlvbnMiOnsicHJlcGFyZS1leGVjdXRvciI6IjE3NTY3ODE5NDEifX0--930ab8516eb285b180f09a60bc0b5a3f91709a9ab04f112a6f91a3633a415566 HTTP/1.1" 200 784 "http://172.19.149.236:8099/root/devsecops/-/jobs/287" "Mozilla/5.0 (Windows NT 10.0; Win64; x64) AppleWebKit/537.36 (KHTML, like Gecko) Chrome/139.0.0.0 Safari/537.36" 1.87
172.18.0.1 - - [02/Sep/2025:02:59:13 +0000] "PATCH /api/v4/jobs/287/trace?debug_trace=false HTTP/1.1" 202 1 "" "gitlab-runner 18.3.0 (18-3-stable; go1.24.4 X:cacheprog; linux/amd64)" -
172.19.144.1 - - [02/Sep/2025:02:59:13 +0000] "GET /root/devsecops/-/jobs/287/trace?state=eyJvZmZzZXQiOjI2NjYsInN0eWxlIjp7ImZnIjpudWxsLCJiZyI6bnVsbCwibWFzayI6MH0sIm9wZW5fc2VjdGlvbnMiOnsiZ2V0LXNvdXJjZXMiOiIxNzU2NzgxOTQ5In19--c7b2e5e6d094e9240b86c39f548fc72386bd175767d777ef5750ea6e08882903 HTTP/1.1" 200 897 "http://172.19.149.236:8099/root/devsecops/-/jobs/287" "Mozilla/5.0 (Windows NT 10.0; Win64; x64) AppleWebKit/537.36 (KHTML, like Gecko) Chrome/139.0.0.0 Safari/537.36" 2.19
172.19.144.1 - - [02/Sep/2025:02:59:18 +0000] "GET /root/devsecops/-/jobs/287/trace?state=eyJvZmZzZXQiOjM0NjcsInN0eWxlIjp7ImZnIjpudWxsLCJiZyI6bnVsbCwibWFzayI6MH0sIm9wZW5fc2VjdGlvbnMiOnsic3RlcC1zY3JpcHQiOiIxNzU2NzgxOTUwIn19--fb747dac33177d0b222425b9b233f115b1bda572afa5ce3e7b18bd4f2322faca HTTP/1.1" 200 297 "http://172.19.149.236:8099/root/devsecops/-/jobs/287" "Mozilla/5.0 (Windows NT 10.0; Win64; x64) AppleWebKit/537.36 (KHTML, like Gecko) Chrome/139.0.0.0 Safari/537.36" 1.17
172.18.0.1 - - [02/Sep/2025:02:59:19 +0000] "PATCH /api/v4/jobs/287/trace?debug_trace=false HTTP/1.1" 202 1 "" "gitlab-runner 18.3.0 (18-3-stable; go1.24.4 X:cacheprog; linux/amd64)" -
172.19.144.1 - - [02/Sep/2025:02:59:22 +0000] "GET /root/devsecops/-/jobs/287.json HTTP/1.1" 200 1847 "http://172.19.149.236:8099/root/devsecops/-/jobs/287" "Mozilla/5.0 (Windows NT 10.0; Win64; x64) AppleWebKit/537.36 (KHTML, like Gecko) Chrome/139.0.0.0 Safari/537.36" 3.06
172.19.144.1 - - [02/Sep/2025:02:59:22 +0000] "GET /root/devsecops/-/jobs/287/trace?state=eyJvZmZzZXQiOjM0NjcsInN0eWxlIjp7ImZnIjpudWxsLCJiZyI6bnVsbCwibWFzayI6MH0sIm9wZW5fc2VjdGlvbnMiOnsic3RlcC1zY3JpcHQiOiIxNzU2NzgxOTUwIn19--fb747dac33177d0b222425b9b233f115b1bda572afa5ce3e7b18bd4f2322faca HTTP/1.1" 200 435 "http://172.19.149.236:8099/root/devsecops/-/jobs/287" "Mozilla/5.0 (Windows NT 10.0; Win64; x64) AppleWebKit/537.36 (KHTML, like Gecko) Chrome/139.0.0.0 Safari/537.36" 1.23
172.19.144.1 - - [02/Sep/2025:02:59:22 +0000] "GET /root/devsecops/-/jobs/287/trace?state=eyJvZmZzZXQiOjM0NjcsInN0eWxlIjp7ImZnIjpudWxsLCJiZyI6bnVsbCwibWFzayI6MH0sIm9wZW5fc2VjdGlvbnMiOnsic3RlcC1zY3JpcHQiOiIxNzU2NzgxOTUwIn19--fb747dac33177d0b222425b9b233f115b1bda572afa5ce3e7b18bd4f2322faca HTTP/1.1" 304 0 "http://172.19.149.236:8099/root/devsecops/-/jobs/287" "Mozilla/5.0 (Windows NT 10.0; Win64; x64) AppleWebKit/537.36 (KHTML, like Gecko) Chrome/139.0.0.0 Safari/537.36" -
172.19.144.1 - - [02/Sep/2025:02:59:26 +0000] "GET /root/devsecops/-/jobs/287/trace?state=eyJvZmZzZXQiOjM1NjcsInN0eWxlIjp7ImZnIjpudWxsLCJiZyI6bnVsbCwibWFzayI6MH0sIm9wZW5fc2VjdGlvbnMiOnsic3RlcC1zY3JpcHQiOiIxNzU2NzgxOTUwIn19--5701f25e9950d35aa7431faa5171d2d4d66e4e36c833471e65e2f927c874d427 HTTP/1.1" 200 298 "http://172.19.149.236:8099/root/devsecops/-/jobs/287" "Mozilla/5.0 (Windows NT 10.0; Win64; x64) AppleWebKit/537.36 (KHTML, like Gecko) Chrome/139.0.0.0 Safari/537.36" 1.17
172.19.144.1 - - [02/Sep/2025:02:59:30 +0000] "GET /root/devsecops/-/jobs/287/trace?state=eyJvZmZzZXQiOjM1NjcsInN0eWxlIjp7ImZnIjpudWxsLCJiZyI6bnVsbCwibWFzayI6MH0sIm9wZW5fc2VjdGlvbnMiOnsic3RlcC1zY3JpcHQiOiIxNzU2NzgxOTUwIn19--5701f25e9950d35aa7431faa5171d2d4d66e4e36c833471e65e2f927c874d427 HTTP/1.1" 304 0 "http://172.19.149.236:8099/root/devsecops/-/jobs/287" "Mozilla/5.0 (Windows NT 10.0; Win64; x64) AppleWebKit/537.36 (KHTML, like Gecko) Chrome/139.0.0.0 Safari/537.36" -
172.19.144.1 - - [02/Sep/2025:02:59:32 +0000] "GET /root/devsecops/-/jobs/287.json HTTP/1.1" 200 1846 "http://172.19.149.236:8099/root/devsecops/-/jobs/287" "Mozilla/5.0 (Windows NT 10.0; Win64; x64) AppleWebKit/537.36 (KHTML, like Gecko) Chrome/139.0.0.0 Safari/537.36" 3.06
172.19.144.1 - - [02/Sep/2025:02:59:32 +0000] "GET /root/devsecops/-/jobs/287/trace?state=eyJvZmZzZXQiOjM1NjcsInN0eWxlIjp7ImZnIjpudWxsLCJiZyI6bnVsbCwibWFzayI6MH0sIm9wZW5fc2VjdGlvbnMiOnsic3RlcC1zY3JpcHQiOiIxNzU2NzgxOTUwIn19--5701f25e9950d35aa7431faa5171d2d4d66e4e36c833471e65e2f927c874d427 HTTP/1.1" 304 0 "http://172.19.149.236:8099/root/devsecops/-/jobs/287" "Mozilla/5.0 (Windows NT 10.0; Win64; x64) AppleWebKit/537.36 (KHTML, like Gecko) Chrome/139.0.0.0 Safari/537.36" -
172.18.0.1 - - [02/Sep/2025:02:59:33 +0000] "PATCH /api/v4/jobs/287/trace?debug_trace=false HTTP/1.1" 202 1 "" "gitlab-runner 18.3.0 (18-3-stable; go1.24.4 X:cacheprog; linux/amd64)" -
172.18.0.1 - - [02/Sep/2025:02:59:33 +0000] "PUT /api/v4/jobs/287 HTTP/1.1" 200 3 "" "gitlab-runner 18.3.0 (18-3-stable; go1.24.4 X:cacheprog; linux/amd64)" -
172.19.144.1 - - [02/Sep/2025:02:59:34 +0000] "GET /root/devsecops/-/jobs/287/trace?state=eyJvZmZzZXQiOjM1NjcsInN0eWxlIjp7ImZnIjpudWxsLCJiZyI6bnVsbCwibWFzayI6MH0sIm9wZW5fc2VjdGlvbnMiOnsic3RlcC1zY3JpcHQiOiIxNzU2NzgxOTUwIn19--5701f25e9950d35aa7431faa5171d2d4d66e4e36c833471e65e2f927c874d427 HTTP/1.1" 200 580 "http://172.19.149.236:8099/root/devsecops/-/jobs/287" "Mozilla/5.0 (Windows NT 10.0; Win64; x64) AppleWebKit/537.36 (KHTML, like Gecko) Chrome/139.0.0.0 Safari/537.36" 1.77
172.18.0.1 - - [02/Sep/2025:02:59:35 +0000] "POST /api/v4/jobs/request HTTP/1.1" 204 0 "" "gitlab-runner 18.3.0 (18-3-stable; go1.24.4 X:cacheprog; linux/amd64)" -
172.18.0.1 - - [02/Sep/2025:02:59:38 +0000] "POST /api/v4/jobs/request HTTP/1.1" 204 0 "" "gitlab-runner 18.3.0 (18-3-stable; go1.24.4 X:cacheprog; linux/amd64)" -
127.0.0.1 - - [02/Sep/2025:02:59:39 +0000] "GET /help HTTP/1.1" 200 29533 "" "curl/8.14.1-DEV" -
172.18.0.1 - - [02/Sep/2025:02:59:40 +0000] "POST /api/v4/jobs/request HTTP/1.1" 204 0 "" "gitlab-runner 18.3.0 (18-3-stable; go1.24.4 X:cacheprog; linux/amd64)" -
172.19.144.1 - - [02/Sep/2025:02:59:42 +0000] "GET /root/devsecops/-/jobs/287.json HTTP/1.1" 200 1968 "http://172.19.149.236:8099/root/devsecops/-/jobs/287" "Mozilla/5.0 (Windows NT 10.0; Win64; x64) AppleWebKit/537.36 (KHTML, like Gecko) Chrome/139.0.0.0 Safari/537.36" 3.04
172.19.144.1 - - [02/Sep/2025:02:59:42 +0000] "GET /root/devsecops/-/jobs/287/trace?state=eyJvZmZzZXQiOjM5NjgsInN0eWxlIjp7ImZnIjpudWxsLCJiZyI6bnVsbCwibWFzayI6MH0sIm9wZW5fc2VjdGlvbnMiOnt9fQ--a6e40d31c1c5364ba80a949f0c00f892bc01a3c232c6b16577dfb3c561d48491 HTTP/1.1" 200 270 "http://172.19.149.236:8099/root/devsecops/-/jobs/287" "Mozilla/5.0 (Windows NT 10.0; Win64; x64) AppleWebKit/537.36 (KHTML, like Gecko) Chrome/139.0.0.0 Safari/537.36" 1.16
172.19.144.1 - - [02/Sep/2025:02:59:42 +0000] "GET /root/devsecops/-/pipelines/104/stage.json?stage=build&retried=1 HTTP/1.1" 200 909 "http://172.19.149.236:8099/root/devsecops/-/jobs/287" "Mozilla/5.0 (Windows NT 10.0; Win64; x64) AppleWebKit/537.36 (KHTML, like Gecko) Chrome/139.0.0.0 Safari/537.36" 4.84
172.18.0.1 - - [02/Sep/2025:02:59:43 +0000] "POST /api/v4/jobs/request HTTP/1.1" 204 0 "" "gitlab-runner 18.3.0 (18-3-stable; go1.24.4 X:cacheprog; linux/amd64)" -
172.18.0.1 - - [02/Sep/2025:02:59:46 +0000] "POST /api/v4/jobs/request HTTP/1.1" 204 0 "" "gitlab-runner 18.3.0 (18-3-stable; go1.24.4 X:cacheprog; linux/amd64)" -
172.18.0.1 - - [02/Sep/2025:02:59:49 +0000] "POST /api/v4/jobs/request HTTP/1.1" 204 0 "" "gitlab-runner 18.3.0 (18-3-stable; go1.24.4 X:cacheprog; linux/amd64)" -
172.18.0.1 - - [02/Sep/2025:02:59:52 +0000] "POST /api/v4/jobs/request HTTP/1.1" 204 0 "" "gitlab-runner 18.3.0 (18-3-stable; go1.24.4 X:cacheprog; linux/amd64)" -
172.19.144.1 - - [02/Sep/2025:02:59:52 +0000] "GET /root/devsecops/-/jobs/287.json HTTP/1.1" 304 0 "http://172.19.149.236:8099/root/devsecops/-/jobs/287" "Mozilla/5.0 (Windows NT 10.0; Win64; x64) AppleWebKit/537.36 (KHTML, like Gecko) Chrome/139.0.0.0 Safari/537.36" -
172.19.144.1 - - [02/Sep/2025:02:59:52 +0000] "GET /root/devsecops/-/jobs/287/trace?state=eyJvZmZzZXQiOjM5NjgsInN0eWxlIjp7ImZnIjpudWxsLCJiZyI6bnVsbCwibWFzayI6MH0sIm9wZW5fc2VjdGlvbnMiOnt9fQ--a6e40d31c1c5364ba80a949f0c00f892bc01a3c232c6b16577dfb3c561d48491 HTTP/1.1" 304 0 "http://172.19.149.236:8099/root/devsecops/-/jobs/287" "Mozilla/5.0 (Windows NT 10.0; Win64; x64) AppleWebKit/537.36 (KHTML, like Gecko) Chrome/139.0.0.0 Safari/537.36" -
172.18.0.1 - - [02/Sep/2025:02:59:55 +0000] "POST /api/v4/jobs/request HTTP/1.1" 204 0 "" "gitlab-runner 18.3.0 (18-3-stable; go1.24.4 X:cacheprog; linux/amd64)" -
172.18.0.1 - - [02/Sep/2025:02:59:58 +0000] "POST /api/v4/jobs/request HTTP/1.1" 204 0 "" "gitlab-runner 18.3.0 (18-3-stable; go1.24.4 X:cacheprog; linux/amd64)" -
172.18.0.1 - - [02/Sep/2025:03:00:01 +0000] "POST /api/v4/jobs/request HTTP/1.1" 204 0 "" "gitlab-runner 18.3.0 (18-3-stable; go1.24.4 X:cacheprog; linux/amd64)" -
172.19.144.1 - - [02/Sep/2025:03:00:02 +0000] "POST /-/collect_events HTTP/1.1" 200 0 "http://172.19.149.236:8099/root/devsecops/-/jobs/287" "Mozilla/5.0 (Windows NT 10.0; Win64; x64) AppleWebKit/537.36 (KHTML, like Gecko) Chrome/139.0.0.0 Safari/537.36" -
172.18.0.1 - - [02/Sep/2025:03:00:04 +0000] "POST /api/v4/jobs/request HTTP/1.1" 204 0 "" "gitlab-runner 18.3.0 (18-3-stable; go1.24.4 X:cacheprog; linux/amd64)" -
172.18.0.1 - - [02/Sep/2025:03:00:07 +0000] "POST /api/v4/jobs/request HTTP/1.1" 204 0 "" "gitlab-runner 18.3.0 (18-3-stable; go1.24.4 X:cacheprog; linux/amd64)" -
172.18.0.1 - - [02/Sep/2025:03:00:10 +0000] "POST /api/v4/jobs/request HTTP/1.1" 204 0 "" "gitlab-runner 18.3.0 (18-3-stable; go1.24.4 X:cacheprog; linux/amd64)" -
172.18.0.1 - - [02/Sep/2025:03:00:12 +0000] "POST /api/v4/jobs/request HTTP/1.1" 204 0 "" "gitlab-runner 18.3.0 (18-3-stable; go1.24.4 X:cacheprog; linux/amd64)" -
172.18.0.1 - - [02/Sep/2025:03:00:15 +0000] "POST /api/v4/jobs/request HTTP/1.1" 204 0 "" "gitlab-runner 18.3.0 (18-3-stable; go1.24.4 X:cacheprog; linux/amd64)" -
172.18.0.1 - - [02/Sep/2025:03:00:18 +0000] "POST /api/v4/jobs/request HTTP/1.1" 204 0 "" "gitlab-runner 18.3.0 (18-3-stable; go1.24.4 X:cacheprog; linux/amd64)" -
172.18.0.1 - - [02/Sep/2025:03:00:21 +0000] "POST /api/v4/jobs/request HTTP/1.1" 204 0 "" "gitlab-runner 18.3.0 (18-3-stable; go1.24.4 X:cacheprog; linux/amd64)" -
172.18.0.1 - - [02/Sep/2025:03:00:24 +0000] "POST /api/v4/jobs/request HTTP/1.1" 204 0 "" "gitlab-runner 18.3.0 (18-3-stable; go1.24.4 X:cacheprog; linux/amd64)" -
172.18.0.1 - - [02/Sep/2025:03:00:27 +0000] "POST /api/v4/jobs/request HTTP/1.1" 204 0 "" "gitlab-runner 18.3.0 (18-3-stable; go1.24.4 X:cacheprog; linux/amd64)" -
172.18.0.1 - - [02/Sep/2025:03:00:30 +0000] "POST /api/v4/jobs/request HTTP/1.1" 204 0 "" "gitlab-runner 18.3.0 (18-3-stable; go1.24.4 X:cacheprog; linux/amd64)" -
172.18.0.1 - - [02/Sep/2025:03:00:33 +0000] "POST /api/v4/jobs/request HTTP/1.1" 204 0 "" "gitlab-runner 18.3.0 (18-3-stable; go1.24.4 X:cacheprog; linux/amd64)" -
172.18.0.1 - - [02/Sep/2025:03:00:36 +0000] "POST /api/v4/jobs/request HTTP/1.1" 204 0 "" "gitlab-runner 18.3.0 (18-3-stable; go1.24.4 X:cacheprog; linux/amd64)" -
127.0.0.1 - - [02/Sep/2025:03:00:38 +0000] "GET /help HTTP/1.1" 200 29533 "" "curl/8.14.1-DEV" -
172.18.0.1 - - [02/Sep/2025:03:00:39 +0000] "POST /api/v4/jobs/request HTTP/1.1" 204 0 "" "gitlab-runner 18.3.0 (18-3-stable; go1.24.4 X:cacheprog; linux/amd64)" -
172.18.0.1 - - [02/Sep/2025:03:00:42 +0000] "POST /api/v4/jobs/request HTTP/1.1" 204 0 "" "gitlab-runner 18.3.0 (18-3-stable; go1.24.4 X:cacheprog; linux/amd64)" -
172.18.0.1 - - [02/Sep/2025:03:00:44 +0000] "POST /api/v4/jobs/request HTTP/1.1" 204 0 "" "gitlab-runner 18.3.0 (18-3-stable; go1.24.4 X:cacheprog; linux/amd64)" -
172.18.0.1 - - [02/Sep/2025:03:00:47 +0000] "POST /api/v4/jobs/request HTTP/1.1" 204 0 "" "gitlab-runner 18.3.0 (18-3-stable; go1.24.4 X:cacheprog; linux/amd64)" -
172.18.0.1 - - [02/Sep/2025:03:00:50 +0000] "POST /api/v4/jobs/request HTTP/1.1" 204 0 "" "gitlab-runner 18.3.0 (18-3-stable; go1.24.4 X:cacheprog; linux/amd64)" -
172.18.0.1 - - [02/Sep/2025:03:00:53 +0000] "POST /api/v4/jobs/request HTTP/1.1" 204 0 "" "gitlab-runner 18.3.0 (18-3-stable; go1.24.4 X:cacheprog; linux/amd64)" -
172.18.0.1 - - [02/Sep/2025:03:00:56 +0000] "GET /root/devsecops.git/info/refs?service=git-receive-pack HTTP/1.1" 401 351 "" "git/2.43.0" -
172.18.0.1 - - [02/Sep/2025:03:00:56 +0000] "POST /api/v4/jobs/request HTTP/1.1" 204 0 "" "gitlab-runner 18.3.0 (18-3-stable; go1.24.4 X:cacheprog; linux/amd64)" -
172.18.0.1 - - [02/Sep/2025:03:00:59 +0000] "POST /api/v4/jobs/request HTTP/1.1" 204 0 "" "gitlab-runner 18.3.0 (18-3-stable; go1.24.4 X:cacheprog; linux/amd64)" -
172.18.0.1 - root [02/Sep/2025:03:00:59 +0000] "GET /root/devsecops.git/info/refs?service=git-receive-pack HTTP/1.1" 200 204 "" "git/2.43.0" -
172.18.0.1 - root [02/Sep/2025:03:01:00 +0000] "POST /root/devsecops.git/git-receive-pack HTTP/1.1" 200 52 "" "git/2.43.0" -
172.18.0.1 - - [02/Sep/2025:03:01:02 +0000] "POST /api/v4/jobs/request HTTP/1.1" 201 9999 "" "gitlab-runner 18.3.0 (18-3-stable; go1.24.4 X:cacheprog; linux/amd64)" -
172.19.144.1 - - [02/Sep/2025:03:01:03 +0000] "GET /root/devsecops/-/jobs/287.json HTTP/1.1" 304 0 "http://172.19.149.236:8099/root/devsecops/-/jobs/287" "Mozilla/5.0 (Windows NT 10.0; Win64; x64) AppleWebKit/537.36 (KHTML, like Gecko) Chrome/139.0.0.0 Safari/537.36" -
172.19.144.1 - - [02/Sep/2025:03:01:03 +0000] "GET /root/devsecops/-/jobs/287/trace?state=eyJvZmZzZXQiOjM5NjgsInN0eWxlIjp7ImZnIjpudWxsLCJiZyI6bnVsbCwibWFzayI6MH0sIm9wZW5fc2VjdGlvbnMiOnt9fQ--a6e40d31c1c5364ba80a949f0c00f892bc01a3c232c6b16577dfb3c561d48491 HTTP/1.1" 304 0 "http://172.19.149.236:8099/root/devsecops/-/jobs/287" "Mozilla/5.0 (Windows NT 10.0; Win64; x64) AppleWebKit/537.36 (KHTML, like Gecko) Chrome/139.0.0.0 Safari/537.36" -
172.18.0.1 - - [02/Sep/2025:03:01:05 +0000] "PATCH /api/v4/jobs/288/trace?debug_trace=false HTTP/1.1" 202 2 "" "gitlab-runner 18.3.0 (18-3-stable; go1.24.4 X:cacheprog; linux/amd64)" -
172.19.144.1 - - [02/Sep/2025:03:01:07 +0000] "POST /root/devsecops/-/jobs/287/retry HTTP/1.1" 302 118 "http://172.19.149.236:8099/root/devsecops/-/jobs/287" "Mozilla/5.0 (Windows NT 10.0; Win64; x64) AppleWebKit/537.36 (KHTML, like Gecko) Chrome/139.0.0.0 Safari/537.36" -
172.19.144.1 - - [02/Sep/2025:03:01:08 +0000] "GET /root/devsecops/-/jobs/290 HTTP/1.1" 200 10173 "http://172.19.149.236:8099/root/devsecops/-/jobs/287" "Mozilla/5.0 (Windows NT 10.0; Win64; x64) AppleWebKit/537.36 (KHTML, like Gecko) Chrome/139.0.0.0 Safari/537.36" 3.80
172.19.144.1 - - [02/Sep/2025:03:01:08 +0000] "POST /api/graphql HTTP/1.1" 200 191 "http://172.19.149.236:8099/root/devsecops/-/jobs/290" "Mozilla/5.0 (Windows NT 10.0; Win64; x64) AppleWebKit/537.36 (KHTML, like Gecko) Chrome/139.0.0.0 Safari/537.36" -
172.19.144.1 - - [02/Sep/2025:03:01:08 +0000] "GET /-/cable HTTP/1.1" 101 3562 "" "Mozilla/5.0 (Windows NT 10.0; Win64; x64) AppleWebKit/537.36 (KHTML, like Gecko) Chrome/139.0.0.0 Safari/537.36" -
172.19.144.1 - - [02/Sep/2025:03:01:08 +0000] "POST /-/collect_events HTTP/1.1" 200 0 "http://172.19.149.236:8099/root/devsecops/-/jobs/290" "Mozilla/5.0 (Windows NT 10.0; Win64; x64) AppleWebKit/537.36 (KHTML, like Gecko) Chrome/139.0.0.0 Safari/537.36" -
172.19.144.1 - - [02/Sep/2025:03:01:08 +0000] "POST /-/collect_events HTTP/1.1" 200 0 "http://172.19.149.236:8099/root/devsecops/-/jobs/290" "Mozilla/5.0 (Windows NT 10.0; Win64; x64) AppleWebKit/537.36 (KHTML, like Gecko) Chrome/139.0.0.0 Safari/537.36" -
172.19.144.1 - - [02/Sep/2025:03:01:08 +0000] "GET /root/devsecops/-/jobs/290.json HTTP/1.1" 200 1876 "http://172.19.149.236:8099/root/devsecops/-/jobs/290" "Mozilla/5.0 (Windows NT 10.0; Win64; x64) AppleWebKit/537.36 (KHTML, like Gecko) Chrome/139.0.0.0 Safari/537.36" 2.95
172.19.144.1 - - [02/Sep/2025:03:01:08 +0000] "POST /api/graphql HTTP/1.1" 200 285 "http://172.19.149.236:8099/root/devsecops/-/jobs/290" "Mozilla/5.0 (Windows NT 10.0; Win64; x64) AppleWebKit/537.36 (KHTML, like Gecko) Chrome/139.0.0.0 Safari/537.36" 1.66
172.19.144.1 - - [02/Sep/2025:03:01:08 +0000] "POST /api/graphql HTTP/1.1" 200 285 "http://172.19.149.236:8099/root/devsecops/-/jobs/290" "Mozilla/5.0 (Windows NT 10.0; Win64; x64) AppleWebKit/537.36 (KHTML, like Gecko) Chrome/139.0.0.0 Safari/537.36" 1.66
172.19.144.1 - - [02/Sep/2025:03:01:08 +0000] "GET /root/devsecops/-/jobs/290/trace HTTP/1.1" 204 0 "http://172.19.149.236:8099/root/devsecops/-/jobs/290" "Mozilla/5.0 (Windows NT 10.0; Win64; x64) AppleWebKit/537.36 (KHTML, like Gecko) Chrome/139.0.0.0 Safari/537.36" -
172.19.144.1 - - [02/Sep/2025:03:01:09 +0000] "GET /root/devsecops/-/pipelines/104/stage.json?stage=build&retried=1 HTTP/1.1" 200 1183 "http://172.19.149.236:8099/root/devsecops/-/jobs/290" "Mozilla/5.0 (Windows NT 10.0; Win64; x64) AppleWebKit/537.36 (KHTML, like Gecko) Chrome/139.0.0.0 Safari/537.36" 4.54
172.19.144.1 - - [02/Sep/2025:03:01:13 +0000] "GET /root/devsecops/-/jobs/290/trace HTTP/1.1" 204 0 "http://172.19.149.236:8099/root/devsecops/-/jobs/290" "Mozilla/5.0 (Windows NT 10.0; Win64; x64) AppleWebKit/537.36 (KHTML, like Gecko) Chrome/139.0.0.0 Safari/537.36" -
172.19.144.1 - - [02/Sep/2025:03:01:13 +0000] "GET /root/devsecops/-/jobs/290 HTTP/1.1" 200 10168 "http://172.19.149.236:8099/root/devsecops/-/jobs/290" "Mozilla/5.0 (Windows NT 10.0; Win64; x64) AppleWebKit/537.36 (KHTML, like Gecko) Chrome/139.0.0.0 Safari/537.36" 3.80
172.19.144.1 - - [02/Sep/2025:03:01:13 +0000] "GET /-/cable HTTP/1.1" 101 1222 "" "Mozilla/5.0 (Windows NT 10.0; Win64; x64) AppleWebKit/537.36 (KHTML, like Gecko) Chrome/139.0.0.0 Safari/537.36" -
172.19.144.1 - - [02/Sep/2025:03:01:13 +0000] "POST /api/graphql HTTP/1.1" 200 191 "http://172.19.149.236:8099/root/devsecops/-/jobs/290" "Mozilla/5.0 (Windows NT 10.0; Win64; x64) AppleWebKit/537.36 (KHTML, like Gecko) Chrome/139.0.0.0 Safari/537.36" -
172.19.144.1 - - [02/Sep/2025:03:01:13 +0000] "POST /-/collect_events HTTP/1.1" 200 0 "http://172.19.149.236:8099/root/devsecops/-/jobs/290" "Mozilla/5.0 (Windows NT 10.0; Win64; x64) AppleWebKit/537.36 (KHTML, like Gecko) Chrome/139.0.0.0 Safari/537.36" -
172.19.144.1 - - [02/Sep/2025:03:01:13 +0000] "POST /-/collect_events HTTP/1.1" 200 0 "http://172.19.149.236:8099/root/devsecops/-/jobs/290" "Mozilla/5.0 (Windows NT 10.0; Win64; x64) AppleWebKit/537.36 (KHTML, like Gecko) Chrome/139.0.0.0 Safari/537.36" -
172.19.144.1 - - [02/Sep/2025:03:01:13 +0000] "GET /root/devsecops/-/jobs/290.json HTTP/1.1" 200 1875 "http://172.19.149.236:8099/root/devsecops/-/jobs/290" "Mozilla/5.0 (Windows NT 10.0; Win64; x64) AppleWebKit/537.36 (KHTML, like Gecko) Chrome/139.0.0.0 Safari/537.36" 2.95
172.19.144.1 - - [02/Sep/2025:03:01:13 +0000] "POST /api/graphql HTTP/1.1" 200 285 "http://172.19.149.236:8099/root/devsecops/-/jobs/290" "Mozilla/5.0 (Windows NT 10.0; Win64; x64) AppleWebKit/537.36 (KHTML, like Gecko) Chrome/139.0.0.0 Safari/537.36" 1.66
172.19.144.1 - - [02/Sep/2025:03:01:13 +0000] "POST /api/graphql HTTP/1.1" 200 285 "http://172.19.149.236:8099/root/devsecops/-/jobs/290" "Mozilla/5.0 (Windows NT 10.0; Win64; x64) AppleWebKit/537.36 (KHTML, like Gecko) Chrome/139.0.0.0 Safari/537.36" 1.66
172.19.144.1 - - [02/Sep/2025:03:01:13 +0000] "GET /root/devsecops/-/jobs/290/trace HTTP/1.1" 204 0 "http://172.19.149.236:8099/root/devsecops/-/jobs/290" "Mozilla/5.0 (Windows NT 10.0; Win64; x64) AppleWebKit/537.36 (KHTML, like Gecko) Chrome/139.0.0.0 Safari/537.36" -
172.19.144.1 - - [02/Sep/2025:03:01:13 +0000] "GET /root/devsecops/-/pipelines/104/stage.json?stage=build&retried=1 HTTP/1.1" 200 1184 "http://172.19.149.236:8099/root/devsecops/-/jobs/290" "Mozilla/5.0 (Windows NT 10.0; Win64; x64) AppleWebKit/537.36 (KHTML, like Gecko) Chrome/139.0.0.0 Safari/537.36" 4.53
172.18.0.1 - - [02/Sep/2025:03:01:14 +0000] "GET /root/devsecops.git/info/refs?service=git-upload-pack HTTP/1.1" 200 163 "" "gitlab-runner 18.3.0 linux/amd64" -
172.18.0.1 - - [02/Sep/2025:03:01:14 +0000] "POST /root/devsecops.git/git-upload-pack HTTP/1.1" 200 131 "" "gitlab-runner 18.3.0 linux/amd64" -
172.18.0.1 - - [02/Sep/2025:03:01:13 +0000] "POST /root/devsecops.git/git-upload-pack HTTP/1.1" 200 469 "" "gitlab-runner 18.3.0 linux/amd64" -
172.19.144.1 - - [02/Sep/2025:03:01:14 +0000] "GET /root/devsecops/-/jobs/290 HTTP/1.1" 200 10165 "http://172.19.149.236:8099/root/devsecops/-/jobs/290" "Mozilla/5.0 (Windows NT 10.0; Win64; x64) AppleWebKit/537.36 (KHTML, like Gecko) Chrome/139.0.0.0 Safari/537.36" 3.80
172.19.144.1 - - [02/Sep/2025:03:01:14 +0000] "GET /-/cable HTTP/1.1" 101 1142 "" "Mozilla/5.0 (Windows NT 10.0; Win64; x64) AppleWebKit/537.36 (KHTML, like Gecko) Chrome/139.0.0.0 Safari/537.36" -
172.19.144.1 - - [02/Sep/2025:03:01:14 +0000] "POST /api/graphql HTTP/1.1" 200 191 "http://172.19.149.236:8099/root/devsecops/-/jobs/290" "Mozilla/5.0 (Windows NT 10.0; Win64; x64) AppleWebKit/537.36 (KHTML, like Gecko) Chrome/139.0.0.0 Safari/537.36" -
172.19.144.1 - - [02/Sep/2025:03:01:14 +0000] "POST /-/collect_events HTTP/1.1" 200 0 "http://172.19.149.236:8099/root/devsecops/-/jobs/290" "Mozilla/5.0 (Windows NT 10.0; Win64; x64) AppleWebKit/537.36 (KHTML, like Gecko) Chrome/139.0.0.0 Safari/537.36" -
172.19.144.1 - - [02/Sep/2025:03:01:14 +0000] "POST /-/collect_events HTTP/1.1" 200 0 "http://172.19.149.236:8099/root/devsecops/-/jobs/290" "Mozilla/5.0 (Windows NT 10.0; Win64; x64) AppleWebKit/537.36 (KHTML, like Gecko) Chrome/139.0.0.0 Safari/537.36" -
172.19.144.1 - - [02/Sep/2025:03:01:15 +0000] "GET /root/devsecops/-/jobs/290.json HTTP/1.1" 200 1875 "http://172.19.149.236:8099/root/devsecops/-/jobs/290" "Mozilla/5.0 (Windows NT 10.0; Win64; x64) AppleWebKit/537.36 (KHTML, like Gecko) Chrome/139.0.0.0 Safari/537.36" 2.95
172.19.144.1 - - [02/Sep/2025:03:01:15 +0000] "POST /api/graphql HTTP/1.1" 200 285 "http://172.19.149.236:8099/root/devsecops/-/jobs/290" "Mozilla/5.0 (Windows NT 10.0; Win64; x64) AppleWebKit/537.36 (KHTML, like Gecko) Chrome/139.0.0.0 Safari/537.36" 1.66
172.19.144.1 - - [02/Sep/2025:03:01:15 +0000] "POST /api/graphql HTTP/1.1" 200 285 "http://172.19.149.236:8099/root/devsecops/-/jobs/290" "Mozilla/5.0 (Windows NT 10.0; Win64; x64) AppleWebKit/537.36 (KHTML, like Gecko) Chrome/139.0.0.0 Safari/537.36" 1.66
172.19.144.1 - - [02/Sep/2025:03:01:15 +0000] "GET /root/devsecops/-/pipelines/104/stage.json?stage=build&retried=1 HTTP/1.1" 200 1184 "http://172.19.149.236:8099/root/devsecops/-/jobs/290" "Mozilla/5.0 (Windows NT 10.0; Win64; x64) AppleWebKit/537.36 (KHTML, like Gecko) Chrome/139.0.0.0 Safari/537.36" 4.53
