172.18.0.3 - - [02/Sep/2025:02:31:09 +0000] "POST /api/v4/jobs/request HTTP/1.1" 204 0 "" "gitlab-runner 18.3.0 (18-3-stable; go1.24.4 X:cacheprog; linux/amd64)" -
172.18.0.3 - - [02/Sep/2025:02:31:12 +0000] "POST /api/v4/jobs/request HTTP/1.1" 204 0 "" "gitlab-runner 18.3.0 (18-3-stable; go1.24.4 X:cacheprog; linux/amd64)" -
172.18.0.3 - - [02/Sep/2025:02:31:15 +0000] "POST /api/v4/jobs/request HTTP/1.1" 204 0 "" "gitlab-runner 18.3.0 (18-3-stable; go1.24.4 X:cacheprog; linux/amd64)" -
172.18.0.3 - - [02/Sep/2025:02:31:18 +0000] "POST /api/v4/jobs/request HTTP/1.1" 204 0 "" "gitlab-runner 18.3.0 (18-3-stable; go1.24.4 X:cacheprog; linux/amd64)" -
172.18.0.3 - - [02/Sep/2025:02:31:21 +0000] "POST /api/v4/jobs/request HTTP/1.1" 204 0 "" "gitlab-runner 18.3.0 (18-3-stable; go1.24.4 X:cacheprog; linux/amd64)" -
172.18.0.3 - - [02/Sep/2025:02:31:24 +0000] "POST /api/v4/jobs/request HTTP/1.1" 204 0 "" "gitlab-runner 18.3.0 (18-3-stable; go1.24.4 X:cacheprog; linux/amd64)" -
172.18.0.3 - - [02/Sep/2025:02:31:27 +0000] "POST /api/v4/jobs/request HTTP/1.1" 204 0 "" "gitlab-runner 18.3.0 (18-3-stable; go1.24.4 X:cacheprog; linux/amd64)" -
172.18.0.3 - - [02/Sep/2025:02:31:30 +0000] "POST /api/v4/jobs/request HTTP/1.1" 204 0 "" "gitlab-runner 18.3.0 (18-3-stable; go1.24.4 X:cacheprog; linux/amd64)" -
172.18.0.3 - - [02/Sep/2025:02:31:33 +0000] "POST /api/v4/jobs/request HTTP/1.1" 204 0 "" "gitlab-runner 18.3.0 (18-3-stable; go1.24.4 X:cacheprog; linux/amd64)" -
127.0.0.1 - - [02/Sep/2025:02:31:34 +0000] "GET /help HTTP/1.1" 200 29533 "" "curl/8.14.1-DEV" -
172.18.0.3 - - [02/Sep/2025:02:31:37 +0000] "POST /api/v4/jobs/request HTTP/1.1" 204 0 "" "gitlab-runner 18.3.0 (18-3-stable; go1.24.4 X:cacheprog; linux/amd64)" -
172.18.0.3 - - [02/Sep/2025:02:31:40 +0000] "POST /api/v4/jobs/request HTTP/1.1" 204 0 "" "gitlab-runner 18.3.0 (18-3-stable; go1.24.4 X:cacheprog; linux/amd64)" -
172.18.0.3 - - [02/Sep/2025:02:31:43 +0000] "POST /api/v4/jobs/request HTTP/1.1" 204 0 "" "gitlab-runner 18.3.0 (18-3-stable; go1.24.4 X:cacheprog; linux/amd64)" -
172.18.0.3 - - [02/Sep/2025:02:31:46 +0000] "POST /api/v4/jobs/request HTTP/1.1" 204 0 "" "gitlab-runner 18.3.0 (18-3-stable; go1.24.4 X:cacheprog; linux/amd64)" -
172.18.0.3 - - [02/Sep/2025:02:31:49 +0000] "POST /api/v4/jobs/request HTTP/1.1" 204 0 "" "gitlab-runner 18.3.0 (18-3-stable; go1.24.4 X:cacheprog; linux/amd64)" -
172.18.0.3 - - [02/Sep/2025:02:31:52 +0000] "POST /api/v4/jobs/request HTTP/1.1" 204 0 "" "gitlab-runner 18.3.0 (18-3-stable; go1.24.4 X:cacheprog; linux/amd64)" -
172.18.0.3 - - [02/Sep/2025:02:31:55 +0000] "POST /api/v4/jobs/request HTTP/1.1" 204 0 "" "gitlab-runner 18.3.0 (18-3-stable; go1.24.4 X:cacheprog; linux/amd64)" -
172.18.0.3 - - [02/Sep/2025:02:31:58 +0000] "POST /api/v4/jobs/request HTTP/1.1" 204 0 "" "gitlab-runner 18.3.0 (18-3-stable; go1.24.4 X:cacheprog; linux/amd64)" -
172.18.0.3 - - [02/Sep/2025:02:32:01 +0000] "POST /api/v4/jobs/request HTTP/1.1" 204 0 "" "gitlab-runner 18.3.0 (18-3-stable; go1.24.4 X:cacheprog; linux/amd64)" -
172.18.0.3 - - [02/Sep/2025:02:32:04 +0000] "POST /api/v4/jobs/request HTTP/1.1" 204 0 "" "gitlab-runner 18.3.0 (18-3-stable; go1.24.4 X:cacheprog; linux/amd64)" -
172.18.0.3 - - [02/Sep/2025:02:32:07 +0000] "POST /api/v4/jobs/request HTTP/1.1" 204 0 "" "gitlab-runner 18.3.0 (18-3-stable; go1.24.4 X:cacheprog; linux/amd64)" -
172.18.0.3 - - [02/Sep/2025:02:32:10 +0000] "POST /api/v4/jobs/request HTTP/1.1" 204 0 "" "gitlab-runner 18.3.0 (18-3-stable; go1.24.4 X:cacheprog; linux/amd64)" -
172.18.0.3 - - [02/Sep/2025:02:32:13 +0000] "POST /api/v4/jobs/request HTTP/1.1" 204 0 "" "gitlab-runner 18.3.0 (18-3-stable; go1.24.4 X:cacheprog; linux/amd64)" -
172.18.0.3 - - [02/Sep/2025:02:32:16 +0000] "POST /api/v4/jobs/request HTTP/1.1" 204 0 "" "gitlab-runner 18.3.0 (18-3-stable; go1.24.4 X:cacheprog; linux/amd64)" -
172.18.0.3 - - [02/Sep/2025:02:32:19 +0000] "POST /api/v4/jobs/request HTTP/1.1" 204 0 "" "gitlab-runner 18.3.0 (18-3-stable; go1.24.4 X:cacheprog; linux/amd64)" -
172.18.0.3 - - [02/Sep/2025:02:32:22 +0000] "POST /api/v4/jobs/request HTTP/1.1" 204 0 "" "gitlab-runner 18.3.0 (18-3-stable; go1.24.4 X:cacheprog; linux/amd64)" -
172.18.0.3 - - [02/Sep/2025:02:32:25 +0000] "POST /api/v4/jobs/request HTTP/1.1" 204 0 "" "gitlab-runner 18.3.0 (18-3-stable; go1.24.4 X:cacheprog; linux/amd64)" -
172.18.0.3 - - [02/Sep/2025:02:32:28 +0000] "POST /api/v4/jobs/request HTTP/1.1" 204 0 "" "gitlab-runner 18.3.0 (18-3-stable; go1.24.4 X:cacheprog; linux/amd64)" -
172.18.0.3 - - [02/Sep/2025:02:32:31 +0000] "POST /api/v4/jobs/request HTTP/1.1" 204 0 "" "gitlab-runner 18.3.0 (18-3-stable; go1.24.4 X:cacheprog; linux/amd64)" -
127.0.0.1 - - [02/Sep/2025:02:32:33 +0000] "GET /help HTTP/1.1" 200 29533 "" "curl/8.14.1-DEV" -
172.18.0.3 - - [02/Sep/2025:02:32:34 +0000] "POST /api/v4/jobs/request HTTP/1.1" 204 0 "" "gitlab-runner 18.3.0 (18-3-stable; go1.24.4 X:cacheprog; linux/amd64)" -
172.18.0.3 - - [02/Sep/2025:02:32:37 +0000] "POST /api/v4/jobs/request HTTP/1.1" 204 0 "" "gitlab-runner 18.3.0 (18-3-stable; go1.24.4 X:cacheprog; linux/amd64)" -
172.18.0.3 - - [02/Sep/2025:02:32:39 +0000] "POST /api/v4/jobs/request HTTP/1.1" 204 0 "" "gitlab-runner 18.3.0 (18-3-stable; go1.24.4 X:cacheprog; linux/amd64)" -
172.18.0.3 - - [02/Sep/2025:02:32:42 +0000] "POST /api/v4/jobs/request HTTP/1.1" 204 0 "" "gitlab-runner 18.3.0 (18-3-stable; go1.24.4 X:cacheprog; linux/amd64)" -
172.18.0.3 - - [02/Sep/2025:02:32:45 +0000] "POST /api/v4/jobs/request HTTP/1.1" 204 0 "" "gitlab-runner 18.3.0 (18-3-stable; go1.24.4 X:cacheprog; linux/amd64)" -
172.18.0.3 - - [02/Sep/2025:02:32:48 +0000] "POST /api/v4/jobs/request HTTP/1.1" 204 0 "" "gitlab-runner 18.3.0 (18-3-stable; go1.24.4 X:cacheprog; linux/amd64)" -
172.18.0.3 - - [02/Sep/2025:02:32:51 +0000] "POST /api/v4/jobs/request HTTP/1.1" 204 0 "" "gitlab-runner 18.3.0 (18-3-stable; go1.24.4 X:cacheprog; linux/amd64)" -
172.18.0.3 - - [02/Sep/2025:02:32:54 +0000] "POST /api/v4/jobs/request HTTP/1.1" 204 0 "" "gitlab-runner 18.3.0 (18-3-stable; go1.24.4 X:cacheprog; linux/amd64)" -
172.18.0.3 - - [02/Sep/2025:02:32:57 +0000] "POST /api/v4/jobs/request HTTP/1.1" 204 0 "" "gitlab-runner 18.3.0 (18-3-stable; go1.24.4 X:cacheprog; linux/amd64)" -
172.18.0.3 - - [02/Sep/2025:02:33:00 +0000] "POST /api/v4/jobs/request HTTP/1.1" 204 0 "" "gitlab-runner 18.3.0 (18-3-stable; go1.24.4 X:cacheprog; linux/amd64)" -
172.18.0.3 - - [02/Sep/2025:02:33:03 +0000] "POST /api/v4/jobs/request HTTP/1.1" 204 0 "" "gitlab-runner 18.3.0 (18-3-stable; go1.24.4 X:cacheprog; linux/amd64)" -
172.18.0.3 - - [02/Sep/2025:02:33:06 +0000] "POST /api/v4/jobs/request HTTP/1.1" 204 0 "" "gitlab-runner 18.3.0 (18-3-stable; go1.24.4 X:cacheprog; linux/amd64)" -
172.18.0.3 - - [02/Sep/2025:02:33:09 +0000] "POST /api/v4/jobs/request HTTP/1.1" 204 0 "" "gitlab-runner 18.3.0 (18-3-stable; go1.24.4 X:cacheprog; linux/amd64)" -
172.18.0.3 - - [02/Sep/2025:02:33:12 +0000] "POST /api/v4/jobs/request HTTP/1.1" 204 0 "" "gitlab-runner 18.3.0 (18-3-stable; go1.24.4 X:cacheprog; linux/amd64)" -
172.18.0.1 - - [02/Sep/2025:02:33:12 +0000] "GET /api/v4/internal/kubernetes/receptive_agents HTTP/1.1" 404 25 "" "gitlab-kas/v18.3.1/v18.3.1" -
172.18.0.3 - - [02/Sep/2025:02:33:15 +0000] "POST /api/v4/jobs/request HTTP/1.1" 204 0 "" "gitlab-runner 18.3.0 (18-3-stable; go1.24.4 X:cacheprog; linux/amd64)" -
172.18.0.3 - - [02/Sep/2025:02:33:18 +0000] "POST /api/v4/jobs/request HTTP/1.1" 204 0 "" "gitlab-runner 18.3.0 (18-3-stable; go1.24.4 X:cacheprog; linux/amd64)" -
172.18.0.3 - - [02/Sep/2025:02:33:21 +0000] "POST /api/v4/jobs/request HTTP/1.1" 204 0 "" "gitlab-runner 18.3.0 (18-3-stable; go1.24.4 X:cacheprog; linux/amd64)" -
172.18.0.3 - - [02/Sep/2025:02:33:24 +0000] "POST /api/v4/jobs/request HTTP/1.1" 204 0 "" "gitlab-runner 18.3.0 (18-3-stable; go1.24.4 X:cacheprog; linux/amd64)" -
172.18.0.3 - - [02/Sep/2025:02:33:27 +0000] "POST /api/v4/jobs/request HTTP/1.1" 204 0 "" "gitlab-runner 18.3.0 (18-3-stable; go1.24.4 X:cacheprog; linux/amd64)" -
172.18.0.3 - - [02/Sep/2025:02:33:30 +0000] "POST /api/v4/jobs/request HTTP/1.1" 204 0 "" "gitlab-runner 18.3.0 (18-3-stable; go1.24.4 X:cacheprog; linux/amd64)" -
127.0.0.1 - - [02/Sep/2025:02:33:32 +0000] "GET /help HTTP/1.1" 200 29533 "" "curl/8.14.1-DEV" -
172.18.0.3 - - [02/Sep/2025:02:33:33 +0000] "POST /api/v4/jobs/request HTTP/1.1" 204 0 "" "gitlab-runner 18.3.0 (18-3-stable; go1.24.4 X:cacheprog; linux/amd64)" -
172.18.0.3 - - [02/Sep/2025:02:33:36 +0000] "POST /api/v4/jobs/request HTTP/1.1" 204 0 "" "gitlab-runner 18.3.0 (18-3-stable; go1.24.4 X:cacheprog; linux/amd64)" -
172.18.0.3 - - [02/Sep/2025:02:33:39 +0000] "POST /api/v4/jobs/request HTTP/1.1" 204 0 "" "gitlab-runner 18.3.0 (18-3-stable; go1.24.4 X:cacheprog; linux/amd64)" -
172.18.0.3 - - [02/Sep/2025:02:33:41 +0000] "POST /api/v4/jobs/request HTTP/1.1" 204 0 "" "gitlab-runner 18.3.0 (18-3-stable; go1.24.4 X:cacheprog; linux/amd64)" -
172.18.0.3 - - [02/Sep/2025:02:33:44 +0000] "POST /api/v4/jobs/request HTTP/1.1" 204 0 "" "gitlab-runner 18.3.0 (18-3-stable; go1.24.4 X:cacheprog; linux/amd64)" -
172.18.0.3 - - [02/Sep/2025:02:33:47 +0000] "POST /api/v4/jobs/request HTTP/1.1" 204 0 "" "gitlab-runner 18.3.0 (18-3-stable; go1.24.4 X:cacheprog; linux/amd64)" -
172.18.0.3 - - [02/Sep/2025:02:33:50 +0000] "POST /api/v4/jobs/request HTTP/1.1" 204 0 "" "gitlab-runner 18.3.0 (18-3-stable; go1.24.4 X:cacheprog; linux/amd64)" -
172.18.0.3 - - [02/Sep/2025:02:33:53 +0000] "POST /api/v4/jobs/request HTTP/1.1" 204 0 "" "gitlab-runner 18.3.0 (18-3-stable; go1.24.4 X:cacheprog; linux/amd64)" -
172.18.0.3 - - [02/Sep/2025:02:33:56 +0000] "POST /api/v4/jobs/request HTTP/1.1" 204 0 "" "gitlab-runner 18.3.0 (18-3-stable; go1.24.4 X:cacheprog; linux/amd64)" -
172.18.0.3 - - [02/Sep/2025:02:34:02 +0000] "POST /api/v4/jobs/request HTTP/1.1" 204 0 "" "gitlab-runner 18.3.0 (18-3-stable; go1.24.4 X:cacheprog; linux/amd64)" -
172.18.0.3 - - [02/Sep/2025:02:34:05 +0000] "POST /api/v4/jobs/request HTTP/1.1" 204 0 "" "gitlab-runner 18.3.0 (18-3-stable; go1.24.4 X:cacheprog; linux/amd64)" -
172.18.0.3 - - [02/Sep/2025:02:34:08 +0000] "POST /api/v4/jobs/request HTTP/1.1" 204 0 "" "gitlab-runner 18.3.0 (18-3-stable; go1.24.4 X:cacheprog; linux/amd64)" -
172.18.0.3 - - [02/Sep/2025:02:34:11 +0000] "POST /api/v4/jobs/request HTTP/1.1" 204 0 "" "gitlab-runner 18.3.0 (18-3-stable; go1.24.4 X:cacheprog; linux/amd64)" -
172.18.0.3 - - [02/Sep/2025:02:34:13 +0000] "POST /api/v4/jobs/request HTTP/1.1" 204 0 "" "gitlab-runner 18.3.0 (18-3-stable; go1.24.4 X:cacheprog; linux/amd64)" -
172.18.0.3 - - [02/Sep/2025:02:34:16 +0000] "POST /api/v4/jobs/request HTTP/1.1" 204 0 "" "gitlab-runner 18.3.0 (18-3-stable; go1.24.4 X:cacheprog; linux/amd64)" -
172.18.0.3 - - [02/Sep/2025:02:34:19 +0000] "POST /api/v4/jobs/request HTTP/1.1" 204 0 "" "gitlab-runner 18.3.0 (18-3-stable; go1.24.4 X:cacheprog; linux/amd64)" -
172.18.0.3 - - [02/Sep/2025:02:34:22 +0000] "POST /api/v4/jobs/request HTTP/1.1" 204 0 "" "gitlab-runner 18.3.0 (18-3-stable; go1.24.4 X:cacheprog; linux/amd64)" -
172.18.0.3 - - [02/Sep/2025:02:34:25 +0000] "POST /api/v4/jobs/request HTTP/1.1" 204 0 "" "gitlab-runner 18.3.0 (18-3-stable; go1.24.4 X:cacheprog; linux/amd64)" -
172.18.0.3 - - [02/Sep/2025:02:34:28 +0000] "POST /api/v4/jobs/request HTTP/1.1" 204 0 "" "gitlab-runner 18.3.0 (18-3-stable; go1.24.4 X:cacheprog; linux/amd64)" -
127.0.0.1 - - [02/Sep/2025:02:34:31 +0000] "GET /help HTTP/1.1" 200 29533 "" "curl/8.14.1-DEV" -
172.18.0.3 - - [02/Sep/2025:02:34:31 +0000] "POST /api/v4/jobs/request HTTP/1.1" 204 0 "" "gitlab-runner 18.3.0 (18-3-stable; go1.24.4 X:cacheprog; linux/amd64)" -
172.18.0.3 - - [02/Sep/2025:02:34:34 +0000] "POST /api/v4/jobs/request HTTP/1.1" 204 0 "" "gitlab-runner 18.3.0 (18-3-stable; go1.24.4 X:cacheprog; linux/amd64)" -
172.18.0.3 - - [02/Sep/2025:02:34:37 +0000] "POST /api/v4/jobs/request HTTP/1.1" 204 0 "" "gitlab-runner 18.3.0 (18-3-stable; go1.24.4 X:cacheprog; linux/amd64)" -
172.18.0.3 - - [02/Sep/2025:02:34:40 +0000] "POST /api/v4/jobs/request HTTP/1.1" 204 0 "" "gitlab-runner 18.3.0 (18-3-stable; go1.24.4 X:cacheprog; linux/amd64)" -
172.18.0.3 - - [02/Sep/2025:02:34:43 +0000] "POST /api/v4/jobs/request HTTP/1.1" 204 0 "" "gitlab-runner 18.3.0 (18-3-stable; go1.24.4 X:cacheprog; linux/amd64)" -
172.18.0.3 - - [02/Sep/2025:02:34:45 +0000] "POST /api/v4/jobs/request HTTP/1.1" 204 0 "" "gitlab-runner 18.3.0 (18-3-stable; go1.24.4 X:cacheprog; linux/amd64)" -
172.19.144.1 - - [02/Sep/2025:02:34:47 +0000] "GET /root/devsecops/-/jobs/281.json HTTP/1.1" 304 0 "http://172.19.149.236:8099/root/devsecops/-/jobs/281" "Mozilla/5.0 (Windows NT 10.0; Win64; x64) AppleWebKit/537.36 (KHTML, like Gecko) Chrome/139.0.0.0 Safari/537.36" -
172.19.144.1 - - [02/Sep/2025:02:34:48 +0000] "GET /root/devsecops/-/jobs/281/trace?state=eyJvZmZzZXQiOjQxNzMsInN0eWxlIjp7ImZnIjpudWxsLCJiZyI6bnVsbCwibWFzayI6MH0sIm9wZW5fc2VjdGlvbnMiOnt9fQ--20b516b61c5bdf711d3c3434ccb13aaff59b8de4aef79fd1d24c49faa7449bcd HTTP/1.1" 304 0 "http://172.19.149.236:8099/root/devsecops/-/jobs/281" "Mozilla/5.0 (Windows NT 10.0; Win64; x64) AppleWebKit/537.36 (KHTML, like Gecko) Chrome/139.0.0.0 Safari/537.36" -
172.18.0.3 - - [02/Sep/2025:02:34:48 +0000] "POST /api/v4/jobs/request HTTP/1.1" 204 0 "" "gitlab-runner 18.3.0 (18-3-stable; go1.24.4 X:cacheprog; linux/amd64)" -
172.18.0.3 - - [02/Sep/2025:02:34:51 +0000] "POST /api/v4/jobs/request HTTP/1.1" 204 0 "" "gitlab-runner 18.3.0 (18-3-stable; go1.24.4 X:cacheprog; linux/amd64)" -
172.18.0.3 - - [02/Sep/2025:02:34:54 +0000] "POST /api/v4/jobs/request HTTP/1.1" 204 0 "" "gitlab-runner 18.3.0 (18-3-stable; go1.24.4 X:cacheprog; linux/amd64)" -
172.18.0.3 - - [02/Sep/2025:02:34:57 +0000] "POST /api/v4/jobs/request HTTP/1.1" 204 0 "" "gitlab-runner 18.3.0 (18-3-stable; go1.24.4 X:cacheprog; linux/amd64)" -
172.18.0.3 - - [02/Sep/2025:02:35:00 +0000] "POST /api/v4/jobs/request HTTP/1.1" 204 0 "" "gitlab-runner 18.3.0 (18-3-stable; go1.24.4 X:cacheprog; linux/amd64)" -
172.19.144.1 - - [02/Sep/2025:02:35:02 +0000] "POST /-/collect_events HTTP/1.1" 200 0 "http://172.19.149.236:8099/root/devsecops/-/jobs/281" "Mozilla/5.0 (Windows NT 10.0; Win64; x64) AppleWebKit/537.36 (KHTML, like Gecko) Chrome/139.0.0.0 Safari/537.36" -
172.18.0.3 - - [02/Sep/2025:02:35:03 +0000] "POST /api/v4/jobs/request HTTP/1.1" 204 0 "" "gitlab-runner 18.3.0 (18-3-stable; go1.24.4 X:cacheprog; linux/amd64)" -
172.18.0.3 - - [02/Sep/2025:02:35:06 +0000] "POST /api/v4/jobs/request HTTP/1.1" 204 0 "" "gitlab-runner 18.3.0 (18-3-stable; go1.24.4 X:cacheprog; linux/amd64)" -
172.18.0.3 - - [02/Sep/2025:02:35:09 +0000] "POST /api/v4/jobs/request HTTP/1.1" 204 0 "" "gitlab-runner 18.3.0 (18-3-stable; go1.24.4 X:cacheprog; linux/amd64)" -
172.18.0.3 - - [02/Sep/2025:02:35:12 +0000] "POST /api/v4/jobs/request HTTP/1.1" 204 0 "" "gitlab-runner 18.3.0 (18-3-stable; go1.24.4 X:cacheprog; linux/amd64)" -
172.18.0.3 - - [02/Sep/2025:02:35:15 +0000] "POST /api/v4/jobs/request HTTP/1.1" 204 0 "" "gitlab-runner 18.3.0 (18-3-stable; go1.24.4 X:cacheprog; linux/amd64)" -
172.18.0.3 - - [02/Sep/2025:02:35:18 +0000] "POST /api/v4/jobs/request HTTP/1.1" 204 0 "" "gitlab-runner 18.3.0 (18-3-stable; go1.24.4 X:cacheprog; linux/amd64)" -
172.18.0.3 - - [02/Sep/2025:02:35:21 +0000] "POST /api/v4/jobs/request HTTP/1.1" 204 0 "" "gitlab-runner 18.3.0 (18-3-stable; go1.24.4 X:cacheprog; linux/amd64)" -
172.18.0.3 - - [02/Sep/2025:02:35:24 +0000] "POST /api/v4/jobs/request HTTP/1.1" 204 0 "" "gitlab-runner 18.3.0 (18-3-stable; go1.24.4 X:cacheprog; linux/amd64)" -
172.18.0.3 - - [02/Sep/2025:02:35:27 +0000] "POST /api/v4/jobs/request HTTP/1.1" 204 0 "" "gitlab-runner 18.3.0 (18-3-stable; go1.24.4 X:cacheprog; linux/amd64)" -
127.0.0.1 - - [02/Sep/2025:02:35:30 +0000] "GET /help HTTP/1.1" 200 29533 "" "curl/8.14.1-DEV" -
172.18.0.3 - - [02/Sep/2025:02:35:30 +0000] "POST /api/v4/jobs/request HTTP/1.1" 204 0 "" "gitlab-runner 18.3.0 (18-3-stable; go1.24.4 X:cacheprog; linux/amd64)" -
172.18.0.3 - - [02/Sep/2025:02:35:33 +0000] "POST /api/v4/jobs/request HTTP/1.1" 204 0 "" "gitlab-runner 18.3.0 (18-3-stable; go1.24.4 X:cacheprog; linux/amd64)" -
172.18.0.3 - - [02/Sep/2025:02:35:36 +0000] "POST /api/v4/jobs/request HTTP/1.1" 204 0 "" "gitlab-runner 18.3.0 (18-3-stable; go1.24.4 X:cacheprog; linux/amd64)" -
172.18.0.3 - - [02/Sep/2025:02:35:39 +0000] "POST /api/v4/jobs/request HTTP/1.1" 204 0 "" "gitlab-runner 18.3.0 (18-3-stable; go1.24.4 X:cacheprog; linux/amd64)" -
172.18.0.3 - - [02/Sep/2025:02:35:42 +0000] "POST /api/v4/jobs/request HTTP/1.1" 204 0 "" "gitlab-runner 18.3.0 (18-3-stable; go1.24.4 X:cacheprog; linux/amd64)" -
172.18.0.3 - - [02/Sep/2025:02:35:45 +0000] "POST /api/v4/jobs/request HTTP/1.1" 204 0 "" "gitlab-runner 18.3.0 (18-3-stable; go1.24.4 X:cacheprog; linux/amd64)" -
172.18.0.3 - - [02/Sep/2025:02:35:47 +0000] "POST /api/v4/jobs/request HTTP/1.1" 204 0 "" "gitlab-runner 18.3.0 (18-3-stable; go1.24.4 X:cacheprog; linux/amd64)" -
172.18.0.3 - - [02/Sep/2025:02:35:50 +0000] "POST /api/v4/jobs/request HTTP/1.1" 204 0 "" "gitlab-runner 18.3.0 (18-3-stable; go1.24.4 X:cacheprog; linux/amd64)" -
172.18.0.3 - - [02/Sep/2025:02:35:53 +0000] "POST /api/v4/jobs/request HTTP/1.1" 204 0 "" "gitlab-runner 18.3.0 (18-3-stable; go1.24.4 X:cacheprog; linux/amd64)" -
172.18.0.3 - - [02/Sep/2025:02:35:56 +0000] "POST /api/v4/jobs/request HTTP/1.1" 204 0 "" "gitlab-runner 18.3.0 (18-3-stable; go1.24.4 X:cacheprog; linux/amd64)" -
172.18.0.3 - - [02/Sep/2025:02:35:59 +0000] "POST /api/v4/jobs/request HTTP/1.1" 204 0 "" "gitlab-runner 18.3.0 (18-3-stable; go1.24.4 X:cacheprog; linux/amd64)" -
172.18.0.3 - - [02/Sep/2025:02:36:02 +0000] "POST /api/v4/jobs/request HTTP/1.1" 204 0 "" "gitlab-runner 18.3.0 (18-3-stable; go1.24.4 X:cacheprog; linux/amd64)" -
172.18.0.3 - - [02/Sep/2025:02:36:05 +0000] "POST /api/v4/jobs/request HTTP/1.1" 204 0 "" "gitlab-runner 18.3.0 (18-3-stable; go1.24.4 X:cacheprog; linux/amd64)" -
172.18.0.3 - - [02/Sep/2025:02:36:08 +0000] "POST /api/v4/jobs/request HTTP/1.1" 204 0 "" "gitlab-runner 18.3.0 (18-3-stable; go1.24.4 X:cacheprog; linux/amd64)" -
172.18.0.3 - - [02/Sep/2025:02:36:11 +0000] "POST /api/v4/jobs/request HTTP/1.1" 204 0 "" "gitlab-runner 18.3.0 (18-3-stable; go1.24.4 X:cacheprog; linux/amd64)" -
172.18.0.3 - - [02/Sep/2025:02:36:14 +0000] "POST /api/v4/jobs/request HTTP/1.1" 204 0 "" "gitlab-runner 18.3.0 (18-3-stable; go1.24.4 X:cacheprog; linux/amd64)" -
172.18.0.3 - - [02/Sep/2025:02:36:17 +0000] "POST /api/v4/jobs/request HTTP/1.1" 204 0 "" "gitlab-runner 18.3.0 (18-3-stable; go1.24.4 X:cacheprog; linux/amd64)" -
172.18.0.3 - - [02/Sep/2025:02:36:19 +0000] "POST /api/v4/jobs/request HTTP/1.1" 204 0 "" "gitlab-runner 18.3.0 (18-3-stable; go1.24.4 X:cacheprog; linux/amd64)" -
172.18.0.3 - - [02/Sep/2025:02:36:22 +0000] "POST /api/v4/jobs/request HTTP/1.1" 204 0 "" "gitlab-runner 18.3.0 (18-3-stable; go1.24.4 X:cacheprog; linux/amd64)" -
172.18.0.3 - - [02/Sep/2025:02:36:25 +0000] "POST /api/v4/jobs/request HTTP/1.1" 204 0 "" "gitlab-runner 18.3.0 (18-3-stable; go1.24.4 X:cacheprog; linux/amd64)" -
172.18.0.3 - - [02/Sep/2025:02:36:28 +0000] "POST /api/v4/jobs/request HTTP/1.1" 204 0 "" "gitlab-runner 18.3.0 (18-3-stable; go1.24.4 X:cacheprog; linux/amd64)" -
127.0.0.1 - - [02/Sep/2025:02:36:29 +0000] "GET /help HTTP/1.1" 200 29533 "" "curl/8.14.1-DEV" -
172.18.0.3 - - [02/Sep/2025:02:36:31 +0000] "POST /api/v4/jobs/request HTTP/1.1" 204 0 "" "gitlab-runner 18.3.0 (18-3-stable; go1.24.4 X:cacheprog; linux/amd64)" -
172.18.0.3 - - [02/Sep/2025:02:36:34 +0000] "POST /api/v4/jobs/request HTTP/1.1" 204 0 "" "gitlab-runner 18.3.0 (18-3-stable; go1.24.4 X:cacheprog; linux/amd64)" -
172.18.0.3 - - [02/Sep/2025:02:36:37 +0000] "POST /api/v4/jobs/request HTTP/1.1" 204 0 "" "gitlab-runner 18.3.0 (18-3-stable; go1.24.4 X:cacheprog; linux/amd64)" -
172.18.0.3 - - [02/Sep/2025:02:36:40 +0000] "POST /api/v4/jobs/request HTTP/1.1" 204 0 "" "gitlab-runner 18.3.0 (18-3-stable; go1.24.4 X:cacheprog; linux/amd64)" -
172.18.0.3 - - [02/Sep/2025:02:36:43 +0000] "POST /api/v4/jobs/request HTTP/1.1" 204 0 "" "gitlab-runner 18.3.0 (18-3-stable; go1.24.4 X:cacheprog; linux/amd64)" -
172.18.0.3 - - [02/Sep/2025:02:36:46 +0000] "POST /api/v4/jobs/request HTTP/1.1" 204 0 "" "gitlab-runner 18.3.0 (18-3-stable; go1.24.4 X:cacheprog; linux/amd64)" -
172.18.0.3 - - [02/Sep/2025:02:36:49 +0000] "POST /api/v4/jobs/request HTTP/1.1" 204 0 "" "gitlab-runner 18.3.0 (18-3-stable; go1.24.4 X:cacheprog; linux/amd64)" -
172.18.0.3 - - [02/Sep/2025:02:36:52 +0000] "POST /api/v4/jobs/request HTTP/1.1" 204 0 "" "gitlab-runner 18.3.0 (18-3-stable; go1.24.4 X:cacheprog; linux/amd64)" -
172.18.0.3 - - [02/Sep/2025:02:36:55 +0000] "POST /api/v4/jobs/request HTTP/1.1" 204 0 "" "gitlab-runner 18.3.0 (18-3-stable; go1.24.4 X:cacheprog; linux/amd64)" -
172.18.0.3 - - [02/Sep/2025:02:36:58 +0000] "POST /api/v4/jobs/request HTTP/1.1" 204 0 "" "gitlab-runner 18.3.0 (18-3-stable; go1.24.4 X:cacheprog; linux/amd64)" -
172.18.0.3 - - [02/Sep/2025:02:37:01 +0000] "POST /api/v4/jobs/request HTTP/1.1" 204 0 "" "gitlab-runner 18.3.0 (18-3-stable; go1.24.4 X:cacheprog; linux/amd64)" -
172.18.0.3 - - [02/Sep/2025:02:37:04 +0000] "POST /api/v4/jobs/request HTTP/1.1" 204 0 "" "gitlab-runner 18.3.0 (18-3-stable; go1.24.4 X:cacheprog; linux/amd64)" -
172.18.0.3 - - [02/Sep/2025:02:37:07 +0000] "POST /api/v4/jobs/request HTTP/1.1" 204 0 "" "gitlab-runner 18.3.0 (18-3-stable; go1.24.4 X:cacheprog; linux/amd64)" -
172.18.0.3 - - [02/Sep/2025:02:37:10 +0000] "POST /api/v4/jobs/request HTTP/1.1" 204 0 "" "gitlab-runner 18.3.0 (18-3-stable; go1.24.4 X:cacheprog; linux/amd64)" -
172.18.0.3 - - [02/Sep/2025:02:37:13 +0000] "POST /api/v4/jobs/request HTTP/1.1" 204 0 "" "gitlab-runner 18.3.0 (18-3-stable; go1.24.4 X:cacheprog; linux/amd64)" -
172.18.0.3 - - [02/Sep/2025:02:37:16 +0000] "POST /api/v4/jobs/request HTTP/1.1" 204 0 "" "gitlab-runner 18.3.0 (18-3-stable; go1.24.4 X:cacheprog; linux/amd64)" -
172.18.0.3 - - [02/Sep/2025:02:37:19 +0000] "POST /api/v4/jobs/request HTTP/1.1" 204 0 "" "gitlab-runner 18.3.0 (18-3-stable; go1.24.4 X:cacheprog; linux/amd64)" -
172.18.0.3 - - [02/Sep/2025:02:37:22 +0000] "POST /api/v4/jobs/request HTTP/1.1" 204 0 "" "gitlab-runner 18.3.0 (18-3-stable; go1.24.4 X:cacheprog; linux/amd64)" -
172.18.0.3 - - [02/Sep/2025:02:37:24 +0000] "POST /api/v4/jobs/request HTTP/1.1" 204 0 "" "gitlab-runner 18.3.0 (18-3-stable; go1.24.4 X:cacheprog; linux/amd64)" -
172.18.0.3 - - [02/Sep/2025:02:37:27 +0000] "POST /api/v4/jobs/request HTTP/1.1" 204 0 "" "gitlab-runner 18.3.0 (18-3-stable; go1.24.4 X:cacheprog; linux/amd64)" -
127.0.0.1 - - [02/Sep/2025:02:37:28 +0000] "GET /help HTTP/1.1" 200 29533 "" "curl/8.14.1-DEV" -
172.18.0.3 - - [02/Sep/2025:02:37:30 +0000] "POST /api/v4/jobs/request HTTP/1.1" 204 0 "" "gitlab-runner 18.3.0 (18-3-stable; go1.24.4 X:cacheprog; linux/amd64)" -
172.18.0.3 - - [02/Sep/2025:02:37:33 +0000] "POST /api/v4/jobs/request HTTP/1.1" 204 0 "" "gitlab-runner 18.3.0 (18-3-stable; go1.24.4 X:cacheprog; linux/amd64)" -
172.18.0.3 - - [02/Sep/2025:02:37:36 +0000] "POST /api/v4/jobs/request HTTP/1.1" 204 0 "" "gitlab-runner 18.3.0 (18-3-stable; go1.24.4 X:cacheprog; linux/amd64)" -
172.18.0.3 - - [02/Sep/2025:02:37:39 +0000] "POST /api/v4/jobs/request HTTP/1.1" 204 0 "" "gitlab-runner 18.3.0 (18-3-stable; go1.24.4 X:cacheprog; linux/amd64)" -
172.18.0.3 - - [02/Sep/2025:02:37:42 +0000] "POST /api/v4/jobs/request HTTP/1.1" 204 0 "" "gitlab-runner 18.3.0 (18-3-stable; go1.24.4 X:cacheprog; linux/amd64)" -
172.18.0.3 - - [02/Sep/2025:02:37:45 +0000] "POST /api/v4/jobs/request HTTP/1.1" 204 0 "" "gitlab-runner 18.3.0 (18-3-stable; go1.24.4 X:cacheprog; linux/amd64)" -
172.18.0.3 - - [02/Sep/2025:02:37:48 +0000] "POST /api/v4/jobs/request HTTP/1.1" 204 0 "" "gitlab-runner 18.3.0 (18-3-stable; go1.24.4 X:cacheprog; linux/amd64)" -
172.18.0.3 - - [02/Sep/2025:02:37:51 +0000] "POST /api/v4/jobs/request HTTP/1.1" 204 0 "" "gitlab-runner 18.3.0 (18-3-stable; go1.24.4 X:cacheprog; linux/amd64)" -
172.18.0.3 - - [02/Sep/2025:02:37:53 +0000] "POST /api/v4/jobs/request HTTP/1.1" 204 0 "" "gitlab-runner 18.3.0 (18-3-stable; go1.24.4 X:cacheprog; linux/amd64)" -
172.18.0.3 - - [02/Sep/2025:02:37:56 +0000] "POST /api/v4/jobs/request HTTP/1.1" 204 0 "" "gitlab-runner 18.3.0 (18-3-stable; go1.24.4 X:cacheprog; linux/amd64)" -
172.18.0.3 - - [02/Sep/2025:02:37:59 +0000] "POST /api/v4/jobs/request HTTP/1.1" 204 0 "" "gitlab-runner 18.3.0 (18-3-stable; go1.24.4 X:cacheprog; linux/amd64)" -
172.18.0.3 - - [02/Sep/2025:02:38:02 +0000] "POST /api/v4/jobs/request HTTP/1.1" 204 0 "" "gitlab-runner 18.3.0 (18-3-stable; go1.24.4 X:cacheprog; linux/amd64)" -
172.18.0.3 - - [02/Sep/2025:02:38:05 +0000] "POST /api/v4/jobs/request HTTP/1.1" 204 0 "" "gitlab-runner 18.3.0 (18-3-stable; go1.24.4 X:cacheprog; linux/amd64)" -
172.18.0.3 - - [02/Sep/2025:02:38:08 +0000] "POST /api/v4/jobs/request HTTP/1.1" 204 0 "" "gitlab-runner 18.3.0 (18-3-stable; go1.24.4 X:cacheprog; linux/amd64)" -
172.18.0.3 - - [02/Sep/2025:02:38:11 +0000] "POST /api/v4/jobs/request HTTP/1.1" 204 0 "" "gitlab-runner 18.3.0 (18-3-stable; go1.24.4 X:cacheprog; linux/amd64)" -
172.18.0.3 - - [02/Sep/2025:02:38:14 +0000] "POST /api/v4/jobs/request HTTP/1.1" 204 0 "" "gitlab-runner 18.3.0 (18-3-stable; go1.24.4 X:cacheprog; linux/amd64)" -
172.18.0.3 - - [02/Sep/2025:02:38:17 +0000] "POST /api/v4/jobs/request HTTP/1.1" 204 0 "" "gitlab-runner 18.3.0 (18-3-stable; go1.24.4 X:cacheprog; linux/amd64)" -
172.18.0.3 - - [02/Sep/2025:02:38:20 +0000] "POST /api/v4/jobs/request HTTP/1.1" 204 0 "" "gitlab-runner 18.3.0 (18-3-stable; go1.24.4 X:cacheprog; linux/amd64)" -
172.18.0.3 - - [02/Sep/2025:02:38:23 +0000] "POST /api/v4/jobs/request HTTP/1.1" 204 0 "" "gitlab-runner 18.3.0 (18-3-stable; go1.24.4 X:cacheprog; linux/amd64)" -
172.18.0.3 - - [02/Sep/2025:02:38:26 +0000] "POST /api/v4/jobs/request HTTP/1.1" 204 0 "" "gitlab-runner 18.3.0 (18-3-stable; go1.24.4 X:cacheprog; linux/amd64)" -
127.0.0.1 - - [02/Sep/2025:02:38:27 +0000] "GET /help HTTP/1.1" 200 29533 "" "curl/8.14.1-DEV" -
172.18.0.3 - - [02/Sep/2025:02:38:29 +0000] "POST /api/v4/jobs/request HTTP/1.1" 204 0 "" "gitlab-runner 18.3.0 (18-3-stable; go1.24.4 X:cacheprog; linux/amd64)" -
172.18.0.3 - - [02/Sep/2025:02:38:32 +0000] "POST /api/v4/jobs/request HTTP/1.1" 204 0 "" "gitlab-runner 18.3.0 (18-3-stable; go1.24.4 X:cacheprog; linux/amd64)" -
172.18.0.3 - - [02/Sep/2025:02:38:35 +0000] "POST /api/v4/jobs/request HTTP/1.1" 204 0 "" "gitlab-runner 18.3.0 (18-3-stable; go1.24.4 X:cacheprog; linux/amd64)" -
172.19.144.1 - - [02/Sep/2025:02:38:35 +0000] "GET /root/devsecops/-/jobs/281.json HTTP/1.1" 304 0 "http://172.19.149.236:8099/root/devsecops/-/jobs/281" "Mozilla/5.0 (Windows NT 10.0; Win64; x64) AppleWebKit/537.36 (KHTML, like Gecko) Chrome/139.0.0.0 Safari/537.36" -
172.19.144.1 - - [02/Sep/2025:02:38:35 +0000] "GET /root/devsecops/-/jobs/281/trace?state=eyJvZmZzZXQiOjQxNzMsInN0eWxlIjp7ImZnIjpudWxsLCJiZyI6bnVsbCwibWFzayI6MH0sIm9wZW5fc2VjdGlvbnMiOnt9fQ--20b516b61c5bdf711d3c3434ccb13aaff59b8de4aef79fd1d24c49faa7449bcd HTTP/1.1" 304 0 "http://172.19.149.236:8099/root/devsecops/-/jobs/281" "Mozilla/5.0 (Windows NT 10.0; Win64; x64) AppleWebKit/537.36 (KHTML, like Gecko) Chrome/139.0.0.0 Safari/537.36" -
172.18.0.3 - - [02/Sep/2025:02:38:38 +0000] "POST /api/v4/jobs/request HTTP/1.1" 204 0 "" "gitlab-runner 18.3.0 (18-3-stable; go1.24.4 X:cacheprog; linux/amd64)" -
172.18.0.3 - - [02/Sep/2025:02:38:41 +0000] "POST /api/v4/jobs/request HTTP/1.1" 204 0 "" "gitlab-runner 18.3.0 (18-3-stable; go1.24.4 X:cacheprog; linux/amd64)" -
172.18.0.3 - - [02/Sep/2025:02:38:44 +0000] "POST /api/v4/jobs/request HTTP/1.1" 204 0 "" "gitlab-runner 18.3.0 (18-3-stable; go1.24.4 X:cacheprog; linux/amd64)" -
172.19.144.1 - - [02/Sep/2025:02:38:46 +0000] "POST /root/devsecops/-/jobs/281/retry HTTP/1.1" 302 118 "http://172.19.149.236:8099/root/devsecops/-/jobs/281" "Mozilla/5.0 (Windows NT 10.0; Win64; x64) AppleWebKit/537.36 (KHTML, like Gecko) Chrome/139.0.0.0 Safari/537.36" -
172.19.144.1 - - [02/Sep/2025:02:38:47 +0000] "GET /root/devsecops/-/jobs/282 HTTP/1.1" 200 10100 "http://172.19.149.236:8099/root/devsecops/-/jobs/281" "Mozilla/5.0 (Windows NT 10.0; Win64; x64) AppleWebKit/537.36 (KHTML, like Gecko) Chrome/139.0.0.0 Safari/537.36" 3.80
172.19.144.1 - - [02/Sep/2025:02:38:47 +0000] "POST /-/track_namespace_visits HTTP/1.1" 200 0 "http://172.19.149.236:8099/root/devsecops/-/jobs/282" "Mozilla/5.0 (Windows NT 10.0; Win64; x64) AppleWebKit/537.36 (KHTML, like Gecko) Chrome/139.0.0.0 Safari/537.36" -
172.19.144.1 - - [02/Sep/2025:02:38:47 +0000] "GET /root/devsecops/-/jobs/281.json HTTP/1.1" 499 0 "http://172.19.149.236:8099/root/devsecops/-/jobs/281" "Mozilla/5.0 (Windows NT 10.0; Win64; x64) AppleWebKit/537.36 (KHTML, like Gecko) Chrome/139.0.0.0 Safari/537.36" -
172.19.144.1 - - [02/Sep/2025:02:38:47 +0000] "GET /-/cable HTTP/1.1" 101 8324 "" "Mozilla/5.0 (Windows NT 10.0; Win64; x64) AppleWebKit/537.36 (KHTML, like Gecko) Chrome/139.0.0.0 Safari/537.36" -
172.19.144.1 - - [02/Sep/2025:02:38:47 +0000] "POST /-/collect_events HTTP/1.1" 200 0 "http://172.19.149.236:8099/root/devsecops/-/jobs/282" "Mozilla/5.0 (Windows NT 10.0; Win64; x64) AppleWebKit/537.36 (KHTML, like Gecko) Chrome/139.0.0.0 Safari/537.36" -
172.19.144.1 - - [02/Sep/2025:02:38:47 +0000] "POST /api/graphql HTTP/1.1" 200 191 "http://172.19.149.236:8099/root/devsecops/-/jobs/282" "Mozilla/5.0 (Windows NT 10.0; Win64; x64) AppleWebKit/537.36 (KHTML, like Gecko) Chrome/139.0.0.0 Safari/537.36" -
172.18.0.3 - - [02/Sep/2025:02:38:47 +0000] "POST /api/v4/jobs/request HTTP/1.1" 201 9966 "" "gitlab-runner 18.3.0 (18-3-stable; go1.24.4 X:cacheprog; linux/amd64)" -
172.19.144.1 - - [02/Sep/2025:02:38:48 +0000] "GET /root/devsecops/-/jobs/282.json HTTP/1.1" 200 1837 "http://172.19.149.236:8099/root/devsecops/-/jobs/282" "Mozilla/5.0 (Windows NT 10.0; Win64; x64) AppleWebKit/537.36 (KHTML, like Gecko) Chrome/139.0.0.0 Safari/537.36" 3.08
172.19.144.1 - - [02/Sep/2025:02:38:48 +0000] "POST /api/graphql HTTP/1.1" 200 287 "http://172.19.149.236:8099/root/devsecops/-/jobs/282" "Mozilla/5.0 (Windows NT 10.0; Win64; x64) AppleWebKit/537.36 (KHTML, like Gecko) Chrome/139.0.0.0 Safari/537.36" 1.71
172.19.144.1 - - [02/Sep/2025:02:38:48 +0000] "GET /root/devsecops/-/jobs/282/trace HTTP/1.1" 204 0 "http://172.19.149.236:8099/root/devsecops/-/jobs/282" "Mozilla/5.0 (Windows NT 10.0; Win64; x64) AppleWebKit/537.36 (KHTML, like Gecko) Chrome/139.0.0.0 Safari/537.36" -
172.19.144.1 - - [02/Sep/2025:02:38:48 +0000] "POST /api/graphql HTTP/1.1" 200 287 "http://172.19.149.236:8099/root/devsecops/-/jobs/282" "Mozilla/5.0 (Windows NT 10.0; Win64; x64) AppleWebKit/537.36 (KHTML, like Gecko) Chrome/139.0.0.0 Safari/537.36" 1.71
172.19.144.1 - - [02/Sep/2025:02:38:48 +0000] "GET /root/devsecops/-/pipelines/103/stage.json?stage=build&retried=1 HTTP/1.1" 200 949 "http://172.19.149.236:8099/root/devsecops/-/jobs/282" "Mozilla/5.0 (Windows NT 10.0; Win64; x64) AppleWebKit/537.36 (KHTML, like Gecko) Chrome/139.0.0.0 Safari/537.36" 3.70
172.18.0.3 - - [02/Sep/2025:02:38:51 +0000] "PATCH /api/v4/jobs/282/trace?debug_trace=false HTTP/1.1" 202 1 "" "gitlab-runner 18.3.0 (18-3-stable; go1.24.4 X:cacheprog; linux/amd64)" -
172.19.144.1 - - [02/Sep/2025:02:38:52 +0000] "GET /root/devsecops/-/jobs/282/trace HTTP/1.1" 200 522 "http://172.19.149.236:8099/root/devsecops/-/jobs/282" "Mozilla/5.0 (Windows NT 10.0; Win64; x64) AppleWebKit/537.36 (KHTML, like Gecko) Chrome/139.0.0.0 Safari/537.36" 1.53
172.18.0.3 - - [02/Sep/2025:02:38:54 +0000] "PATCH /api/v4/jobs/282/trace?debug_trace=false HTTP/1.1" 202 1 "" "gitlab-runner 18.3.0 (18-3-stable; go1.24.4 X:cacheprog; linux/amd64)" -
172.19.144.1 - - [02/Sep/2025:02:38:56 +0000] "GET /root/devsecops/-/jobs/282/trace?state=eyJvZmZzZXQiOjI3NCwic3R5bGUiOnsiZmciOm51bGwsImJnIjpudWxsLCJtYXNrIjowfSwib3Blbl9zZWN0aW9ucyI6eyJwcmVwYXJlLWV4ZWN1dG9yIjoiMTc1Njc4MDcyNyJ9fQ--e7c3fde25b60f0274a4b9d3e93d58d5012a8b86c28945dadd22bd40b991f9c51 HTTP/1.1" 200 446 "http://172.19.149.236:8099/root/devsecops/-/jobs/282" "Mozilla/5.0 (Windows NT 10.0; Win64; x64) AppleWebKit/537.36 (KHTML, like Gecko) Chrome/139.0.0.0 Safari/537.36" 1.56
172.19.144.1 - - [02/Sep/2025:02:38:58 +0000] "GET /root/devsecops/-/jobs/282.json HTTP/1.1" 200 1838 "http://172.19.149.236:8099/root/devsecops/-/jobs/282" "Mozilla/5.0 (Windows NT 10.0; Win64; x64) AppleWebKit/537.36 (KHTML, like Gecko) Chrome/139.0.0.0 Safari/537.36" 3.07
172.19.144.1 - - [02/Sep/2025:02:38:58 +0000] "GET /root/devsecops/-/jobs/282/trace?state=eyJvZmZzZXQiOjQzNiwic3R5bGUiOnsiZmciOm51bGwsImJnIjpudWxsLCJtYXNrIjowfSwib3Blbl9zZWN0aW9ucyI6eyJwcmVwYXJlLWV4ZWN1dG9yIjoiMTc1Njc4MDcyNyJ9fQ--9305a4bb8a7bbdc4417df35ae32ec8680d9da348a495a7b9bc8c8b1255dcc156 HTTP/1.1" 200 303 "http://172.19.149.236:8099/root/devsecops/-/jobs/282" "Mozilla/5.0 (Windows NT 10.0; Win64; x64) AppleWebKit/537.36 (KHTML, like Gecko) Chrome/139.0.0.0 Safari/537.36" 1.16
172.19.144.1 - - [02/Sep/2025:02:39:00 +0000] "GET /root/devsecops/-/jobs/282/trace?state=eyJvZmZzZXQiOjQzNiwic3R5bGUiOnsiZmciOm51bGwsImJnIjpudWxsLCJtYXNrIjowfSwib3Blbl9zZWN0aW9ucyI6eyJwcmVwYXJlLWV4ZWN1dG9yIjoiMTc1Njc4MDcyNyJ9fQ--9305a4bb8a7bbdc4417df35ae32ec8680d9da348a495a7b9bc8c8b1255dcc156 HTTP/1.1" 304 0 "http://172.19.149.236:8099/root/devsecops/-/jobs/282" "Mozilla/5.0 (Windows NT 10.0; Win64; x64) AppleWebKit/537.36 (KHTML, like Gecko) Chrome/139.0.0.0 Safari/537.36" -
172.19.144.1 - - [02/Sep/2025:02:39:04 +0000] "GET /root/devsecops/-/jobs/282/trace?state=eyJvZmZzZXQiOjQzNiwic3R5bGUiOnsiZmciOm51bGwsImJnIjpudWxsLCJtYXNrIjowfSwib3Blbl9zZWN0aW9ucyI6eyJwcmVwYXJlLWV4ZWN1dG9yIjoiMTc1Njc4MDcyNyJ9fQ--9305a4bb8a7bbdc4417df35ae32ec8680d9da348a495a7b9bc8c8b1255dcc156 HTTP/1.1" 304 0 "http://172.19.149.236:8099/root/devsecops/-/jobs/282" "Mozilla/5.0 (Windows NT 10.0; Win64; x64) AppleWebKit/537.36 (KHTML, like Gecko) Chrome/139.0.0.0 Safari/537.36" -
172.18.0.3 - - [02/Sep/2025:02:39:05 +0000] "PATCH /api/v4/jobs/282/trace?debug_trace=false HTTP/1.1" 202 1 "" "gitlab-runner 18.3.0 (18-3-stable; go1.24.4 X:cacheprog; linux/amd64)" -
172.19.144.1 - - [02/Sep/2025:02:39:08 +0000] "GET /root/devsecops/-/jobs/282/trace?state=eyJvZmZzZXQiOjQzNiwic3R5bGUiOnsiZmciOm51bGwsImJnIjpudWxsLCJtYXNrIjowfSwib3Blbl9zZWN0aW9ucyI6eyJwcmVwYXJlLWV4ZWN1dG9yIjoiMTc1Njc4MDcyNyJ9fQ--9305a4bb8a7bbdc4417df35ae32ec8680d9da348a495a7b9bc8c8b1255dcc156 HTTP/1.1" 200 492 "http://172.19.149.236:8099/root/devsecops/-/jobs/282" "Mozilla/5.0 (Windows NT 10.0; Win64; x64) AppleWebKit/537.36 (KHTML, like Gecko) Chrome/139.0.0.0 Safari/537.36" 1.27
172.18.0.3 - - [02/Sep/2025:02:39:09 +0000] "PATCH /api/v4/jobs/282/trace?debug_trace=false HTTP/1.1" 202 1 "" "gitlab-runner 18.3.0 (18-3-stable; go1.24.4 X:cacheprog; linux/amd64)" -
172.19.144.1 - - [02/Sep/2025:02:39:10 +0000] "GET /root/devsecops/-/jobs/282.json HTTP/1.1" 200 1838 "http://172.19.149.236:8099/root/devsecops/-/jobs/282" "Mozilla/5.0 (Windows NT 10.0; Win64; x64) AppleWebKit/537.36 (KHTML, like Gecko) Chrome/139.0.0.0 Safari/537.36" 3.07
172.19.144.1 - - [02/Sep/2025:02:39:10 +0000] "GET /root/devsecops/-/jobs/282/trace?state=eyJvZmZzZXQiOjY0Nywic3R5bGUiOnsiZmciOm51bGwsImJnIjpudWxsLCJtYXNrIjowfSwib3Blbl9zZWN0aW9ucyI6eyJwcmVwYXJlLWV4ZWN1dG9yIjoiMTc1Njc4MDcyNyJ9fQ--fabc81ccda70d4f008d23f2857ad3721fd9decf2acfcac86a19798e379c22e73 HTTP/1.1" 200 972 "http://172.19.149.236:8099/root/devsecops/-/jobs/282" "Mozilla/5.0 (Windows NT 10.0; Win64; x64) AppleWebKit/537.36 (KHTML, like Gecko) Chrome/139.0.0.0 Safari/537.36" 2.88
172.18.0.1 - - [02/Sep/2025:02:39:11 +0000] "GET /root/devsecops.git/info/refs?service=git-upload-pack HTTP/1.1" 200 163 "" "gitlab-runner 18.3.0 linux/amd64" -
172.18.0.1 - - [02/Sep/2025:02:39:11 +0000] "POST /root/devsecops.git/git-upload-pack HTTP/1.1" 200 131 "" "gitlab-runner 18.3.0 linux/amd64" -
172.18.0.1 - - [02/Sep/2025:02:39:11 +0000] "POST /root/devsecops.git/git-upload-pack HTTP/1.1" 200 163 "" "gitlab-runner 18.3.0 linux/amd64" -
172.18.0.3 - - [02/Sep/2025:02:39:12 +0000] "PATCH /api/v4/jobs/282/trace?debug_trace=false HTTP/1.1" 202 1 "" "gitlab-runner 18.3.0 (18-3-stable; go1.24.4 X:cacheprog; linux/amd64)" -
172.19.144.1 - - [02/Sep/2025:02:39:12 +0000] "GET /root/devsecops/-/jobs/282/trace?state=eyJvZmZzZXQiOjE5ODAsInN0eWxlIjp7ImZnIjpudWxsLCJiZyI6bnVsbCwibWFzayI6MH0sIm9wZW5fc2VjdGlvbnMiOnsicHJlcGFyZS1leGVjdXRvciI6IjE3NTY3ODA3MjcifX0--0428db31efdd07598d7a7c21da033e514c6e6932086451a9a7c3eef43287f381 HTTP/1.1" 200 1122 "http://172.19.149.236:8099/root/devsecops/-/jobs/282" "Mozilla/5.0 (Windows NT 10.0; Win64; x64) AppleWebKit/537.36 (KHTML, like Gecko) Chrome/139.0.0.0 Safari/537.36" 2.65
172.18.0.3 - - [02/Sep/2025:02:39:15 +0000] "PATCH /api/v4/jobs/282/trace?debug_trace=false HTTP/1.1" 202 1 "" "gitlab-runner 18.3.0 (18-3-stable; go1.24.4 X:cacheprog; linux/amd64)" -
172.19.144.1 - - [02/Sep/2025:02:39:17 +0000] "GET /root/devsecops/-/jobs/282/trace?state=eyJvZmZzZXQiOjM0NDgsInN0eWxlIjp7ImZnIjpudWxsLCJiZyI6bnVsbCwibWFzayI6MH0sIm9wZW5fc2VjdGlvbnMiOnsic3RlcC1zY3JpcHQiOiIxNzU2NzgwNzUxIn19--77896c6a5ed16517ae5ccbda3bdc5f3c71426510703f29e55bbfea311f898651 HTTP/1.1" 200 368 "http://172.19.149.236:8099/root/devsecops/-/jobs/282" "Mozilla/5.0 (Windows NT 10.0; Win64; x64) AppleWebKit/537.36 (KHTML, like Gecko) Chrome/139.0.0.0 Safari/537.36" 1.24
172.19.144.1 - - [02/Sep/2025:02:39:17 +0000] "POST /-/collect_events HTTP/1.1" 200 0 "http://172.19.149.236:8099/root/devsecops/-/jobs/282" "Mozilla/5.0 (Windows NT 10.0; Win64; x64) AppleWebKit/537.36 (KHTML, like Gecko) Chrome/139.0.0.0 Safari/537.36" -
172.18.0.3 - - [02/Sep/2025:02:39:18 +0000] "PATCH /api/v4/jobs/282/trace?debug_trace=false HTTP/1.1" 202 1 "" "gitlab-runner 18.3.0 (18-3-stable; go1.24.4 X:cacheprog; linux/amd64)" -
172.18.0.3 - - [02/Sep/2025:02:39:19 +0000] "PATCH /api/v4/jobs/282/trace?debug_trace=false HTTP/1.1" 202 1 "" "gitlab-runner 18.3.0 (18-3-stable; go1.24.4 X:cacheprog; linux/amd64)" -
172.18.0.3 - - [02/Sep/2025:02:39:20 +0000] "PUT /api/v4/jobs/282 HTTP/1.1" 200 3 "" "gitlab-runner 18.3.0 (18-3-stable; go1.24.4 X:cacheprog; linux/amd64)" -
172.19.144.1 - - [02/Sep/2025:02:39:20 +0000] "GET /root/devsecops/-/jobs/282.json HTTP/1.1" 200 2046 "http://172.19.149.236:8099/root/devsecops/-/jobs/282" "Mozilla/5.0 (Windows NT 10.0; Win64; x64) AppleWebKit/537.36 (KHTML, like Gecko) Chrome/139.0.0.0 Safari/537.36" 2.92
172.19.144.1 - - [02/Sep/2025:02:39:20 +0000] "GET /root/devsecops/-/jobs/282/trace?state=eyJvZmZzZXQiOjM0NzAsInN0eWxlIjp7ImZnIjpudWxsLCJiZyI6bnVsbCwibWFzayI6MH0sIm9wZW5fc2VjdGlvbnMiOnsic3RlcC1zY3JpcHQiOiIxNzU2NzgwNzUxIn19--099372e1e0c9e390a4f79de43c4b133870c8190ea84517dbebe70a19bfe138e5 HTTP/1.1" 200 746 "http://172.19.149.236:8099/root/devsecops/-/jobs/282" "Mozilla/5.0 (Windows NT 10.0; Win64; x64) AppleWebKit/537.36 (KHTML, like Gecko) Chrome/139.0.0.0 Safari/537.36" 2.00
172.19.144.1 - - [02/Sep/2025:02:39:20 +0000] "GET /root/devsecops/-/pipelines/103/stage.json?stage=build&retried=1 HTTP/1.1" 200 850 "http://172.19.149.236:8099/root/devsecops/-/jobs/282" "Mozilla/5.0 (Windows NT 10.0; Win64; x64) AppleWebKit/537.36 (KHTML, like Gecko) Chrome/139.0.0.0 Safari/537.36" 4.11
172.18.0.3 - - [02/Sep/2025:02:39:21 +0000] "POST /api/v4/jobs/request HTTP/1.1" 204 0 "" "gitlab-runner 18.3.0 (18-3-stable; go1.24.4 X:cacheprog; linux/amd64)" -
172.18.0.3 - - [02/Sep/2025:02:39:24 +0000] "POST /api/v4/jobs/request HTTP/1.1" 204 0 "" "gitlab-runner 18.3.0 (18-3-stable; go1.24.4 X:cacheprog; linux/amd64)" -
127.0.0.1 - - [02/Sep/2025:02:39:26 +0000] "GET /help HTTP/1.1" 200 29533 "" "curl/8.14.1-DEV" -
172.18.0.3 - - [02/Sep/2025:02:39:27 +0000] "POST /api/v4/jobs/request HTTP/1.1" 204 0 "" "gitlab-runner 18.3.0 (18-3-stable; go1.24.4 X:cacheprog; linux/amd64)" -
172.18.0.3 - - [02/Sep/2025:02:39:29 +0000] "POST /api/v4/jobs/request HTTP/1.1" 204 0 "" "gitlab-runner 18.3.0 (18-3-stable; go1.24.4 X:cacheprog; linux/amd64)" -
172.19.144.1 - - [02/Sep/2025:02:39:30 +0000] "GET /root/devsecops/-/jobs/282.json HTTP/1.1" 200 1959 "http://172.19.149.236:8099/root/devsecops/-/jobs/282" "Mozilla/5.0 (Windows NT 10.0; Win64; x64) AppleWebKit/537.36 (KHTML, like Gecko) Chrome/139.0.0.0 Safari/537.36" 3.05
172.19.144.1 - - [02/Sep/2025:02:39:30 +0000] "GET /root/devsecops/-/jobs/282/trace?state=eyJvZmZzZXQiOjQxNzMsInN0eWxlIjp7ImZnIjpudWxsLCJiZyI6bnVsbCwibWFzayI6MH0sIm9wZW5fc2VjdGlvbnMiOnt9fQ--20b516b61c5bdf711d3c3434ccb13aaff59b8de4aef79fd1d24c49faa7449bcd HTTP/1.1" 200 268 "http://172.19.149.236:8099/root/devsecops/-/jobs/282" "Mozilla/5.0 (Windows NT 10.0; Win64; x64) AppleWebKit/537.36 (KHTML, like Gecko) Chrome/139.0.0.0 Safari/537.36" 1.16
172.18.0.3 - - [02/Sep/2025:02:39:32 +0000] "POST /api/v4/jobs/request HTTP/1.1" 204 0 "" "gitlab-runner 18.3.0 (18-3-stable; go1.24.4 X:cacheprog; linux/amd64)" -
172.19.144.1 - - [02/Sep/2025:02:39:35 +0000] "GET /-/cable HTTP/1.1" 101 2498 "" "Mozilla/5.0 (Windows NT 10.0; Win64; x64) AppleWebKit/537.36 (KHTML, like Gecko) Chrome/139.0.0.0 Safari/537.36" -
172.18.0.3 - - [02/Sep/2025:02:39:35 +0000] "POST /api/v4/jobs/request HTTP/1.1" 204 0 "" "gitlab-runner 18.3.0 (18-3-stable; go1.24.4 X:cacheprog; linux/amd64)" -
172.18.0.3 - - [02/Sep/2025:02:39:38 +0000] "POST /api/v4/jobs/request HTTP/1.1" 204 0 "" "gitlab-runner 18.3.0 (18-3-stable; go1.24.4 X:cacheprog; linux/amd64)" -
172.18.0.3 - - [02/Sep/2025:02:39:41 +0000] "POST /api/v4/jobs/request HTTP/1.1" 204 0 "" "gitlab-runner 18.3.0 (18-3-stable; go1.24.4 X:cacheprog; linux/amd64)" -
172.18.0.3 - - [02/Sep/2025:02:39:44 +0000] "POST /api/v4/jobs/request HTTP/1.1" 204 0 "" "gitlab-runner 18.3.0 (18-3-stable; go1.24.4 X:cacheprog; linux/amd64)" -
172.18.0.3 - - [02/Sep/2025:02:39:47 +0000] "POST /api/v4/jobs/request HTTP/1.1" 204 0 "" "gitlab-runner 18.3.0 (18-3-stable; go1.24.4 X:cacheprog; linux/amd64)" -
172.18.0.3 - - [02/Sep/2025:02:39:50 +0000] "POST /api/v4/jobs/request HTTP/1.1" 204 0 "" "gitlab-runner 18.3.0 (18-3-stable; go1.24.4 X:cacheprog; linux/amd64)" -
172.18.0.3 - - [02/Sep/2025:02:39:53 +0000] "POST /api/v4/jobs/request HTTP/1.1" 204 0 "" "gitlab-runner 18.3.0 (18-3-stable; go1.24.4 X:cacheprog; linux/amd64)" -
172.18.0.3 - - [02/Sep/2025:02:39:56 +0000] "POST /api/v4/jobs/request HTTP/1.1" 204 0 "" "gitlab-runner 18.3.0 (18-3-stable; go1.24.4 X:cacheprog; linux/amd64)" -
172.18.0.3 - - [02/Sep/2025:02:39:59 +0000] "POST /api/v4/jobs/request HTTP/1.1" 204 0 "" "gitlab-runner 18.3.0 (18-3-stable; go1.24.4 X:cacheprog; linux/amd64)" -
172.18.0.3 - - [02/Sep/2025:02:40:02 +0000] "POST /api/v4/jobs/request HTTP/1.1" 204 0 "" "gitlab-runner 18.3.0 (18-3-stable; go1.24.4 X:cacheprog; linux/amd64)" -
172.18.0.3 - - [02/Sep/2025:02:40:05 +0000] "POST /api/v4/jobs/request HTTP/1.1" 204 0 "" "gitlab-runner 18.3.0 (18-3-stable; go1.24.4 X:cacheprog; linux/amd64)" -
172.18.0.3 - - [02/Sep/2025:02:40:08 +0000] "POST /api/v4/jobs/request HTTP/1.1" 204 0 "" "gitlab-runner 18.3.0 (18-3-stable; go1.24.4 X:cacheprog; linux/amd64)" -
172.18.0.3 - - [02/Sep/2025:02:40:11 +0000] "POST /api/v4/jobs/request HTTP/1.1" 204 0 "" "gitlab-runner 18.3.0 (18-3-stable; go1.24.4 X:cacheprog; linux/amd64)" -
172.18.0.3 - - [02/Sep/2025:02:40:14 +0000] "POST /api/v4/jobs/request HTTP/1.1" 204 0 "" "gitlab-runner 18.3.0 (18-3-stable; go1.24.4 X:cacheprog; linux/amd64)" -
172.18.0.3 - - [02/Sep/2025:02:40:17 +0000] "POST /api/v4/jobs/request HTTP/1.1" 204 0 "" "gitlab-runner 18.3.0 (18-3-stable; go1.24.4 X:cacheprog; linux/amd64)" -
172.18.0.3 - - [02/Sep/2025:02:40:20 +0000] "POST /api/v4/jobs/request HTTP/1.1" 204 0 "" "gitlab-runner 18.3.0 (18-3-stable; go1.24.4 X:cacheprog; linux/amd64)" -
172.18.0.3 - - [02/Sep/2025:02:40:23 +0000] "POST /api/v4/jobs/request HTTP/1.1" 204 0 "" "gitlab-runner 18.3.0 (18-3-stable; go1.24.4 X:cacheprog; linux/amd64)" -
127.0.0.1 - - [02/Sep/2025:02:40:25 +0000] "GET /help HTTP/1.1" 200 29533 "" "curl/8.14.1-DEV" -
172.18.0.3 - - [02/Sep/2025:02:40:26 +0000] "POST /api/v4/jobs/request HTTP/1.1" 204 0 "" "gitlab-runner 18.3.0 (18-3-stable; go1.24.4 X:cacheprog; linux/amd64)" -
172.18.0.3 - - [02/Sep/2025:02:40:29 +0000] "POST /api/v4/jobs/request HTTP/1.1" 204 0 "" "gitlab-runner 18.3.0 (18-3-stable; go1.24.4 X:cacheprog; linux/amd64)" -
172.18.0.3 - - [02/Sep/2025:02:40:31 +0000] "POST /api/v4/jobs/request HTTP/1.1" 204 0 "" "gitlab-runner 18.3.0 (18-3-stable; go1.24.4 X:cacheprog; linux/amd64)" -
172.18.0.3 - - [02/Sep/2025:02:40:34 +0000] "POST /api/v4/jobs/request HTTP/1.1" 204 0 "" "gitlab-runner 18.3.0 (18-3-stable; go1.24.4 X:cacheprog; linux/amd64)" -
172.18.0.3 - - [02/Sep/2025:02:40:37 +0000] "POST /api/v4/jobs/request HTTP/1.1" 204 0 "" "gitlab-runner 18.3.0 (18-3-stable; go1.24.4 X:cacheprog; linux/amd64)" -
172.18.0.3 - - [02/Sep/2025:02:40:40 +0000] "POST /api/v4/jobs/request HTTP/1.1" 204 0 "" "gitlab-runner 18.3.0 (18-3-stable; go1.24.4 X:cacheprog; linux/amd64)" -
172.18.0.3 - - [02/Sep/2025:02:40:43 +0000] "POST /api/v4/jobs/request HTTP/1.1" 204 0 "" "gitlab-runner 18.3.0 (18-3-stable; go1.24.4 X:cacheprog; linux/amd64)" -
172.18.0.3 - - [02/Sep/2025:02:40:46 +0000] "POST /api/v4/jobs/request HTTP/1.1" 204 0 "" "gitlab-runner 18.3.0 (18-3-stable; go1.24.4 X:cacheprog; linux/amd64)" -
172.18.0.3 - - [02/Sep/2025:02:40:49 +0000] "POST /api/v4/jobs/request HTTP/1.1" 204 0 "" "gitlab-runner 18.3.0 (18-3-stable; go1.24.4 X:cacheprog; linux/amd64)" -
172.18.0.3 - - [02/Sep/2025:02:40:52 +0000] "POST /api/v4/jobs/request HTTP/1.1" 204 0 "" "gitlab-runner 18.3.0 (18-3-stable; go1.24.4 X:cacheprog; linux/amd64)" -
172.18.0.3 - - [02/Sep/2025:02:40:55 +0000] "POST /api/v4/jobs/request HTTP/1.1" 204 0 "" "gitlab-runner 18.3.0 (18-3-stable; go1.24.4 X:cacheprog; linux/amd64)" -
172.18.0.3 - - [02/Sep/2025:02:40:58 +0000] "POST /api/v4/jobs/request HTTP/1.1" 204 0 "" "gitlab-runner 18.3.0 (18-3-stable; go1.24.4 X:cacheprog; linux/amd64)" -
172.18.0.3 - - [02/Sep/2025:02:41:01 +0000] "POST /api/v4/jobs/request HTTP/1.1" 204 0 "" "gitlab-runner 18.3.0 (18-3-stable; go1.24.4 X:cacheprog; linux/amd64)" -
172.18.0.3 - - [02/Sep/2025:02:41:04 +0000] "POST /api/v4/jobs/request HTTP/1.1" 204 0 "" "gitlab-runner 18.3.0 (18-3-stable; go1.24.4 X:cacheprog; linux/amd64)" -
172.18.0.3 - - [02/Sep/2025:02:41:07 +0000] "POST /api/v4/jobs/request HTTP/1.1" 204 0 "" "gitlab-runner 18.3.0 (18-3-stable; go1.24.4 X:cacheprog; linux/amd64)" -
172.18.0.3 - - [02/Sep/2025:02:41:10 +0000] "POST /api/v4/jobs/request HTTP/1.1" 204 0 "" "gitlab-runner 18.3.0 (18-3-stable; go1.24.4 X:cacheprog; linux/amd64)" -
172.18.0.3 - - [02/Sep/2025:02:41:13 +0000] "POST /api/v4/jobs/request HTTP/1.1" 204 0 "" "gitlab-runner 18.3.0 (18-3-stable; go1.24.4 X:cacheprog; linux/amd64)" -
172.18.0.3 - - [02/Sep/2025:02:41:16 +0000] "POST /api/v4/jobs/request HTTP/1.1" 204 0 "" "gitlab-runner 18.3.0 (18-3-stable; go1.24.4 X:cacheprog; linux/amd64)" -
172.18.0.3 - - [02/Sep/2025:02:41:19 +0000] "POST /api/v4/jobs/request HTTP/1.1" 204 0 "" "gitlab-runner 18.3.0 (18-3-stable; go1.24.4 X:cacheprog; linux/amd64)" -
172.18.0.3 - - [02/Sep/2025:02:41:22 +0000] "POST /api/v4/jobs/request HTTP/1.1" 204 0 "" "gitlab-runner 18.3.0 (18-3-stable; go1.24.4 X:cacheprog; linux/amd64)" -
127.0.0.1 - - [02/Sep/2025:02:41:24 +0000] "GET /help HTTP/1.1" 200 29533 "" "curl/8.14.1-DEV" -
172.18.0.3 - - [02/Sep/2025:02:41:25 +0000] "POST /api/v4/jobs/request HTTP/1.1" 204 0 "" "gitlab-runner 18.3.0 (18-3-stable; go1.24.4 X:cacheprog; linux/amd64)" -
172.18.0.3 - - [02/Sep/2025:02:41:28 +0000] "POST /api/v4/jobs/request HTTP/1.1" 204 0 "" "gitlab-runner 18.3.0 (18-3-stable; go1.24.4 X:cacheprog; linux/amd64)" -
172.18.0.3 - - [02/Sep/2025:02:41:31 +0000] "POST /api/v4/jobs/request HTTP/1.1" 204 0 "" "gitlab-runner 18.3.0 (18-3-stable; go1.24.4 X:cacheprog; linux/amd64)" -
172.18.0.3 - - [02/Sep/2025:02:41:34 +0000] "POST /api/v4/jobs/request HTTP/1.1" 204 0 "" "gitlab-runner 18.3.0 (18-3-stable; go1.24.4 X:cacheprog; linux/amd64)" -
172.18.0.3 - - [02/Sep/2025:02:41:36 +0000] "POST /api/v4/jobs/request HTTP/1.1" 204 0 "" "gitlab-runner 18.3.0 (18-3-stable; go1.24.4 X:cacheprog; linux/amd64)" -
172.18.0.3 - - [02/Sep/2025:02:41:39 +0000] "POST /api/v4/jobs/request HTTP/1.1" 204 0 "" "gitlab-runner 18.3.0 (18-3-stable; go1.24.4 X:cacheprog; linux/amd64)" -
172.18.0.3 - - [02/Sep/2025:02:41:42 +0000] "POST /api/v4/jobs/request HTTP/1.1" 204 0 "" "gitlab-runner 18.3.0 (18-3-stable; go1.24.4 X:cacheprog; linux/amd64)" -
172.18.0.3 - - [02/Sep/2025:02:41:45 +0000] "POST /api/v4/jobs/request HTTP/1.1" 204 0 "" "gitlab-runner 18.3.0 (18-3-stable; go1.24.4 X:cacheprog; linux/amd64)" -
172.18.0.3 - - [02/Sep/2025:02:41:48 +0000] "POST /api/v4/jobs/request HTTP/1.1" 204 0 "" "gitlab-runner 18.3.0 (18-3-stable; go1.24.4 X:cacheprog; linux/amd64)" -
172.18.0.3 - - [02/Sep/2025:02:41:51 +0000] "POST /api/v4/jobs/request HTTP/1.1" 204 0 "" "gitlab-runner 18.3.0 (18-3-stable; go1.24.4 X:cacheprog; linux/amd64)" -
172.18.0.3 - - [02/Sep/2025:02:41:54 +0000] "POST /api/v4/jobs/request HTTP/1.1" 204 0 "" "gitlab-runner 18.3.0 (18-3-stable; go1.24.4 X:cacheprog; linux/amd64)" -
172.18.0.3 - - [02/Sep/2025:02:41:57 +0000] "POST /api/v4/jobs/request HTTP/1.1" 204 0 "" "gitlab-runner 18.3.0 (18-3-stable; go1.24.4 X:cacheprog; linux/amd64)" -
172.18.0.3 - - [02/Sep/2025:02:42:00 +0000] "POST /api/v4/jobs/request HTTP/1.1" 204 0 "" "gitlab-runner 18.3.0 (18-3-stable; go1.24.4 X:cacheprog; linux/amd64)" -
172.18.0.3 - - [02/Sep/2025:02:42:03 +0000] "POST /api/v4/jobs/request HTTP/1.1" 204 0 "" "gitlab-runner 18.3.0 (18-3-stable; go1.24.4 X:cacheprog; linux/amd64)" -
172.18.0.3 - - [02/Sep/2025:02:42:06 +0000] "POST /api/v4/jobs/request HTTP/1.1" 204 0 "" "gitlab-runner 18.3.0 (18-3-stable; go1.24.4 X:cacheprog; linux/amd64)" -
