172.19.144.1 - - [02/Sep/2025:02:50:57 +0000] "GET /api/v4/projects/1/freeze_periods HTTP/1.1" 304 0 "http://172.19.149.236:8099/root/devsecops/-/settings/ci_cd" "Mozilla/5.0 (Windows NT 10.0; Win64; x64) AppleWebKit/537.36 (KHTML, like Gecko) Chrome/139.0.0.0 Safari/537.36" -
172.19.144.1 - - [02/Sep/2025:02:50:57 +0000] "GET /api/v4/projects/1/repository/tags?search=&per_page=20 HTTP/1.1" 304 0 "http://172.19.149.236:8099/root/devsecops/-/settings/ci_cd" "Mozilla/5.0 (Windows NT 10.0; Win64; x64) AppleWebKit/537.36 (KHTML, like Gecko) Chrome/139.0.0.0 Safari/537.36" -
172.19.144.1 - - [02/Sep/2025:02:50:57 +0000] "GET /api/v4/projects/1/repository/tags?search=&per_page=20 HTTP/1.1" 304 0 "http://172.19.149.236:8099/root/devsecops/-/settings/ci_cd" "Mozilla/5.0 (Windows NT 10.0; Win64; x64) AppleWebKit/537.36 (KHTML, like Gecko) Chrome/139.0.0.0 Safari/537.36" -
172.19.144.1 - - [02/Sep/2025:02:50:57 +0000] "GET /api/v4/projects/1/repository/branches?search=&per_page=20 HTTP/1.1" 304 0 "http://172.19.149.236:8099/root/devsecops/-/settings/ci_cd" "Mozilla/5.0 (Windows NT 10.0; Win64; x64) AppleWebKit/537.36 (KHTML, like Gecko) Chrome/139.0.0.0 Safari/537.36" -
172.19.144.1 - - [02/Sep/2025:02:50:57 +0000] "POST /-/collect_events HTTP/1.1" 200 0 "http://172.19.149.236:8099/root/devsecops/-/settings/ci_cd" "Mozilla/5.0 (Windows NT 10.0; Win64; x64) AppleWebKit/537.36 (KHTML, like Gecko) Chrome/139.0.0.0 Safari/537.36" -
172.19.144.1 - - [02/Sep/2025:02:50:57 +0000] "GET /api/v4/projects/1/repository/branches?search=&per_page=20 HTTP/1.1" 304 0 "http://172.19.149.236:8099/root/devsecops/-/settings/ci_cd" "Mozilla/5.0 (Windows NT 10.0; Win64; x64) AppleWebKit/537.36 (KHTML, like Gecko) Chrome/139.0.0.0 Safari/537.36" -
172.19.144.1 - - [02/Sep/2025:02:50:57 +0000] "GET /api/v4/projects/1/repository/tags?search=&per_page=20 HTTP/1.1" 304 0 "http://172.19.149.236:8099/root/devsecops/-/settings/ci_cd" "Mozilla/5.0 (Windows NT 10.0; Win64; x64) AppleWebKit/537.36 (KHTML, like Gecko) Chrome/139.0.0.0 Safari/537.36" -
172.19.144.1 - - [02/Sep/2025:02:50:57 +0000] "POST /-/collect_events HTTP/1.1" 200 0 "http://172.19.149.236:8099/root/devsecops/-/settings/ci_cd" "Mozilla/5.0 (Windows NT 10.0; Win64; x64) AppleWebKit/537.36 (KHTML, like Gecko) Chrome/139.0.0.0 Safari/537.36" -
172.19.144.1 - - [02/Sep/2025:02:50:57 +0000] "GET /api/v4/projects/1/repository/branches?search=&per_page=20 HTTP/1.1" 304 0 "http://172.19.149.236:8099/root/devsecops/-/settings/ci_cd" "Mozilla/5.0 (Windows NT 10.0; Win64; x64) AppleWebKit/537.36 (KHTML, like Gecko) Chrome/139.0.0.0 Safari/537.36" -
172.18.0.1 - - [02/Sep/2025:02:50:57 +0000] "POST /api/v4/jobs/request HTTP/1.1" 204 0 "" "gitlab-runner 18.3.0 (18-3-stable; go1.24.4 X:cacheprog; linux/amd64)" -
172.18.0.1 - - [02/Sep/2025:02:51:00 +0000] "POST /api/v4/jobs/request HTTP/1.1" 204 0 "" "gitlab-runner 18.3.0 (18-3-stable; go1.24.4 X:cacheprog; linux/amd64)" -
172.19.144.1 - - [02/Sep/2025:02:51:00 +0000] "POST /-/collect_events HTTP/1.1" 200 0 "http://172.19.149.236:8099/root/devsecops/-/settings/ci_cd" "Mozilla/5.0 (Windows NT 10.0; Win64; x64) AppleWebKit/537.36 (KHTML, like Gecko) Chrome/139.0.0.0 Safari/537.36" -
172.19.144.1 - - [02/Sep/2025:02:51:01 +0000] "GET /root/devsecops HTTP/1.1" 200 14740 "http://172.19.149.236:8099/root/devsecops/-/settings/ci_cd" "Mozilla/5.0 (Windows NT 10.0; Win64; x64) AppleWebKit/537.36 (KHTML, like Gecko) Chrome/139.0.0.0 Safari/537.36" 3.90
172.19.144.1 - - [02/Sep/2025:02:51:01 +0000] "POST /api/graphql HTTP/1.1" 200 521 "http://172.19.149.236:8099/root/devsecops" "Mozilla/5.0 (Windows NT 10.0; Win64; x64) AppleWebKit/537.36 (KHTML, like Gecko) Chrome/139.0.0.0 Safari/537.36" 2.15
172.19.144.1 - - [02/Sep/2025:02:51:01 +0000] "GET /root/devsecops/-/refs/master/logs_tree/?format=json&offset=0&ref_type=heads HTTP/1.1" 304 0 "http://172.19.149.236:8099/root/devsecops" "Mozilla/5.0 (Windows NT 10.0; Win64; x64) AppleWebKit/537.36 (KHTML, like Gecko) Chrome/139.0.0.0 Safari/537.36" -
172.19.144.1 - - [02/Sep/2025:02:51:01 +0000] "POST /api/graphql HTTP/1.1" 200 191 "http://172.19.149.236:8099/root/devsecops" "Mozilla/5.0 (Windows NT 10.0; Win64; x64) AppleWebKit/537.36 (KHTML, like Gecko) Chrome/139.0.0.0 Safari/537.36" -
172.19.144.1 - - [02/Sep/2025:02:51:02 +0000] "POST /api/graphql HTTP/1.1" 200 192 "http://172.19.149.236:8099/root/devsecops" "Mozilla/5.0 (Windows NT 10.0; Win64; x64) AppleWebKit/537.36 (KHTML, like Gecko) Chrome/139.0.0.0 Safari/537.36" -
172.19.144.1 - - [02/Sep/2025:02:51:02 +0000] "POST /api/graphql HTTP/1.1" 200 213 "http://172.19.149.236:8099/root/devsecops" "Mozilla/5.0 (Windows NT 10.0; Win64; x64) AppleWebKit/537.36 (KHTML, like Gecko) Chrome/139.0.0.0 Safari/537.36" 1.38
172.19.144.1 - - [02/Sep/2025:02:51:02 +0000] "POST /api/graphql HTTP/1.1" 200 521 "http://172.19.149.236:8099/root/devsecops" "Mozilla/5.0 (Windows NT 10.0; Win64; x64) AppleWebKit/537.36 (KHTML, like Gecko) Chrome/139.0.0.0 Safari/537.36" 2.15
172.19.144.1 - - [02/Sep/2025:02:51:02 +0000] "POST /api/graphql HTTP/1.1" 200 542 "http://172.19.149.236:8099/root/devsecops" "Mozilla/5.0 (Windows NT 10.0; Win64; x64) AppleWebKit/537.36 (KHTML, like Gecko) Chrome/139.0.0.0 Safari/537.36" 2.71
172.19.144.1 - - [02/Sep/2025:02:51:02 +0000] "GET /api/v4/projects/1/repository/tags?search=&per_page=20 HTTP/1.1" 304 0 "http://172.19.149.236:8099/root/devsecops" "Mozilla/5.0 (Windows NT 10.0; Win64; x64) AppleWebKit/537.36 (KHTML, like Gecko) Chrome/139.0.0.0 Safari/537.36" -
172.19.144.1 - - [02/Sep/2025:02:51:02 +0000] "GET /api/v4/projects/1/repository/branches?search=&per_page=20&sort=updated_desc HTTP/1.1" 304 0 "http://172.19.149.236:8099/root/devsecops" "Mozilla/5.0 (Windows NT 10.0; Win64; x64) AppleWebKit/537.36 (KHTML, like Gecko) Chrome/139.0.0.0 Safari/537.36" -
172.19.144.1 - - [02/Sep/2025:02:51:02 +0000] "POST /-/collect_events HTTP/1.1" 200 0 "http://172.19.149.236:8099/root/devsecops" "Mozilla/5.0 (Windows NT 10.0; Win64; x64) AppleWebKit/537.36 (KHTML, like Gecko) Chrome/139.0.0.0 Safari/537.36" -
172.19.144.1 - - [02/Sep/2025:02:51:02 +0000] "POST /-/collect_events HTTP/1.1" 200 0 "http://172.19.149.236:8099/root/devsecops" "Mozilla/5.0 (Windows NT 10.0; Win64; x64) AppleWebKit/537.36 (KHTML, like Gecko) Chrome/139.0.0.0 Safari/537.36" -
172.19.144.1 - - [02/Sep/2025:02:51:02 +0000] "GET /root/devsecops/-/refs/master/logs_tree/?format=json&offset=0&ref_type=HEADS HTTP/1.1" 304 0 "http://172.19.149.236:8099/root/devsecops" "Mozilla/5.0 (Windows NT 10.0; Win64; x64) AppleWebKit/537.36 (KHTML, like Gecko) Chrome/139.0.0.0 Safari/537.36" -
172.18.0.1 - - [02/Sep/2025:02:51:03 +0000] "POST /api/v4/jobs/request HTTP/1.1" 204 0 "" "gitlab-runner 18.3.0 (18-3-stable; go1.24.4 X:cacheprog; linux/amd64)" -
172.19.144.1 - - [02/Sep/2025:02:51:05 +0000] "GET /root/devsecops/-/pipelines/104 HTTP/1.1" 200 11972 "http://172.19.149.236:8099/root/devsecops" "Mozilla/5.0 (Windows NT 10.0; Win64; x64) AppleWebKit/537.36 (KHTML, like Gecko) Chrome/139.0.0.0 Safari/537.36" 3.72
172.19.144.1 - - [02/Sep/2025:02:51:05 +0000] "GET /-/cable HTTP/1.1" 101 1389 "" "Mozilla/5.0 (Windows NT 10.0; Win64; x64) AppleWebKit/537.36 (KHTML, like Gecko) Chrome/139.0.0.0 Safari/537.36" -
172.19.144.1 - - [02/Sep/2025:02:51:05 +0000] "POST /api/graphql HTTP/1.1" 200 191 "http://172.19.149.236:8099/root/devsecops/-/pipelines/104" "Mozilla/5.0 (Windows NT 10.0; Win64; x64) AppleWebKit/537.36 (KHTML, like Gecko) Chrome/139.0.0.0 Safari/537.36" -
172.19.144.1 - - [02/Sep/2025:02:51:05 +0000] "POST /api/graphql HTTP/1.1" 200 141 "http://172.19.149.236:8099/root/devsecops/-/pipelines/104" "Mozilla/5.0 (Windows NT 10.0; Win64; x64) AppleWebKit/537.36 (KHTML, like Gecko) Chrome/139.0.0.0 Safari/537.36" -
172.19.144.1 - - [02/Sep/2025:02:51:05 +0000] "POST /-/collect_events HTTP/1.1" 200 0 "http://172.19.149.236:8099/root/devsecops/-/pipelines/104" "Mozilla/5.0 (Windows NT 10.0; Win64; x64) AppleWebKit/537.36 (KHTML, like Gecko) Chrome/139.0.0.0 Safari/537.36" -
172.19.144.1 - - [02/Sep/2025:02:51:05 +0000] "POST /-/collect_events HTTP/1.1" 200 0 "http://172.19.149.236:8099/root/devsecops/-/pipelines/104" "Mozilla/5.0 (Windows NT 10.0; Win64; x64) AppleWebKit/537.36 (KHTML, like Gecko) Chrome/139.0.0.0 Safari/537.36" -
172.19.144.1 - - [02/Sep/2025:02:51:05 +0000] "POST /api/graphql HTTP/1.1" 200 736 "http://172.19.149.236:8099/root/devsecops/-/pipelines/104" "Mozilla/5.0 (Windows NT 10.0; Win64; x64) AppleWebKit/537.36 (KHTML, like Gecko) Chrome/139.0.0.0 Safari/537.36" 3.61
172.19.144.1 - - [02/Sep/2025:02:51:05 +0000] "GET /api/graphql?query=query%20getPipelineHeaderData(%24fullPath%3A%20ID!%2C%20%24iid%3A%20ID!)%20%7B%20project(fullPath%3A%20%24fullPath)%20%7B%20id%20pipeline(iid%3A%20%24iid)%20%7B%20status%20retryable%20cancelable%20userPermissions%20%7B%20destroyPipeline%20updatePipeline%20cancelPipeline%20__typename%20%7D%20detailedStatus%20%7B%20id%20detailsPath%20icon%20text%20__typename%20%7D%20errorMessages%20%7B%20nodes%20%7B%20id%20content%20__typename%20%7D%20__typename%20%7D%20createdAt%20user%20%7B%20id%20name%20username%20webPath%20webUrl%20email%20avatarUrl%20status%20%7B%20message%20emoji%20__typename%20%7D%20__typename%20%7D%20commit%20%7B%20id%20sha%20shortId%20title%20webPath%20__typename%20%7D%20finishedAt%20queuedDuration%20duration%20name%20totalJobs%20refText%20type%20triggeredByPath%20stuck%20child%20complete%20latest%20mergeRequestEventType%20configSource%20failureReason%20source%20trigger%20...PipelineHeaderData%20__typename%20%7D%20__typename%20%7D%20%7D%20fragment%20PipelineHeaderData%20on%20Pipeline%20%7B%20id%20iid%20__typename%20%7D&operationName=getPipelineHeaderData&variables=%7B%22fullPath%22%3A%22root%2Fdevsecops%22%2C%22iid%22%3A%228%22%7D HTTP/1.1" 200 805 "http://172.19.149.236:8099/root/devsecops/-/pipelines/104" "Mozilla/5.0 (Windows NT 10.0; Win64; x64) AppleWebKit/537.36 (KHTML, like Gecko) Chrome/139.0.0.0 Safari/537.36" 2.04
172.19.144.1 - - [02/Sep/2025:02:51:05 +0000] "GET /api/graphql?query=fragment%20CiNeeds%20on%20JobNeedUnion%20%7B%20...CiBuildNeedFields%20...CiJobNeedFields%20__typename%20%7D%20fragment%20CiBuildNeedFields%20on%20CiBuildNeed%20%7B%20id%20name%20__typename%20%7D%20fragment%20CiJobNeedFields%20on%20CiJob%20%7B%20id%20name%20__typename%20%7D%20fragment%20LinkedPipelineData%20on%20Pipeline%20%7B%20__typename%20id%20iid%20path%20cancelable%20retryable%20userPermissions%20%7B%20updatePipeline%20__typename%20%7D%20status%3A%20detailedStatus%20%7B%20__typename%20group%20label%20icon%20text%20%7D%20sourceJob%20%7B%20__typename%20id%20name%20retried%20%7D%20project%20%7B%20__typename%20id%20name%20fullPath%20%7D%20%7D%20query%20getPipelineDetails(%24projectPath%3A%20ID!%2C%20%24iid%3A%20ID!)%20%7B%20project(fullPath%3A%20%24projectPath)%20%7B%20__typename%20id%20pipeline(iid%3A%20%24iid)%20%7B%20__typename%20id%20iid%20usesNeeds%20userPermissions%20%7B%20updatePipeline%20__typename%20%7D%20downstream%20%7B%20__typename%20nodes%20%7B%20...LinkedPipelineData%20name%20__typename%20%7D%20%7D%20upstream%20%7B%20...LinkedPipelineData%20__typename%20%7D%20stages%20%7B%20__typename%20nodes%20%7B%20__typename%20id%20name%20status%3A%20detailedStatus%20%7B%20__typename%20action%20%7B%20__typename%20id%20icon%20path%20title%20confirmationMessage%20%7D%20%7D%20groups%20%7B%20__typename%20nodes%20%7B%20__typename%20id%20status%3A%20detailedStatus%20%7B%20__typename%20label%20group%20icon%20text%20%7D%20name%20size%20jobs%20%7B%20__typename%20nodes%20%7B%20__typename%20id%20name%20kind%20needs%20%7B%20__typename%20nodes%20%7B%20__typename%20id%20name%20%7D%20%7D%20previousStageJobsOrNeeds%20%7B%20__typename%20nodes%20%7B%20...CiNeeds%20__typename%20%7D%20%7D%20status%3A%20detailedStatus%20%7B%20__typename%20icon%20tooltip%20hasDetails%20detailsPath%20deploymentDetailsPath%20group%20label%20text%20action%20%7B%20__typename%20id%20buttonTitle%20confirmationMessage%20icon%20path%20title%20%7D%20%7D%20%7D%20%7D%20%7D%20%7D%20%7D%20%7D%20%7D%20%7D%20%7D&operationName=getPipelineDetails&variables=%7B%22projectPath%22%3A%22root%2Fdevsecops%22%2C%22iid%22%3A%228%22%7D HTTP/1.1" 200 748 "http://172.19.149.236:8099/root/devsecops/-/pipelines/104" "Mozilla/5.0 (Windows NT 10.0; Win64; x64) AppleWebKit/537.36 (KHTML, like Gecko) Chrome/139.0.0.0 Safari/537.36" 3.62
172.18.0.1 - - [02/Sep/2025:02:51:06 +0000] "POST /api/v4/jobs/request HTTP/1.1" 204 0 "" "gitlab-runner 18.3.0 (18-3-stable; go1.24.4 X:cacheprog; linux/amd64)" -
172.19.144.1 - - [02/Sep/2025:02:51:08 +0000] "POST /root/devsecops/-/jobs/279/retry.json HTTP/1.1" 302 118 "http://172.19.149.236:8099/root/devsecops/-/pipelines/104" "Mozilla/5.0 (Windows NT 10.0; Win64; x64) AppleWebKit/537.36 (KHTML, like Gecko) Chrome/139.0.0.0 Safari/537.36" -
172.19.144.1 - - [02/Sep/2025:02:51:09 +0000] "GET /root/devsecops/-/jobs/283 HTTP/1.1" 200 1875 "http://172.19.149.236:8099/root/devsecops/-/pipelines/104" "Mozilla/5.0 (Windows NT 10.0; Win64; x64) AppleWebKit/537.36 (KHTML, like Gecko) Chrome/139.0.0.0 Safari/537.36" 2.95
172.19.144.1 - - [02/Sep/2025:02:51:09 +0000] "GET /api/graphql?query=fragment%20CiNeeds%20on%20JobNeedUnion%20%7B%20...CiBuildNeedFields%20...CiJobNeedFields%20__typename%20%7D%20fragment%20CiBuildNeedFields%20on%20CiBuildNeed%20%7B%20id%20name%20__typename%20%7D%20fragment%20CiJobNeedFields%20on%20CiJob%20%7B%20id%20name%20__typename%20%7D%20fragment%20LinkedPipelineData%20on%20Pipeline%20%7B%20__typename%20id%20iid%20path%20cancelable%20retryable%20userPermissions%20%7B%20updatePipeline%20__typename%20%7D%20status%3A%20detailedStatus%20%7B%20__typename%20group%20label%20icon%20text%20%7D%20sourceJob%20%7B%20__typename%20id%20name%20retried%20%7D%20project%20%7B%20__typename%20id%20name%20fullPath%20%7D%20%7D%20query%20getPipelineDetails(%24projectPath%3A%20ID!%2C%20%24iid%3A%20ID!)%20%7B%20project(fullPath%3A%20%24projectPath)%20%7B%20__typename%20id%20pipeline(iid%3A%20%24iid)%20%7B%20__typename%20id%20iid%20usesNeeds%20userPermissions%20%7B%20updatePipeline%20__typename%20%7D%20downstream%20%7B%20__typename%20nodes%20%7B%20...LinkedPipelineData%20name%20__typename%20%7D%20%7D%20upstream%20%7B%20...LinkedPipelineData%20__typename%20%7D%20stages%20%7B%20__typename%20nodes%20%7B%20__typename%20id%20name%20status%3A%20detailedStatus%20%7B%20__typename%20action%20%7B%20__typename%20id%20icon%20path%20title%20confirmationMessage%20%7D%20%7D%20groups%20%7B%20__typename%20nodes%20%7B%20__typename%20id%20status%3A%20detailedStatus%20%7B%20__typename%20label%20group%20icon%20text%20%7D%20name%20size%20jobs%20%7B%20__typename%20nodes%20%7B%20__typename%20id%20name%20kind%20needs%20%7B%20__typename%20nodes%20%7B%20__typename%20id%20name%20%7D%20%7D%20previousStageJobsOrNeeds%20%7B%20__typename%20nodes%20%7B%20...CiNeeds%20__typename%20%7D%20%7D%20status%3A%20detailedStatus%20%7B%20__typename%20icon%20tooltip%20hasDetails%20detailsPath%20deploymentDetailsPath%20group%20label%20text%20action%20%7B%20__typename%20id%20buttonTitle%20confirmationMessage%20icon%20path%20title%20%7D%20%7D%20%7D%20%7D%20%7D%20%7D%20%7D%20%7D%20%7D%20%7D%20%7D&operationName=getPipelineDetails&variables=%7B%22projectPath%22%3A%22root%2Fdevsecops%22%2C%22iid%22%3A%228%22%7D HTTP/1.1" 200 741 "http://172.19.149.236:8099/root/devsecops/-/pipelines/104" "Mozilla/5.0 (Windows NT 10.0; Win64; x64) AppleWebKit/537.36 (KHTML, like Gecko) Chrome/139.0.0.0 Safari/537.36" 3.91
172.18.0.1 - - [02/Sep/2025:02:51:10 +0000] "POST /api/v4/jobs/request HTTP/1.1" 201 9998 "" "gitlab-runner 18.3.0 (18-3-stable; go1.24.4 X:cacheprog; linux/amd64)" -
172.19.144.1 - - [02/Sep/2025:02:51:11 +0000] "GET /root/devsecops/-/jobs/283 HTTP/1.1" 200 10183 "http://172.19.149.236:8099/root/devsecops/-/pipelines/104" "Mozilla/5.0 (Windows NT 10.0; Win64; x64) AppleWebKit/537.36 (KHTML, like Gecko) Chrome/139.0.0.0 Safari/537.36" 3.80
172.19.144.1 - - [02/Sep/2025:02:51:11 +0000] "GET /-/cable HTTP/1.1" 101 3701 "" "Mozilla/5.0 (Windows NT 10.0; Win64; x64) AppleWebKit/537.36 (KHTML, like Gecko) Chrome/139.0.0.0 Safari/537.36" -
172.19.144.1 - - [02/Sep/2025:02:51:11 +0000] "POST /api/graphql HTTP/1.1" 200 191 "http://172.19.149.236:8099/root/devsecops/-/jobs/283" "Mozilla/5.0 (Windows NT 10.0; Win64; x64) AppleWebKit/537.36 (KHTML, like Gecko) Chrome/139.0.0.0 Safari/537.36" -
172.19.144.1 - - [02/Sep/2025:02:51:12 +0000] "POST /-/collect_events HTTP/1.1" 200 0 "http://172.19.149.236:8099/root/devsecops/-/jobs/283" "Mozilla/5.0 (Windows NT 10.0; Win64; x64) AppleWebKit/537.36 (KHTML, like Gecko) Chrome/139.0.0.0 Safari/537.36" -
172.19.144.1 - - [02/Sep/2025:02:51:12 +0000] "POST /-/collect_events HTTP/1.1" 200 0 "http://172.19.149.236:8099/root/devsecops/-/jobs/283" "Mozilla/5.0 (Windows NT 10.0; Win64; x64) AppleWebKit/537.36 (KHTML, like Gecko) Chrome/139.0.0.0 Safari/537.36" -
172.19.144.1 - - [02/Sep/2025:02:51:12 +0000] "GET /root/devsecops/-/jobs/283.json HTTP/1.1" 200 1844 "http://172.19.149.236:8099/root/devsecops/-/jobs/283" "Mozilla/5.0 (Windows NT 10.0; Win64; x64) AppleWebKit/537.36 (KHTML, like Gecko) Chrome/139.0.0.0 Safari/537.36" 3.06
172.19.144.1 - - [02/Sep/2025:02:51:12 +0000] "POST /api/graphql HTTP/1.1" 200 288 "http://172.19.149.236:8099/root/devsecops/-/jobs/283" "Mozilla/5.0 (Windows NT 10.0; Win64; x64) AppleWebKit/537.36 (KHTML, like Gecko) Chrome/139.0.0.0 Safari/537.36" 1.70
172.19.144.1 - - [02/Sep/2025:02:51:12 +0000] "POST /api/graphql HTTP/1.1" 200 288 "http://172.19.149.236:8099/root/devsecops/-/jobs/283" "Mozilla/5.0 (Windows NT 10.0; Win64; x64) AppleWebKit/537.36 (KHTML, like Gecko) Chrome/139.0.0.0 Safari/537.36" 1.70
172.19.144.1 - - [02/Sep/2025:02:51:12 +0000] "GET /root/devsecops/-/jobs/283/trace HTTP/1.1" 204 0 "http://172.19.149.236:8099/root/devsecops/-/jobs/283" "Mozilla/5.0 (Windows NT 10.0; Win64; x64) AppleWebKit/537.36 (KHTML, like Gecko) Chrome/139.0.0.0 Safari/537.36" -
172.19.144.1 - - [02/Sep/2025:02:51:12 +0000] "GET /root/devsecops/-/pipelines/104/stage.json?stage=build&retried=1 HTTP/1.1" 200 876 "http://172.19.149.236:8099/root/devsecops/-/jobs/283" "Mozilla/5.0 (Windows NT 10.0; Win64; x64) AppleWebKit/537.36 (KHTML, like Gecko) Chrome/139.0.0.0 Safari/537.36" 2.97
172.18.0.1 - - [02/Sep/2025:02:51:13 +0000] "PATCH /api/v4/jobs/283/trace?debug_trace=false HTTP/1.1" 202 1 "" "gitlab-runner 18.3.0 (18-3-stable; go1.24.4 X:cacheprog; linux/amd64)" -
172.18.0.1 - - [02/Sep/2025:02:51:16 +0000] "PATCH /api/v4/jobs/283/trace?debug_trace=false HTTP/1.1" 202 1 "" "gitlab-runner 18.3.0 (18-3-stable; go1.24.4 X:cacheprog; linux/amd64)" -
172.19.144.1 - - [02/Sep/2025:02:51:17 +0000] "GET /root/devsecops/-/jobs/283/trace HTTP/1.1" 200 731 "http://172.19.149.236:8099/root/devsecops/-/jobs/283" "Mozilla/5.0 (Windows NT 10.0; Win64; x64) AppleWebKit/537.36 (KHTML, like Gecko) Chrome/139.0.0.0 Safari/537.36" 1.92
172.18.0.1 - - [02/Sep/2025:02:51:18 +0000] "PATCH /api/v4/jobs/283/trace?debug_trace=false HTTP/1.1" 202 1 "" "gitlab-runner 18.3.0 (18-3-stable; go1.24.4 X:cacheprog; linux/amd64)" -
172.19.144.1 - - [02/Sep/2025:02:51:20 +0000] "GET /root/devsecops/-/jobs/283/trace?state=eyJvZmZzZXQiOjY0NCwic3R5bGUiOnsiZmciOm51bGwsImJnIjpudWxsLCJtYXNrIjowfSwib3Blbl9zZWN0aW9ucyI6eyJwcmVwYXJlLWV4ZWN1dG9yIjoiMTc1Njc4MTQ3MCJ9fQ--56b5da00d682640bea9128740306163e242fa811ea5f975228a75159e67557cc HTTP/1.1" 200 1234 "http://172.19.149.236:8099/root/devsecops/-/jobs/283" "Mozilla/5.0 (Windows NT 10.0; Win64; x64) AppleWebKit/537.36 (KHTML, like Gecko) Chrome/139.0.0.0 Safari/537.36" 2.84
172.18.0.1 - - [02/Sep/2025:02:51:21 +0000] "GET /root/devsecops.git/info/refs?service=git-upload-pack HTTP/1.1" 200 163 "" "gitlab-runner 18.3.0 linux/amd64" -
172.18.0.1 - - [02/Sep/2025:02:51:21 +0000] "POST /root/devsecops.git/git-upload-pack HTTP/1.1" 200 131 "" "gitlab-runner 18.3.0 linux/amd64" -
172.18.0.1 - - [02/Sep/2025:02:51:21 +0000] "POST /root/devsecops.git/git-upload-pack HTTP/1.1" 200 4741 "" "gitlab-runner 18.3.0 linux/amd64" -
172.18.0.1 - - [02/Sep/2025:02:51:21 +0000] "PATCH /api/v4/jobs/283/trace?debug_trace=false HTTP/1.1" 202 1 "" "gitlab-runner 18.3.0 (18-3-stable; go1.24.4 X:cacheprog; linux/amd64)" -
172.19.144.1 - - [02/Sep/2025:02:51:22 +0000] "GET /root/devsecops/-/jobs/283.json HTTP/1.1" 200 1846 "http://172.19.149.236:8099/root/devsecops/-/jobs/283" "Mozilla/5.0 (Windows NT 10.0; Win64; x64) AppleWebKit/537.36 (KHTML, like Gecko) Chrome/139.0.0.0 Safari/537.36" 3.06
172.19.144.1 - - [02/Sep/2025:02:51:22 +0000] "GET /root/devsecops/-/jobs/283/trace?state=eyJvZmZzZXQiOjI0NTYsInN0eWxlIjp7ImZnIjpudWxsLCJiZyI6bnVsbCwibWFzayI6MH0sIm9wZW5fc2VjdGlvbnMiOnsicHJlcGFyZS1zY3JpcHQiOiIxNzU2NzgxNDc4In19--5214098d75ae57225342d006880ac911ff4d0d6d583749ca7811ce330f307a35 HTTP/1.1" 200 733 "http://172.19.149.236:8099/root/devsecops/-/jobs/283" "Mozilla/5.0 (Windows NT 10.0; Win64; x64) AppleWebKit/537.36 (KHTML, like Gecko) Chrome/139.0.0.0 Safari/537.36" 2.15
172.19.144.1 - - [02/Sep/2025:02:51:24 +0000] "GET /root/devsecops/-/jobs/283/trace?state=eyJvZmZzZXQiOjMwMDEsInN0eWxlIjp7ImZnIjpudWxsLCJiZyI6bnVsbCwibWFzayI6MH0sIm9wZW5fc2VjdGlvbnMiOnsiZ2V0LXNvdXJjZXMiOiIxNzU2NzgxNDc5In19--cd9d6ccb1a060055bd8a71d5b57febe27412a4816c0695b1c22b781fbb1eb319 HTTP/1.1" 200 297 "http://172.19.149.236:8099/root/devsecops/-/jobs/283" "Mozilla/5.0 (Windows NT 10.0; Win64; x64) AppleWebKit/537.36 (KHTML, like Gecko) Chrome/139.0.0.0 Safari/537.36" 1.17
172.18.0.1 - - [02/Sep/2025:02:51:24 +0000] "PATCH /api/v4/jobs/283/trace?debug_trace=false HTTP/1.1" 202 1 "" "gitlab-runner 18.3.0 (18-3-stable; go1.24.4 X:cacheprog; linux/amd64)" -
172.18.0.1 - - [02/Sep/2025:02:51:27 +0000] "PATCH /api/v4/jobs/283/trace?debug_trace=false HTTP/1.1" 202 1 "" "gitlab-runner 18.3.0 (18-3-stable; go1.24.4 X:cacheprog; linux/amd64)" -
172.19.144.1 - - [02/Sep/2025:02:51:28 +0000] "GET /root/devsecops/-/jobs/283/trace?state=eyJvZmZzZXQiOjMwMDEsInN0eWxlIjp7ImZnIjpudWxsLCJiZyI6bnVsbCwibWFzayI6MH0sIm9wZW5fc2VjdGlvbnMiOnsiZ2V0LXNvdXJjZXMiOiIxNzU2NzgxNDc5In19--cd9d6ccb1a060055bd8a71d5b57febe27412a4816c0695b1c22b781fbb1eb319 HTTP/1.1" 200 735 "http://172.19.149.236:8099/root/devsecops/-/jobs/283" "Mozilla/5.0 (Windows NT 10.0; Win64; x64) AppleWebKit/537.36 (KHTML, like Gecko) Chrome/139.0.0.0 Safari/537.36" 1.79
172.19.144.1 - - [02/Sep/2025:02:51:32 +0000] "GET /root/devsecops/-/jobs/283.json HTTP/1.1" 200 1846 "http://172.19.149.236:8099/root/devsecops/-/jobs/283" "Mozilla/5.0 (Windows NT 10.0; Win64; x64) AppleWebKit/537.36 (KHTML, like Gecko) Chrome/139.0.0.0 Safari/537.36" 3.06
172.19.144.1 - - [02/Sep/2025:02:51:32 +0000] "GET /root/devsecops/-/jobs/283/trace?state=eyJvZmZzZXQiOjM1NjIsInN0eWxlIjp7ImZnIjpudWxsLCJiZyI6bnVsbCwibWFzayI6MH0sIm9wZW5fc2VjdGlvbnMiOnsic3RlcC1zY3JpcHQiOiIxNzU2NzgxNDgxIn19--2c849d700ce951c7fb700daac5e9dad6e542fceb52ee4acdc5a637a20665e1ff HTTP/1.1" 200 297 "http://172.19.149.236:8099/root/devsecops/-/jobs/283" "Mozilla/5.0 (Windows NT 10.0; Win64; x64) AppleWebKit/537.36 (KHTML, like Gecko) Chrome/139.0.0.0 Safari/537.36" 1.17
172.19.144.1 - - [02/Sep/2025:02:51:33 +0000] "GET /root/devsecops/-/jobs/283/trace?state=eyJvZmZzZXQiOjM1NjIsInN0eWxlIjp7ImZnIjpudWxsLCJiZyI6bnVsbCwibWFzayI6MH0sIm9wZW5fc2VjdGlvbnMiOnsic3RlcC1zY3JpcHQiOiIxNzU2NzgxNDgxIn19--2c849d700ce951c7fb700daac5e9dad6e542fceb52ee4acdc5a637a20665e1ff HTTP/1.1" 304 0 "http://172.19.149.236:8099/root/devsecops/-/jobs/283" "Mozilla/5.0 (Windows NT 10.0; Win64; x64) AppleWebKit/537.36 (KHTML, like Gecko) Chrome/139.0.0.0 Safari/537.36" -
172.19.144.1 - - [02/Sep/2025:02:51:37 +0000] "GET /root/devsecops/-/jobs/283/trace?state=eyJvZmZzZXQiOjM1NjIsInN0eWxlIjp7ImZnIjpudWxsLCJiZyI6bnVsbCwibWFzayI6MH0sIm9wZW5fc2VjdGlvbnMiOnsic3RlcC1zY3JpcHQiOiIxNzU2NzgxNDgxIn19--2c849d700ce951c7fb700daac5e9dad6e542fceb52ee4acdc5a637a20665e1ff HTTP/1.1" 304 0 "http://172.19.149.236:8099/root/devsecops/-/jobs/283" "Mozilla/5.0 (Windows NT 10.0; Win64; x64) AppleWebKit/537.36 (KHTML, like Gecko) Chrome/139.0.0.0 Safari/537.36" -
172.19.144.1 - - [02/Sep/2025:02:51:41 +0000] "GET /root/devsecops/-/jobs/283/trace?state=eyJvZmZzZXQiOjM1NjIsInN0eWxlIjp7ImZnIjpudWxsLCJiZyI6bnVsbCwibWFzayI6MH0sIm9wZW5fc2VjdGlvbnMiOnsic3RlcC1zY3JpcHQiOiIxNzU2NzgxNDgxIn19--2c849d700ce951c7fb700daac5e9dad6e542fceb52ee4acdc5a637a20665e1ff HTTP/1.1" 304 0 "http://172.19.149.236:8099/root/devsecops/-/jobs/283" "Mozilla/5.0 (Windows NT 10.0; Win64; x64) AppleWebKit/537.36 (KHTML, like Gecko) Chrome/139.0.0.0 Safari/537.36" -
172.19.144.1 - - [02/Sep/2025:02:51:42 +0000] "POST /-/collect_events HTTP/1.1" 200 0 "http://172.19.149.236:8099/root/devsecops/-/jobs/283" "Mozilla/5.0 (Windows NT 10.0; Win64; x64) AppleWebKit/537.36 (KHTML, like Gecko) Chrome/139.0.0.0 Safari/537.36" -
172.18.0.1 - - [02/Sep/2025:02:51:42 +0000] "PATCH /api/v4/jobs/283/trace?debug_trace=false HTTP/1.1" 202 1 "" "gitlab-runner 18.3.0 (18-3-stable; go1.24.4 X:cacheprog; linux/amd64)" -
172.19.144.1 - - [02/Sep/2025:02:51:43 +0000] "GET /root/devsecops/-/jobs/283.json HTTP/1.1" 200 1846 "http://172.19.149.236:8099/root/devsecops/-/jobs/283" "Mozilla/5.0 (Windows NT 10.0; Win64; x64) AppleWebKit/537.36 (KHTML, like Gecko) Chrome/139.0.0.0 Safari/537.36" 3.06
172.19.144.1 - - [02/Sep/2025:02:51:43 +0000] "GET /root/devsecops/-/jobs/283/trace?state=eyJvZmZzZXQiOjM1NjIsInN0eWxlIjp7ImZnIjpudWxsLCJiZyI6bnVsbCwibWFzayI6MH0sIm9wZW5fc2VjdGlvbnMiOnsic3RlcC1zY3JpcHQiOiIxNzU2NzgxNDgxIn19--2c849d700ce951c7fb700daac5e9dad6e542fceb52ee4acdc5a637a20665e1ff HTTP/1.1" 200 549 "http://172.19.149.236:8099/root/devsecops/-/jobs/283" "Mozilla/5.0 (Windows NT 10.0; Win64; x64) AppleWebKit/537.36 (KHTML, like Gecko) Chrome/139.0.0.0 Safari/537.36" 1.51
172.18.0.1 - - [02/Sep/2025:02:51:43 +0000] "PATCH /api/v4/jobs/283/trace?debug_trace=false HTTP/1.1" 202 1 "" "gitlab-runner 18.3.0 (18-3-stable; go1.24.4 X:cacheprog; linux/amd64)" -
172.18.0.1 - - [02/Sep/2025:02:51:43 +0000] "PUT /api/v4/jobs/283 HTTP/1.1" 200 3 "" "gitlab-runner 18.3.0 (18-3-stable; go1.24.4 X:cacheprog; linux/amd64)" -
172.19.144.1 - - [02/Sep/2025:02:51:45 +0000] "GET /root/devsecops/-/jobs/283/trace?state=eyJvZmZzZXQiOjM4MzksInN0eWxlIjp7ImZnIjpudWxsLCJiZyI6bnVsbCwibWFzayI6MH0sIm9wZW5fc2VjdGlvbnMiOnsiY2xlYW51cC1maWxlLXZhcmlhYmxlcyI6IjE3NTY3ODE1MDIifX0--77e033fefcac24fbcbc4baa915e2556122ce5be2f5d060a8222ee371a52e13a6 HTTP/1.1" 200 393 "http://172.19.149.236:8099/root/devsecops/-/jobs/283" "Mozilla/5.0 (Windows NT 10.0; Win64; x64) AppleWebKit/537.36 (KHTML, like Gecko) Chrome/139.0.0.0 Safari/537.36" 1.35
172.18.0.1 - - [02/Sep/2025:02:51:45 +0000] "POST /api/v4/jobs/request HTTP/1.1" 204 0 "" "gitlab-runner 18.3.0 (18-3-stable; go1.24.4 X:cacheprog; linux/amd64)" -
172.18.0.1 - - [02/Sep/2025:02:51:48 +0000] "POST /api/v4/jobs/request HTTP/1.1" 204 0 "" "gitlab-runner 18.3.0 (18-3-stable; go1.24.4 X:cacheprog; linux/amd64)" -
172.18.0.1 - - [02/Sep/2025:02:51:50 +0000] "POST /api/v4/jobs/request HTTP/1.1" 204 0 "" "gitlab-runner 18.3.0 (18-3-stable; go1.24.4 X:cacheprog; linux/amd64)" -
127.0.0.1 - - [02/Sep/2025:02:51:51 +0000] "GET /help HTTP/1.1" 200 29533 "" "curl/8.14.1-DEV" -
172.19.144.1 - - [02/Sep/2025:02:51:52 +0000] "GET /root/devsecops/-/jobs/283.json HTTP/1.1" 200 1966 "http://172.19.149.236:8099/root/devsecops/-/jobs/283" "Mozilla/5.0 (Windows NT 10.0; Win64; x64) AppleWebKit/537.36 (KHTML, like Gecko) Chrome/139.0.0.0 Safari/537.36" 3.04
172.19.144.1 - - [02/Sep/2025:02:51:52 +0000] "GET /root/devsecops/-/jobs/283/trace?state=eyJvZmZzZXQiOjM5MzMsInN0eWxlIjp7ImZnIjpudWxsLCJiZyI6bnVsbCwibWFzayI6MH0sIm9wZW5fc2VjdGlvbnMiOnt9fQ--87fb584a4ab4f290abe5ed4cf1cd01e30036b42ec937a86bbdf273ce22ef2692 HTTP/1.1" 200 265 "http://172.19.149.236:8099/root/devsecops/-/jobs/283" "Mozilla/5.0 (Windows NT 10.0; Win64; x64) AppleWebKit/537.36 (KHTML, like Gecko) Chrome/139.0.0.0 Safari/537.36" 1.17
172.19.144.1 - - [02/Sep/2025:02:51:53 +0000] "GET /root/devsecops/-/pipelines/104/stage.json?stage=build&retried=1 HTTP/1.1" 200 771 "http://172.19.149.236:8099/root/devsecops/-/jobs/283" "Mozilla/5.0 (Windows NT 10.0; Win64; x64) AppleWebKit/537.36 (KHTML, like Gecko) Chrome/139.0.0.0 Safari/537.36" 3.34
172.18.0.1 - - [02/Sep/2025:02:51:53 +0000] "POST /api/v4/jobs/request HTTP/1.1" 204 0 "" "gitlab-runner 18.3.0 (18-3-stable; go1.24.4 X:cacheprog; linux/amd64)" -
172.18.0.1 - - [02/Sep/2025:02:51:56 +0000] "POST /api/v4/jobs/request HTTP/1.1" 204 0 "" "gitlab-runner 18.3.0 (18-3-stable; go1.24.4 X:cacheprog; linux/amd64)" -
172.18.0.1 - - [02/Sep/2025:02:51:59 +0000] "POST /api/v4/jobs/request HTTP/1.1" 204 0 "" "gitlab-runner 18.3.0 (18-3-stable; go1.24.4 X:cacheprog; linux/amd64)" -
172.18.0.1 - - [02/Sep/2025:02:52:02 +0000] "POST /api/v4/jobs/request HTTP/1.1" 204 0 "" "gitlab-runner 18.3.0 (18-3-stable; go1.24.4 X:cacheprog; linux/amd64)" -
172.19.144.1 - - [02/Sep/2025:02:52:03 +0000] "GET /root/devsecops/-/jobs/283.json HTTP/1.1" 304 0 "http://172.19.149.236:8099/root/devsecops/-/jobs/283" "Mozilla/5.0 (Windows NT 10.0; Win64; x64) AppleWebKit/537.36 (KHTML, like Gecko) Chrome/139.0.0.0 Safari/537.36" -
172.19.144.1 - - [02/Sep/2025:02:52:03 +0000] "GET /root/devsecops/-/jobs/283/trace?state=eyJvZmZzZXQiOjM5MzMsInN0eWxlIjp7ImZnIjpudWxsLCJiZyI6bnVsbCwibWFzayI6MH0sIm9wZW5fc2VjdGlvbnMiOnt9fQ--87fb584a4ab4f290abe5ed4cf1cd01e30036b42ec937a86bbdf273ce22ef2692 HTTP/1.1" 304 0 "http://172.19.149.236:8099/root/devsecops/-/jobs/283" "Mozilla/5.0 (Windows NT 10.0; Win64; x64) AppleWebKit/537.36 (KHTML, like Gecko) Chrome/139.0.0.0 Safari/537.36" -
172.18.0.1 - - [02/Sep/2025:02:52:05 +0000] "POST /api/v4/jobs/request HTTP/1.1" 204 0 "" "gitlab-runner 18.3.0 (18-3-stable; go1.24.4 X:cacheprog; linux/amd64)" -
172.18.0.1 - - [02/Sep/2025:02:52:08 +0000] "POST /api/v4/jobs/request HTTP/1.1" 204 0 "" "gitlab-runner 18.3.0 (18-3-stable; go1.24.4 X:cacheprog; linux/amd64)" -
172.18.0.1 - - [02/Sep/2025:02:52:11 +0000] "POST /api/v4/jobs/request HTTP/1.1" 204 0 "" "gitlab-runner 18.3.0 (18-3-stable; go1.24.4 X:cacheprog; linux/amd64)" -
172.19.144.1 - - [02/Sep/2025:02:52:12 +0000] "POST /-/collect_events HTTP/1.1" 200 0 "http://172.19.149.236:8099/root/devsecops/-/jobs/283" "Mozilla/5.0 (Windows NT 10.0; Win64; x64) AppleWebKit/537.36 (KHTML, like Gecko) Chrome/139.0.0.0 Safari/537.36" -
172.19.144.1 - - [02/Sep/2025:02:52:13 +0000] "GET /root/devsecops/-/jobs/283.json HTTP/1.1" 304 0 "http://172.19.149.236:8099/root/devsecops/-/jobs/283" "Mozilla/5.0 (Windows NT 10.0; Win64; x64) AppleWebKit/537.36 (KHTML, like Gecko) Chrome/139.0.0.0 Safari/537.36" -
172.19.144.1 - - [02/Sep/2025:02:52:13 +0000] "GET /root/devsecops/-/jobs/283/trace?state=eyJvZmZzZXQiOjM5MzMsInN0eWxlIjp7ImZnIjpudWxsLCJiZyI6bnVsbCwibWFzayI6MH0sIm9wZW5fc2VjdGlvbnMiOnt9fQ--87fb584a4ab4f290abe5ed4cf1cd01e30036b42ec937a86bbdf273ce22ef2692 HTTP/1.1" 304 0 "http://172.19.149.236:8099/root/devsecops/-/jobs/283" "Mozilla/5.0 (Windows NT 10.0; Win64; x64) AppleWebKit/537.36 (KHTML, like Gecko) Chrome/139.0.0.0 Safari/537.36" -
172.18.0.1 - - [02/Sep/2025:02:52:14 +0000] "POST /api/v4/jobs/request HTTP/1.1" 204 0 "" "gitlab-runner 18.3.0 (18-3-stable; go1.24.4 X:cacheprog; linux/amd64)" -
172.18.0.1 - - [02/Sep/2025:02:52:17 +0000] "POST /api/v4/jobs/request HTTP/1.1" 204 0 "" "gitlab-runner 18.3.0 (18-3-stable; go1.24.4 X:cacheprog; linux/amd64)" -
172.18.0.1 - - [02/Sep/2025:02:52:20 +0000] "POST /api/v4/jobs/request HTTP/1.1" 204 0 "" "gitlab-runner 18.3.0 (18-3-stable; go1.24.4 X:cacheprog; linux/amd64)" -
172.18.0.1 - - [02/Sep/2025:02:52:23 +0000] "POST /api/v4/jobs/request HTTP/1.1" 204 0 "" "gitlab-runner 18.3.0 (18-3-stable; go1.24.4 X:cacheprog; linux/amd64)" -
172.19.144.1 - - [02/Sep/2025:02:52:23 +0000] "GET /root/devsecops/-/jobs/283.json HTTP/1.1" 304 0 "http://172.19.149.236:8099/root/devsecops/-/jobs/283" "Mozilla/5.0 (Windows NT 10.0; Win64; x64) AppleWebKit/537.36 (KHTML, like Gecko) Chrome/139.0.0.0 Safari/537.36" -
172.19.144.1 - - [02/Sep/2025:02:52:23 +0000] "GET /root/devsecops/-/jobs/283/trace?state=eyJvZmZzZXQiOjM5MzMsInN0eWxlIjp7ImZnIjpudWxsLCJiZyI6bnVsbCwibWFzayI6MH0sIm9wZW5fc2VjdGlvbnMiOnt9fQ--87fb584a4ab4f290abe5ed4cf1cd01e30036b42ec937a86bbdf273ce22ef2692 HTTP/1.1" 304 0 "http://172.19.149.236:8099/root/devsecops/-/jobs/283" "Mozilla/5.0 (Windows NT 10.0; Win64; x64) AppleWebKit/537.36 (KHTML, like Gecko) Chrome/139.0.0.0 Safari/537.36" -
172.18.0.1 - - [02/Sep/2025:02:52:26 +0000] "POST /api/v4/jobs/request HTTP/1.1" 204 0 "" "gitlab-runner 18.3.0 (18-3-stable; go1.24.4 X:cacheprog; linux/amd64)" -
172.18.0.1 - - [02/Sep/2025:02:52:29 +0000] "POST /api/v4/jobs/request HTTP/1.1" 204 0 "" "gitlab-runner 18.3.0 (18-3-stable; go1.24.4 X:cacheprog; linux/amd64)" -
172.18.0.1 - - [02/Sep/2025:02:52:32 +0000] "POST /api/v4/jobs/request HTTP/1.1" 204 0 "" "gitlab-runner 18.3.0 (18-3-stable; go1.24.4 X:cacheprog; linux/amd64)" -
172.19.144.1 - - [02/Sep/2025:02:52:34 +0000] "GET /root/devsecops/-/jobs/283.json HTTP/1.1" 304 0 "http://172.19.149.236:8099/root/devsecops/-/jobs/283" "Mozilla/5.0 (Windows NT 10.0; Win64; x64) AppleWebKit/537.36 (KHTML, like Gecko) Chrome/139.0.0.0 Safari/537.36" -
172.19.144.1 - - [02/Sep/2025:02:52:34 +0000] "GET /root/devsecops/-/jobs/283/trace?state=eyJvZmZzZXQiOjM5MzMsInN0eWxlIjp7ImZnIjpudWxsLCJiZyI6bnVsbCwibWFzayI6MH0sIm9wZW5fc2VjdGlvbnMiOnt9fQ--87fb584a4ab4f290abe5ed4cf1cd01e30036b42ec937a86bbdf273ce22ef2692 HTTP/1.1" 304 0 "http://172.19.149.236:8099/root/devsecops/-/jobs/283" "Mozilla/5.0 (Windows NT 10.0; Win64; x64) AppleWebKit/537.36 (KHTML, like Gecko) Chrome/139.0.0.0 Safari/537.36" -
172.18.0.1 - - [02/Sep/2025:02:52:35 +0000] "POST /api/v4/jobs/request HTTP/1.1" 204 0 "" "gitlab-runner 18.3.0 (18-3-stable; go1.24.4 X:cacheprog; linux/amd64)" -
172.18.0.1 - - [02/Sep/2025:02:52:38 +0000] "POST /api/v4/jobs/request HTTP/1.1" 204 0 "" "gitlab-runner 18.3.0 (18-3-stable; go1.24.4 X:cacheprog; linux/amd64)" -
172.18.0.1 - - [02/Sep/2025:02:52:41 +0000] "POST /api/v4/jobs/request HTTP/1.1" 204 0 "" "gitlab-runner 18.3.0 (18-3-stable; go1.24.4 X:cacheprog; linux/amd64)" -
172.19.144.1 - - [02/Sep/2025:02:52:42 +0000] "POST /-/collect_events HTTP/1.1" 200 0 "http://172.19.149.236:8099/root/devsecops/-/jobs/283" "Mozilla/5.0 (Windows NT 10.0; Win64; x64) AppleWebKit/537.36 (KHTML, like Gecko) Chrome/139.0.0.0 Safari/537.36" -
172.18.0.1 - - [02/Sep/2025:02:52:44 +0000] "POST /api/v4/jobs/request HTTP/1.1" 204 0 "" "gitlab-runner 18.3.0 (18-3-stable; go1.24.4 X:cacheprog; linux/amd64)" -
172.18.0.1 - - [02/Sep/2025:02:52:46 +0000] "GET /api/v4/internal/kubernetes/receptive_agents HTTP/1.1" 404 25 "" "gitlab-kas/v18.3.1/v18.3.1" -
172.18.0.1 - - [02/Sep/2025:02:52:47 +0000] "POST /api/v4/jobs/request HTTP/1.1" 204 0 "" "gitlab-runner 18.3.0 (18-3-stable; go1.24.4 X:cacheprog; linux/amd64)" -
172.19.144.1 - - [02/Sep/2025:02:52:48 +0000] "GET /-/cable HTTP/1.1" 101 3144 "" "Mozilla/5.0 (Windows NT 10.0; Win64; x64) AppleWebKit/537.36 (KHTML, like Gecko) Chrome/139.0.0.0 Safari/537.36" -
172.18.0.1 - - [02/Sep/2025:02:52:50 +0000] "POST /api/v4/jobs/request HTTP/1.1" 204 0 "" "gitlab-runner 18.3.0 (18-3-stable; go1.24.4 X:cacheprog; linux/amd64)" -
127.0.0.1 - - [02/Sep/2025:02:52:50 +0000] "GET /help HTTP/1.1" 200 29533 "" "curl/8.14.1-DEV" -
172.18.0.1 - - [02/Sep/2025:02:52:52 +0000] "POST /api/v4/jobs/request HTTP/1.1" 204 0 "" "gitlab-runner 18.3.0 (18-3-stable; go1.24.4 X:cacheprog; linux/amd64)" -
172.18.0.1 - - [02/Sep/2025:02:52:55 +0000] "POST /api/v4/jobs/request HTTP/1.1" 204 0 "" "gitlab-runner 18.3.0 (18-3-stable; go1.24.4 X:cacheprog; linux/amd64)" -
172.18.0.1 - - [02/Sep/2025:02:52:58 +0000] "POST /api/v4/jobs/request HTTP/1.1" 204 0 "" "gitlab-runner 18.3.0 (18-3-stable; go1.24.4 X:cacheprog; linux/amd64)" -
172.18.0.1 - - [02/Sep/2025:02:53:01 +0000] "POST /api/v4/jobs/request HTTP/1.1" 204 0 "" "gitlab-runner 18.3.0 (18-3-stable; go1.24.4 X:cacheprog; linux/amd64)" -
172.18.0.1 - - [02/Sep/2025:02:53:04 +0000] "POST /api/v4/jobs/request HTTP/1.1" 204 0 "" "gitlab-runner 18.3.0 (18-3-stable; go1.24.4 X:cacheprog; linux/amd64)" -
172.18.0.1 - - [02/Sep/2025:02:53:07 +0000] "POST /api/v4/jobs/request HTTP/1.1" 204 0 "" "gitlab-runner 18.3.0 (18-3-stable; go1.24.4 X:cacheprog; linux/amd64)" -
172.18.0.1 - - [02/Sep/2025:02:53:10 +0000] "POST /api/v4/jobs/request HTTP/1.1" 204 0 "" "gitlab-runner 18.3.0 (18-3-stable; go1.24.4 X:cacheprog; linux/amd64)" -
172.18.0.1 - - [02/Sep/2025:02:53:13 +0000] "POST /api/v4/jobs/request HTTP/1.1" 204 0 "" "gitlab-runner 18.3.0 (18-3-stable; go1.24.4 X:cacheprog; linux/amd64)" -
172.18.0.1 - - [02/Sep/2025:02:53:16 +0000] "POST /api/v4/jobs/request HTTP/1.1" 204 0 "" "gitlab-runner 18.3.0 (18-3-stable; go1.24.4 X:cacheprog; linux/amd64)" -
172.18.0.1 - - [02/Sep/2025:02:53:19 +0000] "POST /api/v4/jobs/request HTTP/1.1" 204 0 "" "gitlab-runner 18.3.0 (18-3-stable; go1.24.4 X:cacheprog; linux/amd64)" -
172.18.0.1 - - [02/Sep/2025:02:53:22 +0000] "POST /api/v4/jobs/request HTTP/1.1" 204 0 "" "gitlab-runner 18.3.0 (18-3-stable; go1.24.4 X:cacheprog; linux/amd64)" -
172.18.0.1 - - [02/Sep/2025:02:53:24 +0000] "POST /api/v4/jobs/request HTTP/1.1" 204 0 "" "gitlab-runner 18.3.0 (18-3-stable; go1.24.4 X:cacheprog; linux/amd64)" -
172.18.0.1 - - [02/Sep/2025:02:53:27 +0000] "POST /api/v4/jobs/request HTTP/1.1" 204 0 "" "gitlab-runner 18.3.0 (18-3-stable; go1.24.4 X:cacheprog; linux/amd64)" -
172.18.0.1 - - [02/Sep/2025:02:53:30 +0000] "POST /api/v4/jobs/request HTTP/1.1" 204 0 "" "gitlab-runner 18.3.0 (18-3-stable; go1.24.4 X:cacheprog; linux/amd64)" -
172.18.0.1 - - [02/Sep/2025:02:53:33 +0000] "POST /api/v4/jobs/request HTTP/1.1" 204 0 "" "gitlab-runner 18.3.0 (18-3-stable; go1.24.4 X:cacheprog; linux/amd64)" -
172.18.0.1 - - [02/Sep/2025:02:53:36 +0000] "POST /api/v4/jobs/request HTTP/1.1" 204 0 "" "gitlab-runner 18.3.0 (18-3-stable; go1.24.4 X:cacheprog; linux/amd64)" -
172.18.0.1 - - [02/Sep/2025:02:53:39 +0000] "POST /api/v4/jobs/request HTTP/1.1" 204 0 "" "gitlab-runner 18.3.0 (18-3-stable; go1.24.4 X:cacheprog; linux/amd64)" -
172.18.0.1 - - [02/Sep/2025:02:53:42 +0000] "POST /api/v4/jobs/request HTTP/1.1" 204 0 "" "gitlab-runner 18.3.0 (18-3-stable; go1.24.4 X:cacheprog; linux/amd64)" -
172.18.0.1 - - [02/Sep/2025:02:53:45 +0000] "POST /api/v4/jobs/request HTTP/1.1" 204 0 "" "gitlab-runner 18.3.0 (18-3-stable; go1.24.4 X:cacheprog; linux/amd64)" -
172.18.0.1 - - [02/Sep/2025:02:53:48 +0000] "POST /api/v4/jobs/request HTTP/1.1" 204 0 "" "gitlab-runner 18.3.0 (18-3-stable; go1.24.4 X:cacheprog; linux/amd64)" -
127.0.0.1 - - [02/Sep/2025:02:53:49 +0000] "GET /help HTTP/1.1" 200 29533 "" "curl/8.14.1-DEV" -
172.18.0.1 - - [02/Sep/2025:02:53:51 +0000] "POST /api/v4/jobs/request HTTP/1.1" 204 0 "" "gitlab-runner 18.3.0 (18-3-stable; go1.24.4 X:cacheprog; linux/amd64)" -
172.18.0.1 - - [02/Sep/2025:02:53:54 +0000] "POST /api/v4/jobs/request HTTP/1.1" 204 0 "" "gitlab-runner 18.3.0 (18-3-stable; go1.24.4 X:cacheprog; linux/amd64)" -
172.18.0.1 - - [02/Sep/2025:02:53:56 +0000] "POST /api/v4/jobs/request HTTP/1.1" 204 0 "" "gitlab-runner 18.3.0 (18-3-stable; go1.24.4 X:cacheprog; linux/amd64)" -
172.18.0.1 - - [02/Sep/2025:02:53:59 +0000] "POST /api/v4/jobs/request HTTP/1.1" 204 0 "" "gitlab-runner 18.3.0 (18-3-stable; go1.24.4 X:cacheprog; linux/amd64)" -
172.18.0.1 - - [02/Sep/2025:02:54:02 +0000] "POST /api/v4/jobs/request HTTP/1.1" 204 0 "" "gitlab-runner 18.3.0 (18-3-stable; go1.24.4 X:cacheprog; linux/amd64)" -
172.18.0.1 - - [02/Sep/2025:02:54:05 +0000] "POST /api/v4/jobs/request HTTP/1.1" 204 0 "" "gitlab-runner 18.3.0 (18-3-stable; go1.24.4 X:cacheprog; linux/amd64)" -
172.18.0.1 - - [02/Sep/2025:02:54:08 +0000] "POST /api/v4/jobs/request HTTP/1.1" 204 0 "" "gitlab-runner 18.3.0 (18-3-stable; go1.24.4 X:cacheprog; linux/amd64)" -
172.18.0.1 - - [02/Sep/2025:02:54:11 +0000] "POST /api/v4/jobs/request HTTP/1.1" 204 0 "" "gitlab-runner 18.3.0 (18-3-stable; go1.24.4 X:cacheprog; linux/amd64)" -
172.18.0.1 - - [02/Sep/2025:02:54:14 +0000] "POST /api/v4/jobs/request HTTP/1.1" 204 0 "" "gitlab-runner 18.3.0 (18-3-stable; go1.24.4 X:cacheprog; linux/amd64)" -
172.18.0.1 - - [02/Sep/2025:02:54:17 +0000] "POST /api/v4/jobs/request HTTP/1.1" 204 0 "" "gitlab-runner 18.3.0 (18-3-stable; go1.24.4 X:cacheprog; linux/amd64)" -
172.18.0.1 - - [02/Sep/2025:02:54:20 +0000] "POST /api/v4/jobs/request HTTP/1.1" 204 0 "" "gitlab-runner 18.3.0 (18-3-stable; go1.24.4 X:cacheprog; linux/amd64)" -
172.18.0.1 - - [02/Sep/2025:02:54:23 +0000] "POST /api/v4/jobs/request HTTP/1.1" 204 0 "" "gitlab-runner 18.3.0 (18-3-stable; go1.24.4 X:cacheprog; linux/amd64)" -
172.18.0.1 - - [02/Sep/2025:02:54:25 +0000] "POST /api/v4/jobs/request HTTP/1.1" 204 0 "" "gitlab-runner 18.3.0 (18-3-stable; go1.24.4 X:cacheprog; linux/amd64)" -
172.18.0.1 - - [02/Sep/2025:02:54:28 +0000] "POST /api/v4/jobs/request HTTP/1.1" 204 0 "" "gitlab-runner 18.3.0 (18-3-stable; go1.24.4 X:cacheprog; linux/amd64)" -
172.18.0.1 - - [02/Sep/2025:02:54:31 +0000] "POST /api/v4/jobs/request HTTP/1.1" 204 0 "" "gitlab-runner 18.3.0 (18-3-stable; go1.24.4 X:cacheprog; linux/amd64)" -
172.18.0.1 - - [02/Sep/2025:02:54:34 +0000] "POST /api/v4/jobs/request HTTP/1.1" 204 0 "" "gitlab-runner 18.3.0 (18-3-stable; go1.24.4 X:cacheprog; linux/amd64)" -
172.18.0.1 - - [02/Sep/2025:02:54:37 +0000] "POST /api/v4/jobs/request HTTP/1.1" 204 0 "" "gitlab-runner 18.3.0 (18-3-stable; go1.24.4 X:cacheprog; linux/amd64)" -
172.18.0.1 - - [02/Sep/2025:02:54:40 +0000] "POST /api/v4/jobs/request HTTP/1.1" 204 0 "" "gitlab-runner 18.3.0 (18-3-stable; go1.24.4 X:cacheprog; linux/amd64)" -
172.18.0.1 - - [02/Sep/2025:02:54:43 +0000] "POST /api/v4/jobs/request HTTP/1.1" 204 0 "" "gitlab-runner 18.3.0 (18-3-stable; go1.24.4 X:cacheprog; linux/amd64)" -
172.18.0.1 - - [02/Sep/2025:02:54:46 +0000] "POST /api/v4/jobs/request HTTP/1.1" 204 0 "" "gitlab-runner 18.3.0 (18-3-stable; go1.24.4 X:cacheprog; linux/amd64)" -
127.0.0.1 - - [02/Sep/2025:02:54:47 +0000] "GET /help HTTP/1.1" 200 29533 "" "curl/8.14.1-DEV" -
172.18.0.1 - - [02/Sep/2025:02:54:49 +0000] "POST /api/v4/jobs/request HTTP/1.1" 204 0 "" "gitlab-runner 18.3.0 (18-3-stable; go1.24.4 X:cacheprog; linux/amd64)" -
172.18.0.1 - - [02/Sep/2025:02:54:52 +0000] "POST /api/v4/jobs/request HTTP/1.1" 204 0 "" "gitlab-runner 18.3.0 (18-3-stable; go1.24.4 X:cacheprog; linux/amd64)" -
172.18.0.1 - - [02/Sep/2025:02:54:55 +0000] "POST /api/v4/jobs/request HTTP/1.1" 204 0 "" "gitlab-runner 18.3.0 (18-3-stable; go1.24.4 X:cacheprog; linux/amd64)" -
172.18.0.1 - - [02/Sep/2025:02:54:57 +0000] "POST /api/v4/jobs/request HTTP/1.1" 204 0 "" "gitlab-runner 18.3.0 (18-3-stable; go1.24.4 X:cacheprog; linux/amd64)" -
172.18.0.1 - - [02/Sep/2025:02:55:00 +0000] "POST /api/v4/jobs/request HTTP/1.1" 204 0 "" "gitlab-runner 18.3.0 (18-3-stable; go1.24.4 X:cacheprog; linux/amd64)" -
172.18.0.1 - - [02/Sep/2025:02:55:02 +0000] "GET /root/devsecops.git/info/refs?service=git-receive-pack HTTP/1.1" 401 351 "" "git/2.43.0" -
172.18.0.1 - - [02/Sep/2025:02:55:03 +0000] "POST /api/v4/jobs/request HTTP/1.1" 204 0 "" "gitlab-runner 18.3.0 (18-3-stable; go1.24.4 X:cacheprog; linux/amd64)" -
172.18.0.1 - - [02/Sep/2025:02:55:06 +0000] "POST /api/v4/jobs/request HTTP/1.1" 204 0 "" "gitlab-runner 18.3.0 (18-3-stable; go1.24.4 X:cacheprog; linux/amd64)" -
172.18.0.1 - - [02/Sep/2025:02:55:08 +0000] "GET /root/devsecops.git/info/refs?service=git-receive-pack HTTP/1.1" 401 351 "" "git/2.43.0" -
172.18.0.1 - - [02/Sep/2025:02:55:09 +0000] "POST /api/v4/jobs/request HTTP/1.1" 204 0 "" "gitlab-runner 18.3.0 (18-3-stable; go1.24.4 X:cacheprog; linux/amd64)" -
172.18.0.1 - root [02/Sep/2025:02:55:11 +0000] "GET /root/devsecops.git/info/refs?service=git-receive-pack HTTP/1.1" 200 205 "" "git/2.43.0" -
172.18.0.1 - root [02/Sep/2025:02:55:12 +0000] "POST /root/devsecops.git/git-receive-pack HTTP/1.1" 200 52 "" "git/2.43.0" -
172.18.0.1 - - [02/Sep/2025:02:55:12 +0000] "POST /api/v4/jobs/request HTTP/1.1" 204 0 "" "gitlab-runner 18.3.0 (18-3-stable; go1.24.4 X:cacheprog; linux/amd64)" -
172.18.0.1 - - [02/Sep/2025:02:55:16 +0000] "POST /api/v4/jobs/request HTTP/1.1" 201 10002 "" "gitlab-runner 18.3.0 (18-3-stable; go1.24.4 X:cacheprog; linux/amd64)" -
172.18.0.1 - - [02/Sep/2025:02:55:19 +0000] "PATCH /api/v4/jobs/284/trace?debug_trace=false HTTP/1.1" 202 2 "" "gitlab-runner 18.3.0 (18-3-stable; go1.24.4 X:cacheprog; linux/amd64)" -
172.18.0.1 - - [02/Sep/2025:02:55:26 +0000] "GET /root/devsecops.git/info/refs?service=git-upload-pack HTTP/1.1" 200 163 "" "gitlab-runner 18.3.0 linux/amd64" -
172.18.0.1 - - [02/Sep/2025:02:55:26 +0000] "POST /root/devsecops.git/git-upload-pack HTTP/1.1" 200 131 "" "gitlab-runner 18.3.0 linux/amd64" -
172.18.0.1 - - [02/Sep/2025:02:55:26 +0000] "POST /root/devsecops.git/git-upload-pack HTTP/1.1" 200 1158 "" "gitlab-runner 18.3.0 linux/amd64" -
172.19.144.1 - - [02/Sep/2025:02:55:44 +0000] "POST /api/graphql HTTP/1.1" 200 191 "http://172.19.149.236:8099/root/devsecops/-/jobs/283" "Mozilla/5.0 (Windows NT 10.0; Win64; x64) AppleWebKit/537.36 (KHTML, like Gecko) Chrome/139.0.0.0 Safari/537.36" -
172.19.144.1 - - [02/Sep/2025:02:55:44 +0000] "POST /-/track_namespace_visits HTTP/1.1" 200 0 "http://172.19.149.236:8099/root/devsecops/-/jobs/283" "Mozilla/5.0 (Windows NT 10.0; Win64; x64) AppleWebKit/537.36 (KHTML, like Gecko) Chrome/139.0.0.0 Safari/537.36" -
172.19.144.1 - - [02/Sep/2025:02:55:44 +0000] "POST /api/graphql HTTP/1.1" 200 286 "http://172.19.149.236:8099/root/devsecops/-/jobs/283" "Mozilla/5.0 (Windows NT 10.0; Win64; x64) AppleWebKit/537.36 (KHTML, like Gecko) Chrome/139.0.0.0 Safari/537.36" 1.70
172.19.144.1 - - [02/Sep/2025:02:55:44 +0000] "POST /api/graphql HTTP/1.1" 200 286 "http://172.19.149.236:8099/root/devsecops/-/jobs/283" "Mozilla/5.0 (Windows NT 10.0; Win64; x64) AppleWebKit/537.36 (KHTML, like Gecko) Chrome/139.0.0.0 Safari/537.36" 1.70
172.19.144.1 - - [02/Sep/2025:02:55:44 +0000] "POST /-/collect_events HTTP/1.1" 200 0 "http://172.19.149.236:8099/root/devsecops/-/jobs/283" "Mozilla/5.0 (Windows NT 10.0; Win64; x64) AppleWebKit/537.36 (KHTML, like Gecko) Chrome/139.0.0.0 Safari/537.36" -
172.19.144.1 - - [02/Sep/2025:02:55:44 +0000] "POST /-/collect_events HTTP/1.1" 200 0 "http://172.19.149.236:8099/root/devsecops/-/jobs/283" "Mozilla/5.0 (Windows NT 10.0; Win64; x64) AppleWebKit/537.36 (KHTML, like Gecko) Chrome/139.0.0.0 Safari/537.36" -
127.0.0.1 - - [02/Sep/2025:02:55:46 +0000] "GET /help HTTP/1.1" 200 29533 "" "curl/8.14.1-DEV" -
172.19.144.1 - - [02/Sep/2025:02:55:48 +0000] "GET /root/devsecops/-/jobs/283/trace?state=eyJvZmZzZXQiOjY0NCwic3R5bGUiOnsiZmciOm51bGwsImJnIjpudWxsLCJtYXNrIjowfSwib3Blbl9zZWN0aW9ucyI6eyJwcmVwYXJlLWV4ZWN1dG9yIjoiMTc1Njc4MTQ3MCJ9fQ--56b5da00d682640bea9128740306163e242fa811ea5f975228a75159e67557cc HTTP/1.1" 200 1910 "http://172.19.149.236:8099/root/devsecops/-/jobs/283" "Mozilla/5.0 (Windows NT 10.0; Win64; x64) AppleWebKit/537.36 (KHTML, like Gecko) Chrome/139.0.0.0 Safari/537.36" 3.31
172.18.0.1 - - [02/Sep/2025:02:55:49 +0000] "PATCH /api/v4/jobs/284/trace?debug_trace=false HTTP/1.1" 202 2 "" "gitlab-runner 18.3.0 (18-3-stable; go1.24.4 X:cacheprog; linux/amd64)" -
172.18.0.1 - - [02/Sep/2025:02:55:49 +0000] "PUT /api/v4/jobs/284 HTTP/1.1" 200 3 "" "gitlab-runner 18.3.0 (18-3-stable; go1.24.4 X:cacheprog; linux/amd64)" -
172.19.144.1 - - [02/Sep/2025:02:55:50 +0000] "POST /root/devsecops/-/jobs/283/retry HTTP/1.1" 302 118 "http://172.19.149.236:8099/root/devsecops/-/jobs/283" "Mozilla/5.0 (Windows NT 10.0; Win64; x64) AppleWebKit/537.36 (KHTML, like Gecko) Chrome/139.0.0.0 Safari/537.36" -
172.19.144.1 - - [02/Sep/2025:02:55:51 +0000] "GET /root/devsecops/-/jobs/286 HTTP/1.1" 200 10168 "http://172.19.149.236:8099/root/devsecops/-/jobs/283" "Mozilla/5.0 (Windows NT 10.0; Win64; x64) AppleWebKit/537.36 (KHTML, like Gecko) Chrome/139.0.0.0 Safari/537.36" 3.80
172.19.144.1 - - [02/Sep/2025:02:55:51 +0000] "POST /api/graphql HTTP/1.1" 200 191 "http://172.19.149.236:8099/root/devsecops/-/jobs/286" "Mozilla/5.0 (Windows NT 10.0; Win64; x64) AppleWebKit/537.36 (KHTML, like Gecko) Chrome/139.0.0.0 Safari/537.36" -
172.19.144.1 - - [02/Sep/2025:02:55:51 +0000] "GET /-/cable HTTP/1.1" 101 1256 "" "Mozilla/5.0 (Windows NT 10.0; Win64; x64) AppleWebKit/537.36 (KHTML, like Gecko) Chrome/139.0.0.0 Safari/537.36" -
172.19.144.1 - - [02/Sep/2025:02:55:51 +0000] "POST /-/collect_events HTTP/1.1" 200 0 "http://172.19.149.236:8099/root/devsecops/-/jobs/286" "Mozilla/5.0 (Windows NT 10.0; Win64; x64) AppleWebKit/537.36 (KHTML, like Gecko) Chrome/139.0.0.0 Safari/537.36" -
172.19.144.1 - - [02/Sep/2025:02:55:51 +0000] "POST /-/collect_events HTTP/1.1" 200 0 "http://172.19.149.236:8099/root/devsecops/-/jobs/286" "Mozilla/5.0 (Windows NT 10.0; Win64; x64) AppleWebKit/537.36 (KHTML, like Gecko) Chrome/139.0.0.0 Safari/537.36" -
172.19.144.1 - - [02/Sep/2025:02:55:51 +0000] "GET /root/devsecops/-/jobs/286.json HTTP/1.1" 200 1876 "http://172.19.149.236:8099/root/devsecops/-/jobs/286" "Mozilla/5.0 (Windows NT 10.0; Win64; x64) AppleWebKit/537.36 (KHTML, like Gecko) Chrome/139.0.0.0 Safari/537.36" 2.95
172.19.144.1 - - [02/Sep/2025:02:55:51 +0000] "POST /api/graphql HTTP/1.1" 200 286 "http://172.19.149.236:8099/root/devsecops/-/jobs/286" "Mozilla/5.0 (Windows NT 10.0; Win64; x64) AppleWebKit/537.36 (KHTML, like Gecko) Chrome/139.0.0.0 Safari/537.36" 1.65
172.19.144.1 - - [02/Sep/2025:02:55:51 +0000] "POST /api/graphql HTTP/1.1" 200 286 "http://172.19.149.236:8099/root/devsecops/-/jobs/286" "Mozilla/5.0 (Windows NT 10.0; Win64; x64) AppleWebKit/537.36 (KHTML, like Gecko) Chrome/139.0.0.0 Safari/537.36" 1.65
172.19.144.1 - - [02/Sep/2025:02:55:51 +0000] "GET /root/devsecops/-/jobs/286/trace HTTP/1.1" 204 0 "http://172.19.149.236:8099/root/devsecops/-/jobs/286" "Mozilla/5.0 (Windows NT 10.0; Win64; x64) AppleWebKit/537.36 (KHTML, like Gecko) Chrome/139.0.0.0 Safari/537.36" -
